[0.015s] Invoking command in '/home/giulia0312/easywalk/build/pkg': CMAKE_PREFIX_PATH=${CMAKE_PREFIX_PATH}:/opt/ros/jazzy DEBUGINFOD_URLS=https://debuginfod.ubuntu.com /usr/bin/cmake /home/giulia0312/easywalk/src/pkg -DCMAKE_INSTALL_PREFIX=/home/giulia0312/easywalk/install/pkg
[0.036s] -- Found ament_cmake: 2.5.6 (/opt/ros/jazzy/share/ament_cmake/cmake)
[0.489s] -- Found rclcpp: 28.1.18 (/opt/ros/jazzy/share/rclcpp/cmake)
[0.553s] -- Found rosidl_generator_c: 4.6.7 (/opt/ros/jazzy/share/rosidl_generator_c/cmake)
[0.578s] -- Found rosidl_generator_cpp: 4.6.7 (/opt/ros/jazzy/share/rosidl_generator_cpp/cmake)
[0.608s] -- Using all available rosidl_typesupport_c: rosidl_typesupport_fastrtps_c;rosidl_typesupport_introspection_c
[0.642s] -- Using all available rosidl_typesupport_cpp: rosidl_typesupport_fastrtps_cpp;rosidl_typesupport_introspection_cpp
[0.742s] -- Found rmw_implementation_cmake: 7.3.3 (/opt/ros/jazzy/share/rmw_implementation_cmake/cmake)
[0.743s] -- Found rmw_fastrtps_cpp: 8.4.3 (/opt/ros/jazzy/share/rmw_fastrtps_cpp/cmake)
[0.845s] -- Using RMW implementation 'rmw_fastrtps_cpp' as default
[0.946s] -- Found std_msgs: 5.3.7 (/opt/ros/jazzy/share/std_msgs/cmake)
[0.966s] -- Found rosidl_default_generators: 1.6.0 (/opt/ros/jazzy/share/rosidl_default_generators/cmake)
[0.990s] -- Found rosidl_adapter: 4.6.7 (/opt/ros/jazzy/share/rosidl_adapter/cmake)
[2.059s] -- Found ament_cmake_ros: 0.12.0 (/opt/ros/jazzy/share/ament_cmake_ros/cmake)
[3.541s] -- Using all available rosidl_typesupport_c: rosidl_typesupport_fastrtps_c;rosidl_typesupport_introspection_c
[4.086s] -- Using all available rosidl_typesupport_cpp: rosidl_typesupport_fastrtps_cpp;rosidl_typesupport_introspection_cpp
[4.090s] -- Found python_cmake_module: 0.11.1 (/opt/ros/jazzy/share/python_cmake_module/cmake)
[4.353s] -- Found PythonExtra: /usr/bin/python3  
[5.102s] -- Found Python3: /usr/bin/python3 (found version "3.12.3") found components: Interpreter Development NumPy Development.Module Development.Embed 
[5.233s] -- Found Python3: /usr/bin/python3 (found version "3.12.3") found components: Interpreter 
[5.237s] -- Found ament_lint_auto: 0.17.5 (/opt/ros/jazzy/share/ament_lint_auto/cmake)
[5.249s] -- Added test 'cppcheck' to perform static code analysis on C / C++ code
[5.250s] -- Configured cppcheck include dirs: 
[5.250s] -- Configured cppcheck exclude dirs and/or files: 
[5.251s] -- Added test 'lint_cmake' to check CMake code style
[5.252s] -- Added test 'uncrustify' to check C / C++ code style
[5.252s] -- Configured uncrustify additional arguments: 
[5.253s] -- Added test 'xmllint' to check XML markup files
[5.259s] -- Configuring done (5.2s)
[5.316s] -- Generating done (0.0s)
[5.336s] -- Build files have been written to: /home/giulia0312/easywalk/build/pkg
[5.352s] Invoked command in '/home/giulia0312/easywalk/build/pkg' returned '0': CMAKE_PREFIX_PATH=${CMAKE_PREFIX_PATH}:/opt/ros/jazzy DEBUGINFOD_URLS=https://debuginfod.ubuntu.com /usr/bin/cmake /home/giulia0312/easywalk/src/pkg -DCMAKE_INSTALL_PREFIX=/home/giulia0312/easywalk/install/pkg
[5.354s] Invoking command in '/home/giulia0312/easywalk/build/pkg': CMAKE_PREFIX_PATH=${CMAKE_PREFIX_PATH}:/opt/ros/jazzy DEBUGINFOD_URLS=https://debuginfod.ubuntu.com /usr/bin/cmake --build /home/giulia0312/easywalk/build/pkg -- -j12 -l12
[5.431s] [  2%] [34m[1mGenerating type hashes for ROS interfaces[0m
[5.432s] [  5%] [34m[1mGenerating Rust code for ROS interfaces[0m
[5.445s] [  8%] [32mBuilding CXX object CMakeFiles/publisher.dir/src/uart.cpp.o[0m
[5.446s] [  8%] Built target ament_cmake_python_copy_pkg
[5.845s] [01m[K/home/giulia0312/easywalk/src/pkg/src/uart.cpp:15:10:[m[K [01;31m[Kfatal error: [m[Kloadcells_pkg/msg/loadcell_data.hpp: No such file or directory
[5.846s]    15 | #include [01;31m[K"loadcells_pkg/msg/loadcell_data.hpp"[m[K    //custom message
[5.846s]       |          [01;31m[K^~~~~~~~~~~~~~~~~~~~~~~~~~~~~~~~~~~~~[m[K
[5.846s] compilation terminated.
[5.850s] gmake[2]: *** [CMakeFiles/publisher.dir/build.make:76: CMakeFiles/publisher.dir/src/uart.cpp.o] Error 1
[5.851s] gmake[1]: *** [CMakeFiles/Makefile2:642: CMakeFiles/publisher.dir/all] Error 2
[5.851s] gmake[1]: *** Waiting for unfinished jobs....
[5.872s] running egg_info
[5.874s] creating pkg.egg-info
[5.902s] [  8%] Built target pkg__rosidl_generator_type_description
[5.904s] [  8%] Built target pkg__rs
[5.906s] writing pkg.egg-info/PKG-INFO
[5.907s] writing dependency_links to pkg.egg-info/dependency_links.txt
[5.907s] writing top-level names to pkg.egg-info/top_level.txt
[5.907s] writing manifest file 'pkg.egg-info/SOURCES.txt'
[5.984s] reading manifest file 'pkg.egg-info/SOURCES.txt'
[5.984s] writing manifest file 'pkg.egg-info/SOURCES.txt'
[6.032s] [  8%] Built target ament_cmake_python_build_pkg_egg
[6.035s] gmake: *** [Makefile:146: all] Error 2
[6.038s] Invoked command in '/home/giulia0312/easywalk/build/pkg' returned '2': CMAKE_PREFIX_PATH=${CMAKE_PREFIX_PATH}:/opt/ros/jazzy DEBUGINFOD_URLS=https://debuginfod.ubuntu.com /usr/bin/cmake --build /home/giulia0312/easywalk/build/pkg -- -j12 -l12
