[0.014s] Invoking command in '/home/giulia0312/easywalk/build/pkg': CMAKE_PREFIX_PATH=${CMAKE_PREFIX_PATH}:/opt/ros/jazzy DEBUGINFOD_URLS=https://debuginfod.ubuntu.com /usr/bin/cmake --build /home/giulia0312/easywalk/build/pkg -- -j12 -l12
[0.050s] -- Found ament_cmake: 2.5.6 (/opt/ros/jazzy/share/ament_cmake/cmake)
[0.198s] -- Found rclcpp: 28.1.18 (/opt/ros/jazzy/share/rclcpp/cmake)
[0.242s] -- Found rosidl_generator_c: 4.6.7 (/opt/ros/jazzy/share/rosidl_generator_c/cmake)
[0.255s] -- Found rosidl_generator_cpp: 4.6.7 (/opt/ros/jazzy/share/rosidl_generator_cpp/cmake)
[0.269s] -- Using all available rosidl_typesupport_c: rosidl_typesupport_fastrtps_c;rosidl_typesupport_introspection_c
[0.286s] -- Using all available rosidl_typesupport_cpp: rosidl_typesupport_fastrtps_cpp;rosidl_typesupport_introspection_cpp
[0.374s] -- Found rmw_implementation_cmake: 7.3.3 (/opt/ros/jazzy/share/rmw_implementation_cmake/cmake)
[0.376s] -- Found rmw_fastrtps_cpp: 8.4.3 (/opt/ros/jazzy/share/rmw_fastrtps_cpp/cmake)
[0.477s] -- Using RMW implementation 'rmw_fastrtps_cpp' as default
[0.569s] -- Found std_msgs: 5.3.7 (/opt/ros/jazzy/share/std_msgs/cmake)
[0.586s] -- Found rosidl_default_generators: 1.6.0 (/opt/ros/jazzy/share/rosidl_default_generators/cmake)
[0.599s] -- Found rosidl_adapter: 4.6.7 (/opt/ros/jazzy/share/rosidl_adapter/cmake)
[0.986s] -- Found ament_cmake_ros: 0.12.0 (/opt/ros/jazzy/share/ament_cmake_ros/cmake)
[1.285s] -- Using all available rosidl_typesupport_c: rosidl_typesupport_fastrtps_c;rosidl_typesupport_introspection_c
[1.395s] -- Using all available rosidl_typesupport_cpp: rosidl_typesupport_fastrtps_cpp;rosidl_typesupport_introspection_cpp
[1.397s] -- Found python_cmake_module: 0.11.1 (/opt/ros/jazzy/share/python_cmake_module/cmake)
[1.756s] -- Found Python3: /usr/bin/python3 (found version "3.12.3") found components: Interpreter Development NumPy Development.Module Development.Embed 
[1.854s] -- Found Python3: /usr/bin/python3 (found version "3.12.3") found components: Interpreter 
[1.859s] -- Found ament_lint_auto: 0.17.5 (/opt/ros/jazzy/share/ament_lint_auto/cmake)
[1.870s] -- Added test 'cppcheck' to perform static code analysis on C / C++ code
[1.871s] -- Configured cppcheck include dirs: 
[1.871s] -- Configured cppcheck exclude dirs and/or files: 
[1.872s] -- Added test 'lint_cmake' to check CMake code style
[1.873s] -- Added test 'uncrustify' to check C / C++ code style
[1.873s] -- Configured uncrustify additional arguments: 
[1.873s] -- Added test 'xmllint' to check XML markup files
[1.876s] -- Configuring done (1.8s)
[1.931s] -- Generating done (0.0s)
[1.950s] -- Build files have been written to: /home/giulia0312/easywalk/build/pkg
[2.012s] [  2%] Built target pkg__rs
[2.012s] [  5%] Built target pkg__rosidl_generator_type_description
[2.027s] [  5%] Built target ament_cmake_python_copy_pkg
[2.047s] [  8%] Built target pkg__cpp
[2.054s] [ 21%] Built target pkg__rosidl_generator_c
[2.095s] [ 29%] Built target pkg__rosidl_typesupport_c
[2.101s] [ 37%] Built target pkg__rosidl_typesupport_introspection_cpp
[2.105s] [ 45%] Built target pkg__rosidl_typesupport_introspection_c
[2.106s] [ 62%] Built target pkg__rosidl_typesupport_fastrtps_c
[2.107s] [ 62%] Built target pkg__rosidl_typesupport_fastrtps_cpp
[2.110s] [ 70%] Built target pkg__rosidl_typesupport_cpp
[2.144s] [ 70%] Built target pkg
[2.144s] [ 72%] [32mBuilding CXX object CMakeFiles/publisher.dir/src/serialNode.cpp.o[0m
[2.178s] [ 75%] Built target pkg__py
[2.213s] [ 81%] Built target pkg__rosidl_generator_py
[2.240s] [ 86%] Built target pkg_s__rosidl_typesupport_c
[2.243s] [ 91%] Built target pkg_s__rosidl_typesupport_introspection_c
[2.251s] [ 97%] Built target pkg_s__rosidl_typesupport_fastrtps_c
[2.312s] running egg_info
[2.332s] writing pkg.egg-info/PKG-INFO
[2.333s] writing dependency_links to pkg.egg-info/dependency_links.txt
[2.333s] writing top-level names to pkg.egg-info/top_level.txt
[2.390s] reading manifest file 'pkg.egg-info/SOURCES.txt'
[2.391s] writing manifest file 'pkg.egg-info/SOURCES.txt'
[2.432s] [ 97%] Built target ament_cmake_python_build_pkg_egg
[6.680s] [100%] [32m[1mLinking CXX executable publisher[0m
[6.897s] [100%] Built target publisher
[6.916s] Invoked command in '/home/giulia0312/easywalk/build/pkg' returned '0': CMAKE_PREFIX_PATH=${CMAKE_PREFIX_PATH}:/opt/ros/jazzy DEBUGINFOD_URLS=https://debuginfod.ubuntu.com /usr/bin/cmake --build /home/giulia0312/easywalk/build/pkg -- -j12 -l12
[6.932s] Invoking command in '/home/giulia0312/easywalk/build/pkg': CMAKE_PREFIX_PATH=${CMAKE_PREFIX_PATH}:/opt/ros/jazzy DEBUGINFOD_URLS=https://debuginfod.ubuntu.com /usr/bin/cmake --install /home/giulia0312/easywalk/build/pkg
[6.949s] -- Install configuration: ""
[6.950s] -- Up-to-date: /home/giulia0312/easywalk/install/pkg/share/ament_index/resource_index/rosidl_interfaces/pkg
[6.950s] -- Up-to-date: /home/giulia0312/easywalk/install/pkg/share/pkg/msg/LoadcellData.json
[6.950s] -- Up-to-date: /home/giulia0312/easywalk/install/pkg/include/pkg/pkg
[6.950s] -- Up-to-date: /home/giulia0312/easywalk/install/pkg/include/pkg/pkg/msg
[6.951s] -- Up-to-date: /home/giulia0312/easywalk/install/pkg/include/pkg/pkg/msg/detail
[6.951s] -- Up-to-date: /home/giulia0312/easywalk/install/pkg/include/pkg/pkg/msg/detail/loadcell_data__struct.h
[6.951s] -- Up-to-date: /home/giulia0312/easywalk/install/pkg/include/pkg/pkg/msg/detail/loadcell_data__functions.c
[6.951s] -- Up-to-date: /home/giulia0312/easywalk/install/pkg/include/pkg/pkg/msg/detail/loadcell_data__description.c
[6.952s] -- Up-to-date: /home/giulia0312/easywalk/install/pkg/include/pkg/pkg/msg/detail/loadcell_data__type_support.h
[6.952s] -- Up-to-date: /home/giulia0312/easywalk/install/pkg/include/pkg/pkg/msg/detail/loadcell_data__functions.h
[6.952s] -- Installing: /home/giulia0312/easywalk/install/pkg/include/pkg/pkg/msg/detail/loadcell_data__type_support.c
[6.952s] -- Up-to-date: /home/giulia0312/easywalk/install/pkg/include/pkg/pkg/msg/loadcell_data.h
[6.953s] -- Up-to-date: /home/giulia0312/easywalk/install/pkg/include/pkg/pkg/msg/rosidl_generator_c__visibility_control.h
[6.953s] -- Up-to-date: /home/giulia0312/easywalk/install/pkg/share/pkg/environment/library_path.sh
[6.953s] -- Up-to-date: /home/giulia0312/easywalk/install/pkg/share/pkg/environment/library_path.dsv
[6.953s] -- Up-to-date: /home/giulia0312/easywalk/install/pkg/lib/libpkg__rosidl_generator_c.so
[6.953s] -- Up-to-date: /home/giulia0312/easywalk/install/pkg/include/pkg/pkg
[6.954s] -- Up-to-date: /home/giulia0312/easywalk/install/pkg/include/pkg/pkg/msg
[6.954s] -- Up-to-date: /home/giulia0312/easywalk/install/pkg/include/pkg/pkg/msg/rosidl_typesupport_fastrtps_c__visibility_control.h
[6.954s] -- Up-to-date: /home/giulia0312/easywalk/install/pkg/include/pkg/pkg/msg/detail
[6.954s] -- Up-to-date: /home/giulia0312/easywalk/install/pkg/include/pkg/pkg/msg/detail/loadcell_data__rosidl_typesupport_fastrtps_c.h
[6.954s] -- Up-to-date: /home/giulia0312/easywalk/install/pkg/lib/libpkg__rosidl_typesupport_fastrtps_c.so
[6.955s] -- Up-to-date: /home/giulia0312/easywalk/install/pkg/include/pkg/pkg
[6.955s] -- Up-to-date: /home/giulia0312/easywalk/install/pkg/include/pkg/pkg/msg
[6.955s] -- Up-to-date: /home/giulia0312/easywalk/install/pkg/include/pkg/pkg/msg/loadcell_data.hpp
[6.955s] -- Up-to-date: /home/giulia0312/easywalk/install/pkg/include/pkg/pkg/msg/rosidl_generator_cpp__visibility_control.hpp
[6.955s] -- Up-to-date: /home/giulia0312/easywalk/install/pkg/include/pkg/pkg/msg/detail
[6.956s] -- Up-to-date: /home/giulia0312/easywalk/install/pkg/include/pkg/pkg/msg/detail/loadcell_data__type_support.hpp
[6.956s] -- Up-to-date: /home/giulia0312/easywalk/install/pkg/include/pkg/pkg/msg/detail/loadcell_data__traits.hpp
[6.956s] -- Up-to-date: /home/giulia0312/easywalk/install/pkg/include/pkg/pkg/msg/detail/loadcell_data__struct.hpp
[6.956s] -- Up-to-date: /home/giulia0312/easywalk/install/pkg/include/pkg/pkg/msg/detail/loadcell_data__builder.hpp
[6.956s] -- Up-to-date: /home/giulia0312/easywalk/install/pkg/include/pkg/pkg
[6.956s] -- Up-to-date: /home/giulia0312/easywalk/install/pkg/include/pkg/pkg/msg
[6.956s] -- Up-to-date: /home/giulia0312/easywalk/install/pkg/include/pkg/pkg/msg/rosidl_typesupport_fastrtps_cpp__visibility_control.h
[6.956s] -- Up-to-date: /home/giulia0312/easywalk/install/pkg/include/pkg/pkg/msg/detail
[6.956s] -- Up-to-date: /home/giulia0312/easywalk/install/pkg/include/pkg/pkg/msg/detail/loadcell_data__rosidl_typesupport_fastrtps_cpp.hpp
[6.957s] -- Up-to-date: /home/giulia0312/easywalk/install/pkg/include/pkg/pkg/msg/detail/dds_fastrtps
[6.957s] -- Up-to-date: /home/giulia0312/easywalk/install/pkg/lib/libpkg__rosidl_typesupport_fastrtps_cpp.so
[6.957s] -- Up-to-date: /home/giulia0312/easywalk/install/pkg/include/pkg/pkg
[6.957s] -- Up-to-date: /home/giulia0312/easywalk/install/pkg/include/pkg/pkg/msg
[6.957s] -- Up-to-date: /home/giulia0312/easywalk/install/pkg/include/pkg/pkg/msg/detail
[6.957s] -- Up-to-date: /home/giulia0312/easywalk/install/pkg/include/pkg/pkg/msg/detail/loadcell_data__rosidl_typesupport_introspection_c.h
[6.957s] -- Installing: /home/giulia0312/easywalk/install/pkg/include/pkg/pkg/msg/detail/loadcell_data__type_support.c
[6.957s] -- Up-to-date: /home/giulia0312/easywalk/install/pkg/include/pkg/pkg/msg/rosidl_typesupport_introspection_c__visibility_control.h
[6.957s] -- Up-to-date: /home/giulia0312/easywalk/install/pkg/lib/libpkg__rosidl_typesupport_introspection_c.so
[6.957s] -- Up-to-date: /home/giulia0312/easywalk/install/pkg/lib/libpkg__rosidl_typesupport_c.so
[6.957s] -- Up-to-date: /home/giulia0312/easywalk/install/pkg/include/pkg/pkg
[6.958s] -- Up-to-date: /home/giulia0312/easywalk/install/pkg/include/pkg/pkg/msg
[6.958s] -- Up-to-date: /home/giulia0312/easywalk/install/pkg/include/pkg/pkg/msg/detail
[6.958s] -- Up-to-date: /home/giulia0312/easywalk/install/pkg/include/pkg/pkg/msg/detail/loadcell_data__type_support.cpp
[6.958s] -- Up-to-date: /home/giulia0312/easywalk/install/pkg/include/pkg/pkg/msg/detail/loadcell_data__rosidl_typesupport_introspection_cpp.hpp
[6.958s] -- Up-to-date: /home/giulia0312/easywalk/install/pkg/lib/libpkg__rosidl_typesupport_introspection_cpp.so
[6.958s] -- Up-to-date: /home/giulia0312/easywalk/install/pkg/lib/libpkg__rosidl_typesupport_cpp.so
[6.958s] -- Up-to-date: /home/giulia0312/easywalk/install/pkg/share/pkg/environment/pythonpath.sh
[6.958s] -- Up-to-date: /home/giulia0312/easywalk/install/pkg/share/pkg/environment/pythonpath.dsv
[6.958s] -- Up-to-date: /home/giulia0312/easywalk/install/pkg/lib/python3.12/site-packages/pkg-0.0.0-py3.12.egg-info
[6.958s] -- Installing: /home/giulia0312/easywalk/install/pkg/lib/python3.12/site-packages/pkg-0.0.0-py3.12.egg-info/SOURCES.txt
[6.958s] -- Installing: /home/giulia0312/easywalk/install/pkg/lib/python3.12/site-packages/pkg-0.0.0-py3.12.egg-info/PKG-INFO
[6.959s] -- Installing: /home/giulia0312/easywalk/install/pkg/lib/python3.12/site-packages/pkg-0.0.0-py3.12.egg-info/top_level.txt
[6.959s] -- Installing: /home/giulia0312/easywalk/install/pkg/lib/python3.12/site-packages/pkg-0.0.0-py3.12.egg-info/dependency_links.txt
[6.959s] -- Up-to-date: /home/giulia0312/easywalk/install/pkg/lib/python3.12/site-packages/pkg
[6.959s] -- Up-to-date: /home/giulia0312/easywalk/install/pkg/lib/python3.12/site-packages/pkg/_pkg_s.ep.rosidl_typesupport_introspection_c.c
[6.959s] -- Up-to-date: /home/giulia0312/easywalk/install/pkg/lib/python3.12/site-packages/pkg/_pkg_s.ep.rosidl_typesupport_fastrtps_c.c
[6.959s] -- Up-to-date: /home/giulia0312/easywalk/install/pkg/lib/python3.12/site-packages/pkg/pkg_s__rosidl_typesupport_introspection_c.so
[6.959s] -- Up-to-date: /home/giulia0312/easywalk/install/pkg/lib/python3.12/site-packages/pkg/pkg_s__rosidl_typesupport_c.so
[6.959s] -- Up-to-date: /home/giulia0312/easywalk/install/pkg/lib/python3.12/site-packages/pkg/pkg_s__rosidl_typesupport_fastrtps_c.so
[6.959s] -- Installing: /home/giulia0312/easywalk/install/pkg/lib/python3.12/site-packages/pkg/__init__.py
[6.959s] -- Up-to-date: /home/giulia0312/easywalk/install/pkg/lib/python3.12/site-packages/pkg/_pkg_s.ep.rosidl_typesupport_c.c
[6.960s] -- Up-to-date: /home/giulia0312/easywalk/install/pkg/lib/python3.12/site-packages/pkg/msg
[6.960s] -- Up-to-date: /home/giulia0312/easywalk/install/pkg/lib/python3.12/site-packages/pkg/msg/__init__.py
[6.960s] -- Up-to-date: /home/giulia0312/easywalk/install/pkg/lib/python3.12/site-packages/pkg/msg/_loadcell_data.py
[6.960s] -- Up-to-date: /home/giulia0312/easywalk/install/pkg/lib/python3.12/site-packages/pkg/msg/_loadcell_data_s.c
[7.014s] Listing '/home/giulia0312/easywalk/install/pkg/lib/python3.12/site-packages/pkg'...
[7.014s] Compiling '/home/giulia0312/easywalk/install/pkg/lib/python3.12/site-packages/pkg/__init__.py'...
[7.014s] Listing '/home/giulia0312/easywalk/install/pkg/lib/python3.12/site-packages/pkg/msg'...
[7.024s] -- Up-to-date: /home/giulia0312/easywalk/install/pkg/lib/python3.12/site-packages/pkg/pkg_s__rosidl_typesupport_fastrtps_c.so
[7.024s] -- Up-to-date: /home/giulia0312/easywalk/install/pkg/lib/python3.12/site-packages/pkg/pkg_s__rosidl_typesupport_introspection_c.so
[7.024s] -- Up-to-date: /home/giulia0312/easywalk/install/pkg/lib/python3.12/site-packages/pkg/pkg_s__rosidl_typesupport_c.so
[7.025s] -- Up-to-date: /home/giulia0312/easywalk/install/pkg/lib/libpkg__rosidl_generator_py.so
[7.025s] -- Up-to-date: /home/giulia0312/easywalk/install/pkg/share/ament_index/resource_index/rust_packages/pkg
[7.025s] -- Up-to-date: /home/giulia0312/easywalk/install/pkg/share/pkg/rust
[7.025s] -- Up-to-date: /home/giulia0312/easywalk/install/pkg/share/pkg/rust/src
[7.025s] -- Up-to-date: /home/giulia0312/easywalk/install/pkg/share/pkg/rust/src/msg.rs
[7.026s] -- Up-to-date: /home/giulia0312/easywalk/install/pkg/share/pkg/rust/src/lib.rs
[7.026s] -- Up-to-date: /home/giulia0312/easywalk/install/pkg/share/pkg/rust/src/msg
[7.026s] -- Up-to-date: /home/giulia0312/easywalk/install/pkg/share/pkg/rust/src/msg/rmw.rs
[7.026s] -- Up-to-date: /home/giulia0312/easywalk/install/pkg/share/pkg/rust/build.rs
[7.026s] -- Up-to-date: /home/giulia0312/easywalk/install/pkg/share/pkg/rust/Cargo.toml
[7.026s] -- Up-to-date: /home/giulia0312/easywalk/install/pkg/share/pkg/msg/LoadcellData.idl
[7.026s] -- Up-to-date: /home/giulia0312/easywalk/install/pkg/share/pkg/msg/LoadcellData.msg
[7.026s] -- Up-to-date: /home/giulia0312/easywalk/install/pkg/share/ament_index/resource_index/package_run_dependencies/pkg
[7.026s] -- Installing: /home/giulia0312/easywalk/install/pkg/share/ament_index/resource_index/parent_prefix_path/pkg
[7.027s] -- Up-to-date: /home/giulia0312/easywalk/install/pkg/share/pkg/environment/ament_prefix_path.sh
[7.027s] -- Up-to-date: /home/giulia0312/easywalk/install/pkg/share/pkg/environment/ament_prefix_path.dsv
[7.027s] -- Up-to-date: /home/giulia0312/easywalk/install/pkg/share/pkg/environment/path.sh
[7.027s] -- Up-to-date: /home/giulia0312/easywalk/install/pkg/share/pkg/environment/path.dsv
[7.027s] -- Up-to-date: /home/giulia0312/easywalk/install/pkg/share/pkg/local_setup.bash
[7.027s] -- Up-to-date: /home/giulia0312/easywalk/install/pkg/share/pkg/local_setup.sh
[7.027s] -- Up-to-date: /home/giulia0312/easywalk/install/pkg/share/pkg/local_setup.zsh
[7.027s] -- Up-to-date: /home/giulia0312/easywalk/install/pkg/share/pkg/local_setup.dsv
[7.027s] -- Installing: /home/giulia0312/easywalk/install/pkg/share/pkg/package.dsv
[7.028s] -- Up-to-date: /home/giulia0312/easywalk/install/pkg/share/ament_index/resource_index/packages/pkg
[7.028s] -- Up-to-date: /home/giulia0312/easywalk/install/pkg/share/pkg/cmake/export_pkg__rosidl_generator_cExport.cmake
[7.028s] -- Up-to-date: /home/giulia0312/easywalk/install/pkg/share/pkg/cmake/export_pkg__rosidl_generator_cExport-noconfig.cmake
[7.028s] -- Up-to-date: /home/giulia0312/easywalk/install/pkg/share/pkg/cmake/export_pkg__rosidl_typesupport_fastrtps_cExport.cmake
[7.028s] -- Up-to-date: /home/giulia0312/easywalk/install/pkg/share/pkg/cmake/export_pkg__rosidl_typesupport_fastrtps_cExport-noconfig.cmake
[7.028s] -- Up-to-date: /home/giulia0312/easywalk/install/pkg/share/pkg/cmake/export_pkg__rosidl_generator_cppExport.cmake
[7.028s] -- Up-to-date: /home/giulia0312/easywalk/install/pkg/share/pkg/cmake/export_pkg__rosidl_typesupport_fastrtps_cppExport.cmake
[7.028s] -- Up-to-date: /home/giulia0312/easywalk/install/pkg/share/pkg/cmake/export_pkg__rosidl_typesupport_fastrtps_cppExport-noconfig.cmake
[7.028s] -- Up-to-date: /home/giulia0312/easywalk/install/pkg/share/pkg/cmake/pkg__rosidl_typesupport_introspection_cExport.cmake
[7.028s] -- Up-to-date: /home/giulia0312/easywalk/install/pkg/share/pkg/cmake/pkg__rosidl_typesupport_introspection_cExport-noconfig.cmake
[7.028s] -- Up-to-date: /home/giulia0312/easywalk/install/pkg/share/pkg/cmake/pkg__rosidl_typesupport_cExport.cmake
[7.028s] -- Up-to-date: /home/giulia0312/easywalk/install/pkg/share/pkg/cmake/pkg__rosidl_typesupport_cExport-noconfig.cmake
[7.029s] -- Up-to-date: /home/giulia0312/easywalk/install/pkg/share/pkg/cmake/pkg__rosidl_typesupport_introspection_cppExport.cmake
[7.029s] -- Up-to-date: /home/giulia0312/easywalk/install/pkg/share/pkg/cmake/pkg__rosidl_typesupport_introspection_cppExport-noconfig.cmake
[7.029s] -- Up-to-date: /home/giulia0312/easywalk/install/pkg/share/pkg/cmake/pkg__rosidl_typesupport_cppExport.cmake
[7.029s] -- Up-to-date: /home/giulia0312/easywalk/install/pkg/share/pkg/cmake/pkg__rosidl_typesupport_cppExport-noconfig.cmake
[7.029s] -- Up-to-date: /home/giulia0312/easywalk/install/pkg/share/pkg/cmake/export_pkg__rosidl_generator_pyExport.cmake
[7.029s] -- Up-to-date: /home/giulia0312/easywalk/install/pkg/share/pkg/cmake/export_pkg__rosidl_generator_pyExport-noconfig.cmake
[7.029s] -- Up-to-date: /home/giulia0312/easywalk/install/pkg/share/pkg/cmake/rosidl_cmake-extras.cmake
[7.029s] -- Up-to-date: /home/giulia0312/easywalk/install/pkg/share/pkg/cmake/ament_cmake_export_dependencies-extras.cmake
[7.029s] -- Up-to-date: /home/giulia0312/easywalk/install/pkg/share/pkg/cmake/ament_cmake_export_include_directories-extras.cmake
[7.029s] -- Up-to-date: /home/giulia0312/easywalk/install/pkg/share/pkg/cmake/ament_cmake_export_libraries-extras.cmake
[7.029s] -- Up-to-date: /home/giulia0312/easywalk/install/pkg/share/pkg/cmake/ament_cmake_export_targets-extras.cmake
[7.030s] -- Up-to-date: /home/giulia0312/easywalk/install/pkg/share/pkg/cmake/rosidl_cmake_export_typesupport_targets-extras.cmake
[7.030s] -- Up-to-date: /home/giulia0312/easywalk/install/pkg/share/pkg/cmake/rosidl_cmake_export_typesupport_libraries-extras.cmake
[7.030s] -- Up-to-date: /home/giulia0312/easywalk/install/pkg/share/pkg/cmake/pkgConfig.cmake
[7.030s] -- Up-to-date: /home/giulia0312/easywalk/install/pkg/share/pkg/cmake/pkgConfig-version.cmake
[7.030s] -- Installing: /home/giulia0312/easywalk/install/pkg/share/pkg/package.xml
[7.031s] Invoked command in '/home/giulia0312/easywalk/build/pkg' returned '0': CMAKE_PREFIX_PATH=${CMAKE_PREFIX_PATH}:/opt/ros/jazzy DEBUGINFOD_URLS=https://debuginfod.ubuntu.com /usr/bin/cmake --install /home/giulia0312/easywalk/build/pkg
