-- The C compiler identification is GNU 13.3.0
-- The CXX compiler identification is GNU 13.3.0
-- Detecting C compiler ABI info
-- Detecting C compiler ABI info - done
-- Check for working C compiler: /usr/bin/cc - skipped
-- Detecting C compile features
-- Detecting C compile features - done
-- Detecting CXX compiler ABI info
-- Detecting CXX compiler ABI info - done
-- Check for working CXX compiler: /usr/bin/c++ - skipped
-- Detecting CXX compile features
-- Detecting CXX compile features - done
-- Found ament_cmake: 2.5.6 (/opt/ros/jazzy/share/ament_cmake/cmake)
-- Found Python3: /usr/bin/python3 (found version "3.12.3") found components: Interpreter 
-- Found rclcpp: 28.1.18 (/opt/ros/jazzy/share/rclcpp/cmake)
-- Found rosidl_generator_c: 4.6.7 (/opt/ros/jazzy/share/rosidl_generator_c/cmake)
-- Found rosidl_generator_cpp: 4.6.7 (/opt/ros/jazzy/share/rosidl_generator_cpp/cmake)
-- Using all available rosidl_typesupport_c: rosidl_typesupport_fastrtps_c;rosidl_typesupport_introspection_c
-- Using all available rosidl_typesupport_cpp: rosidl_typesupport_fastrtps_cpp;rosidl_typesupport_introspection_cpp
-- Found rmw_implementation_cmake: 7.3.3 (/opt/ros/jazzy/share/rmw_implementation_cmake/cmake)
-- Found rmw_fastrtps_cpp: 8.4.3 (/opt/ros/jazzy/share/rmw_fastrtps_cpp/cmake)
-- Found OpenSSL: /usr/lib/x86_64-linux-gnu/libcrypto.so (found version "3.0.13")  
-- Found FastRTPS: /opt/ros/jazzy/include (Required is at least version "2.13") 
-- Using RMW implementation 'rmw_fastrtps_cpp' as default
-- Found std_msgs: 5.3.7 (/opt/ros/jazzy/share/std_msgs/cmake)
-- Found rosidl_default_generators: 1.6.0 (/opt/ros/jazzy/share/rosidl_default_generators/cmake)
-- Found rosidl_adapter: 4.6.7 (/opt/ros/jazzy/share/rosidl_adapter/cmake)
-- Found ament_cmake_ros: 0.12.0 (/opt/ros/jazzy/share/ament_cmake_ros/cmake)
-- Using all available rosidl_typesupport_c: rosidl_typesupport_fastrtps_c;rosidl_typesupport_introspection_c
-- Using all available rosidl_typesupport_cpp: rosidl_typesupport_fastrtps_cpp;rosidl_typesupport_introspection_cpp
-- Found python_cmake_module: 0.11.1 (/opt/ros/jazzy/share/python_cmake_module/cmake)
-- Found PythonExtra: /usr/bin/python3  
-- Found Python3: /usr/bin/python3 (found version "3.12.3") found components: Interpreter Development NumPy Development.Module Development.Embed 
-- Found Python3: /usr/bin/python3 (found version "3.12.3") found components: Interpreter 
-- Found ament_lint_auto: 0.17.5 (/opt/ros/jazzy/share/ament_lint_auto/cmake)
-- Added test 'cppcheck' to perform static code analysis on C / C++ code
-- Configured cppcheck include dirs: 
-- Configured cppcheck exclude dirs and/or files: 
-- Added test 'flake8' to check Python code syntax and style conventions
-- Configured 'flake8' exclude dirs and/or files: 
-- Added test 'lint_cmake' to check CMake code style
-- Added test 'pep257' to check Python code against some of the docstring style conventions in PEP 257
-- Added test 'uncrustify' to check C / C++ code style
-- Configured uncrustify additional arguments: 
-- Added test 'xmllint' to check XML markup files
-- Configuring done (4.5s)
-- Generating done (0.0s)
-- Build files have been written to: /home/giulia0312/easywalk/build/loadcells_pkg
[  2%] [34m[1mGenerating Rust code for ROS interfaces[0m
[  5%] [34m[1mGenerating type hashes for ROS interfaces[0m
[  5%] Built target ament_cmake_python_copy_loadcells_pkg
[  5%] Built target loadcells_pkg__rosidl_generator_type_description
running egg_info
creating loadcells_pkg.egg-info
[  7%] [34m[1mGenerating C code for ROS interfaces[0m
writing loadcells_pkg.egg-info/PKG-INFO
writing dependency_links to loadcells_pkg.egg-info/dependency_links.txt
writing top-level names to loadcells_pkg.egg-info/top_level.txt
writing manifest file 'loadcells_pkg.egg-info/SOURCES.txt'
[ 10%] [34m[1mGenerating C++ code for ROS interfaces[0m
[ 10%] Built target loadcells_pkg__rs
reading manifest file 'loadcells_pkg.egg-info/SOURCES.txt'
writing manifest file 'loadcells_pkg.egg-info/SOURCES.txt'
[ 10%] Built target ament_cmake_python_build_loadcells_pkg_egg
[ 10%] Built target loadcells_pkg__cpp
[ 12%] [32mBuilding C object CMakeFiles/loadcells_pkg__rosidl_generator_c.dir/rosidl_generator_c/loadcells_pkg/msg/detail/loadcell_data__functions.c.o[0m
[ 15%] [32mBuilding C object CMakeFiles/loadcells_pkg__rosidl_generator_c.dir/rosidl_generator_c/loadcells_pkg/msg/detail/loadcell_data__description.c.o[0m
[ 17%] [32mBuilding C object CMakeFiles/loadcells_pkg__rosidl_generator_c.dir/rosidl_generator_c/loadcells_pkg/msg/detail/loadcell_data__type_support.c.o[0m
[ 20%] [32m[1mLinking C shared library libloadcells_pkg__rosidl_generator_c.so[0m
[ 20%] Built target loadcells_pkg__rosidl_generator_c
[ 28%] [34m[1mGenerating C++ type support for eProsima Fast-RTPS[0m
[ 28%] [34m[1mGenerating C introspection for ROS interfaces[0m
[ 28%] [34m[1mGenerating C type support dispatch for ROS interfaces[0m
[ 30%] [34m[1mGenerating C++ introspection for ROS interfaces[0m
[ 33%] [34m[1mGenerating C type support for eProsima Fast-RTPS[0m
[ 35%] [34m[1mGenerating C++ type support dispatch for ROS interfaces[0m
[ 38%] [32mBuilding CXX object CMakeFiles/loadcells_pkg__rosidl_typesupport_introspection_cpp.dir/rosidl_typesupport_introspection_cpp/loadcells_pkg/msg/detail/loadcell_data__type_support.cpp.o[0m
[ 41%] [32mBuilding CXX object CMakeFiles/loadcells_pkg__rosidl_typesupport_fastrtps_cpp.dir/rosidl_typesupport_fastrtps_cpp/loadcells_pkg/msg/detail/dds_fastrtps/loadcell_data__type_support.cpp.o[0m
[ 43%] [32mBuilding C object CMakeFiles/loadcells_pkg__rosidl_typesupport_introspection_c.dir/rosidl_typesupport_introspection_c/loadcells_pkg/msg/detail/loadcell_data__type_support.c.o[0m
[ 46%] [32mBuilding CXX object CMakeFiles/loadcells_pkg__rosidl_typesupport_fastrtps_c.dir/rosidl_typesupport_fastrtps_c/loadcells_pkg/msg/detail/loadcell_data__type_support_c.cpp.o[0m
[ 48%] [32mBuilding CXX object CMakeFiles/loadcells_pkg__rosidl_typesupport_c.dir/rosidl_typesupport_c/loadcells_pkg/msg/loadcell_data__type_support.cpp.o[0m
[ 51%] [32m[1mLinking C shared library libloadcells_pkg__rosidl_typesupport_introspection_c.so[0m
[ 53%] [32mBuilding CXX object CMakeFiles/loadcells_pkg__rosidl_typesupport_cpp.dir/rosidl_typesupport_cpp/loadcells_pkg/msg/loadcell_data__type_support.cpp.o[0m
[ 56%] [32m[1mLinking CXX shared library libloadcells_pkg__rosidl_typesupport_c.so[0m
[ 56%] Built target loadcells_pkg__rosidl_typesupport_introspection_c
[ 56%] Built target loadcells_pkg__rosidl_typesupport_c
[ 58%] [32m[1mLinking CXX shared library libloadcells_pkg__rosidl_typesupport_introspection_cpp.so[0m
[ 61%] [32m[1mLinking CXX shared library libloadcells_pkg__rosidl_typesupport_cpp.so[0m
[ 61%] Built target loadcells_pkg__rosidl_typesupport_introspection_cpp
[ 61%] Built target loadcells_pkg__rosidl_typesupport_cpp
[ 64%] [32mBuilding CXX object CMakeFiles/loadcell_subscriber.dir/src/loadcell_subscriber.cpp.o[0m
[ 66%] [32mBuilding CXX object CMakeFiles/loadcell_publisher.dir/src/loadcell_publisher.cpp.o[0m
[ 69%] [32m[1mLinking CXX shared library libloadcells_pkg__rosidl_typesupport_fastrtps_cpp.so[0m
[ 71%] [32m[1mLinking CXX shared library libloadcells_pkg__rosidl_typesupport_fastrtps_c.so[0m
[ 71%] Built target loadcells_pkg__rosidl_typesupport_fastrtps_c
[ 71%] Built target loadcells_pkg__rosidl_typesupport_fastrtps_cpp
[ 71%] Built target loadcells_pkg
[ 74%] [34m[1mGenerating Python code for ROS interfaces[0m
[ 74%] Built target loadcells_pkg__py
[ 76%] [32mBuilding C object CMakeFiles/loadcells_pkg__rosidl_generator_py.dir/rosidl_generator_py/loadcells_pkg/msg/_loadcell_data_s.c.o[0m
[ 79%] [32m[1mLinking C shared library libloadcells_pkg__rosidl_generator_py.so[0m
[ 79%] Built target loadcells_pkg__rosidl_generator_py
[ 82%] [32mBuilding C object CMakeFiles/loadcells_pkg_s__rosidl_typesupport_fastrtps_c.dir/rosidl_generator_py/loadcells_pkg/_loadcells_pkg_s.ep.rosidl_typesupport_fastrtps_c.c.o[0m
[ 84%] [32mBuilding C object CMakeFiles/loadcells_pkg_s__rosidl_typesupport_introspection_c.dir/rosidl_generator_py/loadcells_pkg/_loadcells_pkg_s.ep.rosidl_typesupport_introspection_c.c.o[0m
[ 87%] [32mBuilding C object CMakeFiles/loadcells_pkg_s__rosidl_typesupport_c.dir/rosidl_generator_py/loadcells_pkg/_loadcells_pkg_s.ep.rosidl_typesupport_c.c.o[0m
[ 89%] [32m[1mLinking C shared module rosidl_generator_py/loadcells_pkg/loadcells_pkg_s__rosidl_typesupport_fastrtps_c.so[0m
[ 92%] [32m[1mLinking C shared module rosidl_generator_py/loadcells_pkg/loadcells_pkg_s__rosidl_typesupport_c.so[0m
[ 92%] Built target loadcells_pkg_s__rosidl_typesupport_fastrtps_c
[ 94%] [32m[1mLinking C shared module rosidl_generator_py/loadcells_pkg/loadcells_pkg_s__rosidl_typesupport_introspection_c.so[0m
[ 94%] Built target loadcells_pkg_s__rosidl_typesupport_c
[ 94%] Built target loadcells_pkg_s__rosidl_typesupport_introspection_c
[ 97%] [32m[1mLinking CXX executable loadcell_publisher[0m
[ 97%] Built target loadcell_publisher
[100%] [32m[1mLinking CXX executable loadcell_subscriber[0m
[100%] Built target loadcell_subscriber
-- Install configuration: ""
-- Installing: /home/giulia0312/easywalk/install/loadcells_pkg/share/ament_index/resource_index/rosidl_interfaces/loadcells_pkg
-- Installing: /home/giulia0312/easywalk/install/loadcells_pkg/share/loadcells_pkg/msg/LoadcellData.json
-- Installing: /home/giulia0312/easywalk/install/loadcells_pkg/include/loadcells_pkg/loadcells_pkg
-- Installing: /home/giulia0312/easywalk/install/loadcells_pkg/include/loadcells_pkg/loadcells_pkg/msg
-- Installing: /home/giulia0312/easywalk/install/loadcells_pkg/include/loadcells_pkg/loadcells_pkg/msg/detail
-- Installing: /home/giulia0312/easywalk/install/loadcells_pkg/include/loadcells_pkg/loadcells_pkg/msg/detail/loadcell_data__struct.h
-- Installing: /home/giulia0312/easywalk/install/loadcells_pkg/include/loadcells_pkg/loadcells_pkg/msg/detail/loadcell_data__functions.c
-- Installing: /home/giulia0312/easywalk/install/loadcells_pkg/include/loadcells_pkg/loadcells_pkg/msg/detail/loadcell_data__description.c
-- Installing: /home/giulia0312/easywalk/install/loadcells_pkg/include/loadcells_pkg/loadcells_pkg/msg/detail/loadcell_data__type_support.h
-- Installing: /home/giulia0312/easywalk/install/loadcells_pkg/include/loadcells_pkg/loadcells_pkg/msg/detail/loadcell_data__functions.h
-- Installing: /home/giulia0312/easywalk/install/loadcells_pkg/include/loadcells_pkg/loadcells_pkg/msg/detail/loadcell_data__type_support.c
-- Installing: /home/giulia0312/easywalk/install/loadcells_pkg/include/loadcells_pkg/loadcells_pkg/msg/loadcell_data.h
-- Installing: /home/giulia0312/easywalk/install/loadcells_pkg/include/loadcells_pkg/loadcells_pkg/msg/rosidl_generator_c__visibility_control.h
-- Installing: /home/giulia0312/easywalk/install/loadcells_pkg/share/loadcells_pkg/environment/library_path.sh
-- Installing: /home/giulia0312/easywalk/install/loadcells_pkg/share/loadcells_pkg/environment/library_path.dsv
-- Installing: /home/giulia0312/easywalk/install/loadcells_pkg/lib/libloadcells_pkg__rosidl_generator_c.so
-- Set non-toolchain portion of runtime path of "/home/giulia0312/easywalk/install/loadcells_pkg/lib/libloadcells_pkg__rosidl_generator_c.so" to ""
-- Up-to-date: /home/giulia0312/easywalk/install/loadcells_pkg/include/loadcells_pkg/loadcells_pkg
-- Up-to-date: /home/giulia0312/easywalk/install/loadcells_pkg/include/loadcells_pkg/loadcells_pkg/msg
-- Installing: /home/giulia0312/easywalk/install/loadcells_pkg/include/loadcells_pkg/loadcells_pkg/msg/rosidl_typesupport_fastrtps_c__visibility_control.h
-- Up-to-date: /home/giulia0312/easywalk/install/loadcells_pkg/include/loadcells_pkg/loadcells_pkg/msg/detail
-- Installing: /home/giulia0312/easywalk/install/loadcells_pkg/include/loadcells_pkg/loadcells_pkg/msg/detail/loadcell_data__rosidl_typesupport_fastrtps_c.h
-- Installing: /home/giulia0312/easywalk/install/loadcells_pkg/lib/libloadcells_pkg__rosidl_typesupport_fastrtps_c.so
-- Set non-toolchain portion of runtime path of "/home/giulia0312/easywalk/install/loadcells_pkg/lib/libloadcells_pkg__rosidl_typesupport_fastrtps_c.so" to ""
-- Up-to-date: /home/giulia0312/easywalk/install/loadcells_pkg/include/loadcells_pkg/loadcells_pkg
-- Up-to-date: /home/giulia0312/easywalk/install/loadcells_pkg/include/loadcells_pkg/loadcells_pkg/msg
-- Installing: /home/giulia0312/easywalk/install/loadcells_pkg/include/loadcells_pkg/loadcells_pkg/msg/loadcell_data.hpp
-- Installing: /home/giulia0312/easywalk/install/loadcells_pkg/include/loadcells_pkg/loadcells_pkg/msg/rosidl_generator_cpp__visibility_control.hpp
-- Up-to-date: /home/giulia0312/easywalk/install/loadcells_pkg/include/loadcells_pkg/loadcells_pkg/msg/detail
-- Installing: /home/giulia0312/easywalk/install/loadcells_pkg/include/loadcells_pkg/loadcells_pkg/msg/detail/loadcell_data__type_support.hpp
-- Installing: /home/giulia0312/easywalk/install/loadcells_pkg/include/loadcells_pkg/loadcells_pkg/msg/detail/loadcell_data__traits.hpp
-- Installing: /home/giulia0312/easywalk/install/loadcells_pkg/include/loadcells_pkg/loadcells_pkg/msg/detail/loadcell_data__struct.hpp
-- Installing: /home/giulia0312/easywalk/install/loadcells_pkg/include/loadcells_pkg/loadcells_pkg/msg/detail/loadcell_data__builder.hpp
-- Up-to-date: /home/giulia0312/easywalk/install/loadcells_pkg/include/loadcells_pkg/loadcells_pkg
-- Up-to-date: /home/giulia0312/easywalk/install/loadcells_pkg/include/loadcells_pkg/loadcells_pkg/msg
-- Installing: /home/giulia0312/easywalk/install/loadcells_pkg/include/loadcells_pkg/loadcells_pkg/msg/rosidl_typesupport_fastrtps_cpp__visibility_control.h
-- Up-to-date: /home/giulia0312/easywalk/install/loadcells_pkg/include/loadcells_pkg/loadcells_pkg/msg/detail
-- Installing: /home/giulia0312/easywalk/install/loadcells_pkg/include/loadcells_pkg/loadcells_pkg/msg/detail/loadcell_data__rosidl_typesupport_fastrtps_cpp.hpp
-- Installing: /home/giulia0312/easywalk/install/loadcells_pkg/include/loadcells_pkg/loadcells_pkg/msg/detail/dds_fastrtps
-- Installing: /home/giulia0312/easywalk/install/loadcells_pkg/lib/libloadcells_pkg__rosidl_typesupport_fastrtps_cpp.so
-- Set non-toolchain portion of runtime path of "/home/giulia0312/easywalk/install/loadcells_pkg/lib/libloadcells_pkg__rosidl_typesupport_fastrtps_cpp.so" to ""
-- Up-to-date: /home/giulia0312/easywalk/install/loadcells_pkg/include/loadcells_pkg/loadcells_pkg
-- Up-to-date: /home/giulia0312/easywalk/install/loadcells_pkg/include/loadcells_pkg/loadcells_pkg/msg
-- Up-to-date: /home/giulia0312/easywalk/install/loadcells_pkg/include/loadcells_pkg/loadcells_pkg/msg/detail
-- Installing: /home/giulia0312/easywalk/install/loadcells_pkg/include/loadcells_pkg/loadcells_pkg/msg/detail/loadcell_data__rosidl_typesupport_introspection_c.h
-- Up-to-date: /home/giulia0312/easywalk/install/loadcells_pkg/include/loadcells_pkg/loadcells_pkg/msg/detail/loadcell_data__type_support.c
-- Installing: /home/giulia0312/easywalk/install/loadcells_pkg/include/loadcells_pkg/loadcells_pkg/msg/rosidl_typesupport_introspection_c__visibility_control.h
-- Installing: /home/giulia0312/easywalk/install/loadcells_pkg/lib/libloadcells_pkg__rosidl_typesupport_introspection_c.so
-- Set non-toolchain portion of runtime path of "/home/giulia0312/easywalk/install/loadcells_pkg/lib/libloadcells_pkg__rosidl_typesupport_introspection_c.so" to ""
-- Installing: /home/giulia0312/easywalk/install/loadcells_pkg/lib/libloadcells_pkg__rosidl_typesupport_c.so
-- Set non-toolchain portion of runtime path of "/home/giulia0312/easywalk/install/loadcells_pkg/lib/libloadcells_pkg__rosidl_typesupport_c.so" to ""
-- Up-to-date: /home/giulia0312/easywalk/install/loadcells_pkg/include/loadcells_pkg/loadcells_pkg
-- Up-to-date: /home/giulia0312/easywalk/install/loadcells_pkg/include/loadcells_pkg/loadcells_pkg/msg
-- Up-to-date: /home/giulia0312/easywalk/install/loadcells_pkg/include/loadcells_pkg/loadcells_pkg/msg/detail
-- Installing: /home/giulia0312/easywalk/install/loadcells_pkg/include/loadcells_pkg/loadcells_pkg/msg/detail/loadcell_data__type_support.cpp
-- Installing: /home/giulia0312/easywalk/install/loadcells_pkg/include/loadcells_pkg/loadcells_pkg/msg/detail/loadcell_data__rosidl_typesupport_introspection_cpp.hpp
-- Installing: /home/giulia0312/easywalk/install/loadcells_pkg/lib/libloadcells_pkg__rosidl_typesupport_introspection_cpp.so
-- Set non-toolchain portion of runtime path of "/home/giulia0312/easywalk/install/loadcells_pkg/lib/libloadcells_pkg__rosidl_typesupport_introspection_cpp.so" to ""
-- Installing: /home/giulia0312/easywalk/install/loadcells_pkg/lib/libloadcells_pkg__rosidl_typesupport_cpp.so
-- Set non-toolchain portion of runtime path of "/home/giulia0312/easywalk/install/loadcells_pkg/lib/libloadcells_pkg__rosidl_typesupport_cpp.so" to ""
-- Installing: /home/giulia0312/easywalk/install/loadcells_pkg/share/loadcells_pkg/environment/pythonpath.sh
-- Installing: /home/giulia0312/easywalk/install/loadcells_pkg/share/loadcells_pkg/environment/pythonpath.dsv
-- Installing: /home/giulia0312/easywalk/install/loadcells_pkg/lib/python3.12/site-packages/loadcells_pkg-0.0.0-py3.12.egg-info
-- Installing: /home/giulia0312/easywalk/install/loadcells_pkg/lib/python3.12/site-packages/loadcells_pkg-0.0.0-py3.12.egg-info/SOURCES.txt
-- Installing: /home/giulia0312/easywalk/install/loadcells_pkg/lib/python3.12/site-packages/loadcells_pkg-0.0.0-py3.12.egg-info/PKG-INFO
-- Installing: /home/giulia0312/easywalk/install/loadcells_pkg/lib/python3.12/site-packages/loadcells_pkg-0.0.0-py3.12.egg-info/top_level.txt
-- Installing: /home/giulia0312/easywalk/install/loadcells_pkg/lib/python3.12/site-packages/loadcells_pkg-0.0.0-py3.12.egg-info/dependency_links.txt
-- Installing: /home/giulia0312/easywalk/install/loadcells_pkg/lib/python3.12/site-packages/loadcells_pkg
-- Installing: /home/giulia0312/easywalk/install/loadcells_pkg/lib/python3.12/site-packages/loadcells_pkg/loadcells_pkg_s__rosidl_typesupport_introspection_c.so
-- Installing: /home/giulia0312/easywalk/install/loadcells_pkg/lib/python3.12/site-packages/loadcells_pkg/_loadcells_pkg_s.ep.rosidl_typesupport_c.c
-- Installing: /home/giulia0312/easywalk/install/loadcells_pkg/lib/python3.12/site-packages/loadcells_pkg/loadcells_pkg_s__rosidl_typesupport_fastrtps_c.so
-- Installing: /home/giulia0312/easywalk/install/loadcells_pkg/lib/python3.12/site-packages/loadcells_pkg/loadcells_pkg_s__rosidl_typesupport_c.so
-- Installing: /home/giulia0312/easywalk/install/loadcells_pkg/lib/python3.12/site-packages/loadcells_pkg/__init__.py
-- Installing: /home/giulia0312/easywalk/install/loadcells_pkg/lib/python3.12/site-packages/loadcells_pkg/_loadcells_pkg_s.ep.rosidl_typesupport_introspection_c.c
-- Installing: /home/giulia0312/easywalk/install/loadcells_pkg/lib/python3.12/site-packages/loadcells_pkg/_loadcells_pkg_s.ep.rosidl_typesupport_fastrtps_c.c
-- Installing: /home/giulia0312/easywalk/install/loadcells_pkg/lib/python3.12/site-packages/loadcells_pkg/msg
-- Installing: /home/giulia0312/easywalk/install/loadcells_pkg/lib/python3.12/site-packages/loadcells_pkg/msg/__init__.py
-- Installing: /home/giulia0312/easywalk/install/loadcells_pkg/lib/python3.12/site-packages/loadcells_pkg/msg/_loadcell_data.py
-- Installing: /home/giulia0312/easywalk/install/loadcells_pkg/lib/python3.12/site-packages/loadcells_pkg/msg/_loadcell_data_s.c
Listing '/home/giulia0312/easywalk/install/loadcells_pkg/lib/python3.12/site-packages/loadcells_pkg'...
Compiling '/home/giulia0312/easywalk/install/loadcells_pkg/lib/python3.12/site-packages/loadcells_pkg/__init__.py'...
Listing '/home/giulia0312/easywalk/install/loadcells_pkg/lib/python3.12/site-packages/loadcells_pkg/msg'...
Compiling '/home/giulia0312/easywalk/install/loadcells_pkg/lib/python3.12/site-packages/loadcells_pkg/msg/__init__.py'...
Compiling '/home/giulia0312/easywalk/install/loadcells_pkg/lib/python3.12/site-packages/loadcells_pkg/msg/_loadcell_data.py'...
-- Installing: /home/giulia0312/easywalk/install/loadcells_pkg/lib/python3.12/site-packages/loadcells_pkg/loadcells_pkg_s__rosidl_typesupport_fastrtps_c.so
-- Set non-toolchain portion of runtime path of "/home/giulia0312/easywalk/install/loadcells_pkg/lib/python3.12/site-packages/loadcells_pkg/loadcells_pkg_s__rosidl_typesupport_fastrtps_c.so" to ""
-- Installing: /home/giulia0312/easywalk/install/loadcells_pkg/lib/python3.12/site-packages/loadcells_pkg/loadcells_pkg_s__rosidl_typesupport_introspection_c.so
-- Set non-toolchain portion of runtime path of "/home/giulia0312/easywalk/install/loadcells_pkg/lib/python3.12/site-packages/loadcells_pkg/loadcells_pkg_s__rosidl_typesupport_introspection_c.so" to ""
-- Installing: /home/giulia0312/easywalk/install/loadcells_pkg/lib/python3.12/site-packages/loadcells_pkg/loadcells_pkg_s__rosidl_typesupport_c.so
-- Set non-toolchain portion of runtime path of "/home/giulia0312/easywalk/install/loadcells_pkg/lib/python3.12/site-packages/loadcells_pkg/loadcells_pkg_s__rosidl_typesupport_c.so" to ""
-- Installing: /home/giulia0312/easywalk/install/loadcells_pkg/lib/libloadcells_pkg__rosidl_generator_py.so
-- Set non-toolchain portion of runtime path of "/home/giulia0312/easywalk/install/loadcells_pkg/lib/libloadcells_pkg__rosidl_generator_py.so" to ""
-- Installing: /home/giulia0312/easywalk/install/loadcells_pkg/share/ament_index/resource_index/rust_packages/loadcells_pkg
-- Installing: /home/giulia0312/easywalk/install/loadcells_pkg/share/loadcells_pkg/rust
-- Installing: /home/giulia0312/easywalk/install/loadcells_pkg/share/loadcells_pkg/rust/src
-- Installing: /home/giulia0312/easywalk/install/loadcells_pkg/share/loadcells_pkg/rust/src/msg.rs
-- Installing: /home/giulia0312/easywalk/install/loadcells_pkg/share/loadcells_pkg/rust/src/lib.rs
-- Installing: /home/giulia0312/easywalk/install/loadcells_pkg/share/loadcells_pkg/rust/src/msg
-- Installing: /home/giulia0312/easywalk/install/loadcells_pkg/share/loadcells_pkg/rust/src/msg/rmw.rs
-- Installing: /home/giulia0312/easywalk/install/loadcells_pkg/share/loadcells_pkg/rust/build.rs
-- Installing: /home/giulia0312/easywalk/install/loadcells_pkg/share/loadcells_pkg/rust/Cargo.toml
-- Installing: /home/giulia0312/easywalk/install/loadcells_pkg/share/loadcells_pkg/msg/LoadcellData.idl
-- Installing: /home/giulia0312/easywalk/install/loadcells_pkg/share/loadcells_pkg/msg/LoadcellData.msg
-- Installing: /home/giulia0312/easywalk/install/loadcells_pkg/lib/loadcells_pkg/loadcell_publisher
-- Set non-toolchain portion of runtime path of "/home/giulia0312/easywalk/install/loadcells_pkg/lib/loadcells_pkg/loadcell_publisher" to ""
-- Installing: /home/giulia0312/easywalk/install/loadcells_pkg/lib/loadcells_pkg/loadcell_subscriber
-- Set non-toolchain portion of runtime path of "/home/giulia0312/easywalk/install/loadcells_pkg/lib/loadcells_pkg/loadcell_subscriber" to ""
-- Installing: /home/giulia0312/easywalk/install/loadcells_pkg/share/ament_index/resource_index/package_run_dependencies/loadcells_pkg
-- Installing: /home/giulia0312/easywalk/install/loadcells_pkg/share/ament_index/resource_index/parent_prefix_path/loadcells_pkg
-- Installing: /home/giulia0312/easywalk/install/loadcells_pkg/share/loadcells_pkg/environment/ament_prefix_path.sh
-- Installing: /home/giulia0312/easywalk/install/loadcells_pkg/share/loadcells_pkg/environment/ament_prefix_path.dsv
-- Installing: /home/giulia0312/easywalk/install/loadcells_pkg/share/loadcells_pkg/environment/path.sh
-- Installing: /home/giulia0312/easywalk/install/loadcells_pkg/share/loadcells_pkg/environment/path.dsv
-- Installing: /home/giulia0312/easywalk/install/loadcells_pkg/share/loadcells_pkg/local_setup.bash
-- Installing: /home/giulia0312/easywalk/install/loadcells_pkg/share/loadcells_pkg/local_setup.sh
-- Installing: /home/giulia0312/easywalk/install/loadcells_pkg/share/loadcells_pkg/local_setup.zsh
-- Installing: /home/giulia0312/easywalk/install/loadcells_pkg/share/loadcells_pkg/local_setup.dsv
-- Installing: /home/giulia0312/easywalk/install/loadcells_pkg/share/loadcells_pkg/package.dsv
-- Installing: /home/giulia0312/easywalk/install/loadcells_pkg/share/ament_index/resource_index/packages/loadcells_pkg
-- Installing: /home/giulia0312/easywalk/install/loadcells_pkg/share/loadcells_pkg/cmake/export_loadcells_pkg__rosidl_generator_cExport.cmake
-- Installing: /home/giulia0312/easywalk/install/loadcells_pkg/share/loadcells_pkg/cmake/export_loadcells_pkg__rosidl_generator_cExport-noconfig.cmake
-- Installing: /home/giulia0312/easywalk/install/loadcells_pkg/share/loadcells_pkg/cmake/export_loadcells_pkg__rosidl_typesupport_fastrtps_cExport.cmake
-- Installing: /home/giulia0312/easywalk/install/loadcells_pkg/share/loadcells_pkg/cmake/export_loadcells_pkg__rosidl_typesupport_fastrtps_cExport-noconfig.cmake
-- Installing: /home/giulia0312/easywalk/install/loadcells_pkg/share/loadcells_pkg/cmake/export_loadcells_pkg__rosidl_generator_cppExport.cmake
-- Installing: /home/giulia0312/easywalk/install/loadcells_pkg/share/loadcells_pkg/cmake/export_loadcells_pkg__rosidl_typesupport_fastrtps_cppExport.cmake
-- Installing: /home/giulia0312/easywalk/install/loadcells_pkg/share/loadcells_pkg/cmake/export_loadcells_pkg__rosidl_typesupport_fastrtps_cppExport-noconfig.cmake
-- Installing: /home/giulia0312/easywalk/install/loadcells_pkg/share/loadcells_pkg/cmake/loadcells_pkg__rosidl_typesupport_introspection_cExport.cmake
-- Installing: /home/giulia0312/easywalk/install/loadcells_pkg/share/loadcells_pkg/cmake/loadcells_pkg__rosidl_typesupport_introspection_cExport-noconfig.cmake
-- Installing: /home/giulia0312/easywalk/install/loadcells_pkg/share/loadcells_pkg/cmake/loadcells_pkg__rosidl_typesupport_cExport.cmake
-- Installing: /home/giulia0312/easywalk/install/loadcells_pkg/share/loadcells_pkg/cmake/loadcells_pkg__rosidl_typesupport_cExport-noconfig.cmake
-- Installing: /home/giulia0312/easywalk/install/loadcells_pkg/share/loadcells_pkg/cmake/loadcells_pkg__rosidl_typesupport_introspection_cppExport.cmake
-- Installing: /home/giulia0312/easywalk/install/loadcells_pkg/share/loadcells_pkg/cmake/loadcells_pkg__rosidl_typesupport_introspection_cppExport-noconfig.cmake
-- Installing: /home/giulia0312/easywalk/install/loadcells_pkg/share/loadcells_pkg/cmake/loadcells_pkg__rosidl_typesupport_cppExport.cmake
-- Installing: /home/giulia0312/easywalk/install/loadcells_pkg/share/loadcells_pkg/cmake/loadcells_pkg__rosidl_typesupport_cppExport-noconfig.cmake
-- Installing: /home/giulia0312/easywalk/install/loadcells_pkg/share/loadcells_pkg/cmake/export_loadcells_pkg__rosidl_generator_pyExport.cmake
-- Installing: /home/giulia0312/easywalk/install/loadcells_pkg/share/loadcells_pkg/cmake/export_loadcells_pkg__rosidl_generator_pyExport-noconfig.cmake
-- Installing: /home/giulia0312/easywalk/install/loadcells_pkg/share/loadcells_pkg/cmake/rosidl_cmake-extras.cmake
-- Installing: /home/giulia0312/easywalk/install/loadcells_pkg/share/loadcells_pkg/cmake/ament_cmake_export_dependencies-extras.cmake
-- Installing: /home/giulia0312/easywalk/install/loadcells_pkg/share/loadcells_pkg/cmake/ament_cmake_export_include_directories-extras.cmake
-- Installing: /home/giulia0312/easywalk/install/loadcells_pkg/share/loadcells_pkg/cmake/ament_cmake_export_libraries-extras.cmake
-- Installing: /home/giulia0312/easywalk/install/loadcells_pkg/share/loadcells_pkg/cmake/ament_cmake_export_targets-extras.cmake
-- Installing: /home/giulia0312/easywalk/install/loadcells_pkg/share/loadcells_pkg/cmake/rosidl_cmake_export_typesupport_targets-extras.cmake
-- Installing: /home/giulia0312/easywalk/install/loadcells_pkg/share/loadcells_pkg/cmake/rosidl_cmake_export_typesupport_libraries-extras.cmake
-- Installing: /home/giulia0312/easywalk/install/loadcells_pkg/share/loadcells_pkg/cmake/loadcells_pkgConfig.cmake
-- Installing: /home/giulia0312/easywalk/install/loadcells_pkg/share/loadcells_pkg/cmake/loadcells_pkgConfig-version.cmake
-- Installing: /home/giulia0312/easywalk/install/loadcells_pkg/share/loadcells_pkg/package.xml
