[0.116s] DEBUG:colcon:Command line arguments: ['/usr/bin/colcon', 'build']
[0.117s] DEBUG:colcon:Parsed command line arguments: Namespace(log_base=None, log_level=None, verb_name='build', build_base='build', install_base='install', merge_install=False, symlink_install=False, test_result_base=None, continue_on_error=False, executor='parallel', parallel_workers=12, event_handlers=None, ignore_user_meta=False, metas=['./colcon.meta'], base_paths=['.'], packages_ignore=None, packages_ignore_regex=None, paths=None, packages_up_to=None, packages_up_to_regex=None, packages_above=None, packages_above_and_dependencies=None, packages_above_depth=None, packages_select_by_dep=None, packages_skip_by_dep=None, packages_skip_up_to=None, packages_select_build_failed=False, packages_skip_build_finished=False, packages_select_test_failures=False, packages_skip_test_passed=False, packages_select=None, packages_skip=None, packages_select_regex=None, packages_skip_regex=None, packages_start=None, packages_end=None, allow_overriding=[], cmake_args=None, cmake_target=None, cmake_target_skip_unavailable=False, cmake_clean_cache=False, cmake_clean_first=False, cmake_force_configure=False, ament_cmake_args=None, catkin_cmake_args=None, catkin_skip_building_tests=False, mixin_files=None, mixin=None, verb_parser=<colcon_mixin.mixin.mixin_argument.MixinArgumentDecorator object at 0x7f55a636b920>, verb_extension=<colcon_core.verb.build.BuildVerb object at 0x7f55a648b5f0>, main=<bound method BuildVerb.main of <colcon_core.verb.build.BuildVerb object at 0x7f55a648b5f0>>, mixin_verb=('build',))
[0.161s] Level 1:colcon.colcon_core.package_discovery:discover_packages(colcon_meta) check parameters
[0.161s] Level 1:colcon.colcon_core.package_discovery:discover_packages(recursive) check parameters
[0.161s] Level 1:colcon.colcon_core.package_discovery:discover_packages(ignore) check parameters
[0.161s] Level 1:colcon.colcon_core.package_discovery:discover_packages(path) check parameters
[0.161s] Level 1:colcon.colcon_core.package_discovery:discover_packages(colcon_meta) discover
[0.162s] Level 1:colcon.colcon_core.package_discovery:discover_packages(recursive) discover
[0.162s] INFO:colcon.colcon_core.package_discovery:Crawling recursively for packages in '/home/giulia0312/easywalk'
[0.162s] Level 1:colcon.colcon_core.package_identification:_identify(.) by extensions ['ignore', 'ignore_ament_install']
[0.162s] Level 1:colcon.colcon_core.package_identification:_identify(.) by extension 'ignore'
[0.162s] Level 1:colcon.colcon_core.package_identification:_identify(.) by extension 'ignore_ament_install'
[0.162s] Level 1:colcon.colcon_core.package_identification:_identify(.) by extensions ['colcon_pkg']
[0.162s] Level 1:colcon.colcon_core.package_identification:_identify(.) by extension 'colcon_pkg'
[0.162s] Level 1:colcon.colcon_core.package_identification:_identify(.) by extensions ['colcon_meta']
[0.162s] Level 1:colcon.colcon_core.package_identification:_identify(.) by extension 'colcon_meta'
[0.162s] Level 1:colcon.colcon_core.package_identification:_identify(.) by extensions ['ros']
[0.162s] Level 1:colcon.colcon_core.package_identification:_identify(.) by extension 'ros'
[0.193s] Level 1:colcon.colcon_core.package_identification:_identify(.) by extensions ['cmake', 'python']
[0.193s] Level 1:colcon.colcon_core.package_identification:_identify(.) by extension 'cmake'
[0.193s] Level 1:colcon.colcon_core.package_identification:_identify(.) by extension 'python'
[0.193s] Level 1:colcon.colcon_core.package_identification:_identify(.) by extensions ['python_setup_py']
[0.193s] Level 1:colcon.colcon_core.package_identification:_identify(.) by extension 'python_setup_py'
[0.193s] Level 1:colcon.colcon_core.package_identification:_identify(build) by extensions ['ignore', 'ignore_ament_install']
[0.193s] Level 1:colcon.colcon_core.package_identification:_identify(build) by extension 'ignore'
[0.193s] Level 1:colcon.colcon_core.package_identification:_identify(build) ignored
[0.194s] Level 1:colcon.colcon_core.package_identification:_identify(install) by extensions ['ignore', 'ignore_ament_install']
[0.194s] Level 1:colcon.colcon_core.package_identification:_identify(install) by extension 'ignore'
[0.194s] Level 1:colcon.colcon_core.package_identification:_identify(install) ignored
[0.194s] Level 1:colcon.colcon_core.package_identification:_identify(log) by extensions ['ignore', 'ignore_ament_install']
[0.194s] Level 1:colcon.colcon_core.package_identification:_identify(log) by extension 'ignore'
[0.194s] Level 1:colcon.colcon_core.package_identification:_identify(log) ignored
[0.194s] Level 1:colcon.colcon_core.package_identification:_identify(src) by extensions ['ignore', 'ignore_ament_install']
[0.194s] Level 1:colcon.colcon_core.package_identification:_identify(src) by extension 'ignore'
[0.194s] Level 1:colcon.colcon_core.package_identification:_identify(src) by extension 'ignore_ament_install'
[0.195s] Level 1:colcon.colcon_core.package_identification:_identify(src) by extensions ['colcon_pkg']
[0.195s] Level 1:colcon.colcon_core.package_identification:_identify(src) by extension 'colcon_pkg'
[0.195s] Level 1:colcon.colcon_core.package_identification:_identify(src) by extensions ['colcon_meta']
[0.195s] Level 1:colcon.colcon_core.package_identification:_identify(src) by extension 'colcon_meta'
[0.195s] Level 1:colcon.colcon_core.package_identification:_identify(src) by extensions ['ros']
[0.195s] Level 1:colcon.colcon_core.package_identification:_identify(src) by extension 'ros'
[0.195s] Level 1:colcon.colcon_core.package_identification:_identify(src) by extensions ['cmake', 'python']
[0.195s] Level 1:colcon.colcon_core.package_identification:_identify(src) by extension 'cmake'
[0.195s] Level 1:colcon.colcon_core.package_identification:_identify(src) by extension 'python'
[0.196s] Level 1:colcon.colcon_core.package_identification:_identify(src) by extensions ['python_setup_py']
[0.196s] Level 1:colcon.colcon_core.package_identification:_identify(src) by extension 'python_setup_py'
[0.196s] Level 1:colcon.colcon_core.package_identification:_identify(src/loadcells_pkg) by extensions ['ignore', 'ignore_ament_install']
[0.196s] Level 1:colcon.colcon_core.package_identification:_identify(src/loadcells_pkg) by extension 'ignore'
[0.196s] Level 1:colcon.colcon_core.package_identification:_identify(src/loadcells_pkg) by extension 'ignore_ament_install'
[0.196s] Level 1:colcon.colcon_core.package_identification:_identify(src/loadcells_pkg) by extensions ['colcon_pkg']
[0.196s] Level 1:colcon.colcon_core.package_identification:_identify(src/loadcells_pkg) by extension 'colcon_pkg'
[0.196s] Level 1:colcon.colcon_core.package_identification:_identify(src/loadcells_pkg) by extensions ['colcon_meta']
[0.196s] Level 1:colcon.colcon_core.package_identification:_identify(src/loadcells_pkg) by extension 'colcon_meta'
[0.196s] Level 1:colcon.colcon_core.package_identification:_identify(src/loadcells_pkg) by extensions ['ros']
[0.196s] Level 1:colcon.colcon_core.package_identification:_identify(src/loadcells_pkg) by extension 'ros'
[0.200s] DEBUG:colcon.colcon_core.package_identification:Package 'src/loadcells_pkg' with type 'ros.ament_cmake' and name 'loadcells_pkg'
[0.200s] Level 1:colcon.colcon_core.package_discovery:discover_packages(recursive) using defaults
[0.200s] Level 1:colcon.colcon_core.package_discovery:discover_packages(ignore) discover
[0.200s] Level 1:colcon.colcon_core.package_discovery:discover_packages(ignore) using defaults
[0.200s] Level 1:colcon.colcon_core.package_discovery:discover_packages(path) discover
[0.200s] Level 1:colcon.colcon_core.package_discovery:discover_packages(path) using defaults
[0.221s] Level 1:colcon.colcon_core.package_discovery:discover_packages(prefix_path) check parameters
[0.221s] Level 1:colcon.colcon_core.package_discovery:discover_packages(prefix_path) discover
[0.223s] DEBUG:colcon.colcon_installed_package_information.package_discovery:Found 1 installed packages in /home/giulia0312/easywalk/install
[0.224s] DEBUG:colcon.colcon_installed_package_information.package_discovery:Found 287 installed packages in /opt/ros/jazzy
[0.226s] Level 1:colcon.colcon_core.package_discovery:discover_packages(prefix_path) using defaults
[0.265s] Level 5:colcon.colcon_core.verb:set package 'loadcells_pkg' build argument 'cmake_args' from command line to 'None'
[0.265s] Level 5:colcon.colcon_core.verb:set package 'loadcells_pkg' build argument 'cmake_target' from command line to 'None'
[0.265s] Level 5:colcon.colcon_core.verb:set package 'loadcells_pkg' build argument 'cmake_target_skip_unavailable' from command line to 'False'
[0.265s] Level 5:colcon.colcon_core.verb:set package 'loadcells_pkg' build argument 'cmake_clean_cache' from command line to 'False'
[0.265s] Level 5:colcon.colcon_core.verb:set package 'loadcells_pkg' build argument 'cmake_clean_first' from command line to 'False'
[0.266s] Level 5:colcon.colcon_core.verb:set package 'loadcells_pkg' build argument 'cmake_force_configure' from command line to 'False'
[0.266s] Level 5:colcon.colcon_core.verb:set package 'loadcells_pkg' build argument 'ament_cmake_args' from command line to 'None'
[0.266s] Level 5:colcon.colcon_core.verb:set package 'loadcells_pkg' build argument 'catkin_cmake_args' from command line to 'None'
[0.266s] Level 5:colcon.colcon_core.verb:set package 'loadcells_pkg' build argument 'catkin_skip_building_tests' from command line to 'False'
[0.266s] DEBUG:colcon.colcon_core.verb:Building package 'loadcells_pkg' with the following arguments: {'ament_cmake_args': None, 'build_base': '/home/giulia0312/easywalk/build/loadcells_pkg', 'catkin_cmake_args': None, 'catkin_skip_building_tests': False, 'cmake_args': None, 'cmake_clean_cache': False, 'cmake_clean_first': False, 'cmake_force_configure': False, 'cmake_target': None, 'cmake_target_skip_unavailable': False, 'install_base': '/home/giulia0312/easywalk/install/loadcells_pkg', 'merge_install': False, 'path': '/home/giulia0312/easywalk/src/loadcells_pkg', 'symlink_install': False, 'test_result_base': None}
[0.266s] INFO:colcon.colcon_core.executor:Executing jobs using 'parallel' executor
[0.267s] DEBUG:colcon.colcon_parallel_executor.executor.parallel:run_until_complete
[0.268s] INFO:colcon.colcon_ros.task.ament_cmake.build:Building ROS package in '/home/giulia0312/easywalk/src/loadcells_pkg' with build type 'ament_cmake'
[0.268s] INFO:colcon.colcon_cmake.task.cmake.build:Building CMake package in '/home/giulia0312/easywalk/src/loadcells_pkg'
[0.272s] INFO:colcon.colcon_core.plugin_system:Skipping extension 'colcon_core.shell.bat': Not used on non-Windows systems
[0.272s] INFO:colcon.colcon_core.shell:Skip shell extension 'powershell' for command environment: Not usable outside of PowerShell
[0.272s] DEBUG:colcon.colcon_core.shell:Skip shell extension 'dsv' for command environment
[0.284s] DEBUG:colcon.colcon_core.event_handler.log_command:Invoking command in '/home/giulia0312/easywalk/build/loadcells_pkg': CMAKE_PREFIX_PATH=${CMAKE_PREFIX_PATH}:/opt/ros/jazzy DEBUGINFOD_URLS=https://debuginfod.ubuntu.com /usr/bin/cmake /home/giulia0312/easywalk/src/loadcells_pkg -DCMAKE_INSTALL_PREFIX=/home/giulia0312/easywalk/install/loadcells_pkg
[2.229s] DEBUG:colcon.colcon_core.event_handler.log_command:Invoked command in '/home/giulia0312/easywalk/build/loadcells_pkg' returned '0': CMAKE_PREFIX_PATH=${CMAKE_PREFIX_PATH}:/opt/ros/jazzy DEBUGINFOD_URLS=https://debuginfod.ubuntu.com /usr/bin/cmake /home/giulia0312/easywalk/src/loadcells_pkg -DCMAKE_INSTALL_PREFIX=/home/giulia0312/easywalk/install/loadcells_pkg
[2.230s] DEBUG:colcon.colcon_core.event_handler.log_command:Invoking command in '/home/giulia0312/easywalk/build/loadcells_pkg': CMAKE_PREFIX_PATH=${CMAKE_PREFIX_PATH}:/opt/ros/jazzy DEBUGINFOD_URLS=https://debuginfod.ubuntu.com /usr/bin/cmake --build /home/giulia0312/easywalk/build/loadcells_pkg -- -j12 -l12
[11.002s] DEBUG:colcon.colcon_core.event_handler.log_command:Invoked command in '/home/giulia0312/easywalk/build/loadcells_pkg' returned '0': CMAKE_PREFIX_PATH=${CMAKE_PREFIX_PATH}:/opt/ros/jazzy DEBUGINFOD_URLS=https://debuginfod.ubuntu.com /usr/bin/cmake --build /home/giulia0312/easywalk/build/loadcells_pkg -- -j12 -l12
[11.015s] DEBUG:colcon.colcon_core.event_handler.log_command:Invoking command in '/home/giulia0312/easywalk/build/loadcells_pkg': CMAKE_PREFIX_PATH=${CMAKE_PREFIX_PATH}:/opt/ros/jazzy DEBUGINFOD_URLS=https://debuginfod.ubuntu.com /usr/bin/cmake --install /home/giulia0312/easywalk/build/loadcells_pkg
[11.107s] Level 1:colcon.colcon_core.environment:create_environment_scripts_only(loadcells_pkg)
[11.108s] DEBUG:colcon.colcon_core.event_handler.log_command:Invoked command in '/home/giulia0312/easywalk/build/loadcells_pkg' returned '0': CMAKE_PREFIX_PATH=${CMAKE_PREFIX_PATH}:/opt/ros/jazzy DEBUGINFOD_URLS=https://debuginfod.ubuntu.com /usr/bin/cmake --install /home/giulia0312/easywalk/build/loadcells_pkg
[11.112s] Level 1:colcon.colcon_core.environment:checking '/home/giulia0312/easywalk/install/loadcells_pkg' for CMake module files
[11.114s] Level 1:colcon.colcon_core.environment:checking '/home/giulia0312/easywalk/install/loadcells_pkg' for CMake config files
[11.115s] Level 1:colcon.colcon_core.shell:create_environment_hook('loadcells_pkg', 'cmake_prefix_path')
[11.116s] INFO:colcon.colcon_core.shell:Creating environment hook '/home/giulia0312/easywalk/install/loadcells_pkg/share/loadcells_pkg/hook/cmake_prefix_path.ps1'
[11.117s] INFO:colcon.colcon_core.shell:Creating environment descriptor '/home/giulia0312/easywalk/install/loadcells_pkg/share/loadcells_pkg/hook/cmake_prefix_path.dsv'
[11.118s] INFO:colcon.colcon_core.shell:Creating environment hook '/home/giulia0312/easywalk/install/loadcells_pkg/share/loadcells_pkg/hook/cmake_prefix_path.sh'
[11.120s] Level 1:colcon.colcon_core.environment:checking '/home/giulia0312/easywalk/install/loadcells_pkg/lib'
[11.120s] Level 1:colcon.colcon_core.shell:create_environment_hook('loadcells_pkg', 'ld_library_path_lib')
[11.121s] INFO:colcon.colcon_core.shell:Creating environment hook '/home/giulia0312/easywalk/install/loadcells_pkg/share/loadcells_pkg/hook/ld_library_path_lib.ps1'
[11.121s] INFO:colcon.colcon_core.shell:Creating environment descriptor '/home/giulia0312/easywalk/install/loadcells_pkg/share/loadcells_pkg/hook/ld_library_path_lib.dsv'
[11.122s] INFO:colcon.colcon_core.shell:Creating environment hook '/home/giulia0312/easywalk/install/loadcells_pkg/share/loadcells_pkg/hook/ld_library_path_lib.sh'
[11.122s] Level 1:colcon.colcon_core.environment:checking '/home/giulia0312/easywalk/install/loadcells_pkg/bin'
[11.122s] Level 1:colcon.colcon_core.environment:checking '/home/giulia0312/easywalk/install/loadcells_pkg/lib/pkgconfig/loadcells_pkg.pc'
[11.122s] Level 1:colcon.colcon_core.environment:checking '/home/giulia0312/easywalk/install/loadcells_pkg/lib/python3.12/site-packages'
[11.123s] Level 1:colcon.colcon_core.shell:create_environment_hook('loadcells_pkg', 'pythonpath')
[11.123s] INFO:colcon.colcon_core.shell:Creating environment hook '/home/giulia0312/easywalk/install/loadcells_pkg/share/loadcells_pkg/hook/pythonpath.ps1'
[11.123s] INFO:colcon.colcon_core.shell:Creating environment descriptor '/home/giulia0312/easywalk/install/loadcells_pkg/share/loadcells_pkg/hook/pythonpath.dsv'
[11.124s] INFO:colcon.colcon_core.shell:Creating environment hook '/home/giulia0312/easywalk/install/loadcells_pkg/share/loadcells_pkg/hook/pythonpath.sh'
[11.124s] Level 1:colcon.colcon_core.environment:checking '/home/giulia0312/easywalk/install/loadcells_pkg/bin'
[11.125s] INFO:colcon.colcon_core.shell:Creating package script '/home/giulia0312/easywalk/install/loadcells_pkg/share/loadcells_pkg/package.ps1'
[11.126s] INFO:colcon.colcon_core.shell:Creating package descriptor '/home/giulia0312/easywalk/install/loadcells_pkg/share/loadcells_pkg/package.dsv'
[11.127s] INFO:colcon.colcon_core.shell:Creating package script '/home/giulia0312/easywalk/install/loadcells_pkg/share/loadcells_pkg/package.sh'
[11.127s] INFO:colcon.colcon_core.shell:Creating package script '/home/giulia0312/easywalk/install/loadcells_pkg/share/loadcells_pkg/package.bash'
[11.128s] INFO:colcon.colcon_core.shell:Creating package script '/home/giulia0312/easywalk/install/loadcells_pkg/share/loadcells_pkg/package.zsh'
[11.129s] Level 1:colcon.colcon_core.environment:create_file_with_runtime_dependencies(/home/giulia0312/easywalk/install/loadcells_pkg/share/colcon-core/packages/loadcells_pkg)
[11.130s] Level 1:colcon.colcon_core.environment:create_environment_scripts_only(loadcells_pkg)
[11.130s] Level 1:colcon.colcon_core.environment:checking '/home/giulia0312/easywalk/install/loadcells_pkg' for CMake module files
[11.131s] Level 1:colcon.colcon_core.environment:checking '/home/giulia0312/easywalk/install/loadcells_pkg' for CMake config files
[11.131s] Level 1:colcon.colcon_core.shell:create_environment_hook('loadcells_pkg', 'cmake_prefix_path')
[11.131s] INFO:colcon.colcon_core.shell:Creating environment hook '/home/giulia0312/easywalk/install/loadcells_pkg/share/loadcells_pkg/hook/cmake_prefix_path.ps1'
[11.132s] INFO:colcon.colcon_core.shell:Creating environment descriptor '/home/giulia0312/easywalk/install/loadcells_pkg/share/loadcells_pkg/hook/cmake_prefix_path.dsv'
[11.132s] INFO:colcon.colcon_core.shell:Creating environment hook '/home/giulia0312/easywalk/install/loadcells_pkg/share/loadcells_pkg/hook/cmake_prefix_path.sh'
[11.133s] Level 1:colcon.colcon_core.environment:checking '/home/giulia0312/easywalk/install/loadcells_pkg/lib'
[11.134s] Level 1:colcon.colcon_core.shell:create_environment_hook('loadcells_pkg', 'ld_library_path_lib')
[11.134s] INFO:colcon.colcon_core.shell:Creating environment hook '/home/giulia0312/easywalk/install/loadcells_pkg/share/loadcells_pkg/hook/ld_library_path_lib.ps1'
[11.134s] INFO:colcon.colcon_core.shell:Creating environment descriptor '/home/giulia0312/easywalk/install/loadcells_pkg/share/loadcells_pkg/hook/ld_library_path_lib.dsv'
[11.135s] INFO:colcon.colcon_core.shell:Creating environment hook '/home/giulia0312/easywalk/install/loadcells_pkg/share/loadcells_pkg/hook/ld_library_path_lib.sh'
[11.135s] Level 1:colcon.colcon_core.environment:checking '/home/giulia0312/easywalk/install/loadcells_pkg/bin'
[11.135s] Level 1:colcon.colcon_core.environment:checking '/home/giulia0312/easywalk/install/loadcells_pkg/lib/pkgconfig/loadcells_pkg.pc'
[11.136s] Level 1:colcon.colcon_core.environment:checking '/home/giulia0312/easywalk/install/loadcells_pkg/lib/python3.12/site-packages'
[11.136s] Level 1:colcon.colcon_core.shell:create_environment_hook('loadcells_pkg', 'pythonpath')
[11.136s] INFO:colcon.colcon_core.shell:Creating environment hook '/home/giulia0312/easywalk/install/loadcells_pkg/share/loadcells_pkg/hook/pythonpath.ps1'
[11.136s] INFO:colcon.colcon_core.shell:Creating environment descriptor '/home/giulia0312/easywalk/install/loadcells_pkg/share/loadcells_pkg/hook/pythonpath.dsv'
[11.137s] INFO:colcon.colcon_core.shell:Creating environment hook '/home/giulia0312/easywalk/install/loadcells_pkg/share/loadcells_pkg/hook/pythonpath.sh'
[11.137s] Level 1:colcon.colcon_core.environment:checking '/home/giulia0312/easywalk/install/loadcells_pkg/bin'
[11.138s] INFO:colcon.colcon_core.shell:Creating package script '/home/giulia0312/easywalk/install/loadcells_pkg/share/loadcells_pkg/package.ps1'
[11.138s] INFO:colcon.colcon_core.shell:Creating package descriptor '/home/giulia0312/easywalk/install/loadcells_pkg/share/loadcells_pkg/package.dsv'
[11.139s] INFO:colcon.colcon_core.shell:Creating package script '/home/giulia0312/easywalk/install/loadcells_pkg/share/loadcells_pkg/package.sh'
[11.139s] INFO:colcon.colcon_core.shell:Creating package script '/home/giulia0312/easywalk/install/loadcells_pkg/share/loadcells_pkg/package.bash'
[11.140s] INFO:colcon.colcon_core.shell:Creating package script '/home/giulia0312/easywalk/install/loadcells_pkg/share/loadcells_pkg/package.zsh'
[11.140s] Level 1:colcon.colcon_core.environment:create_file_with_runtime_dependencies(/home/giulia0312/easywalk/install/loadcells_pkg/share/colcon-core/packages/loadcells_pkg)
[11.140s] DEBUG:colcon.colcon_parallel_executor.executor.parallel:closing loop
[11.141s] DEBUG:colcon.colcon_parallel_executor.executor.parallel:loop closed
[11.141s] DEBUG:colcon.colcon_parallel_executor.executor.parallel:run_until_complete finished with '0'
[11.141s] DEBUG:colcon.colcon_core.event_reactor:joining thread
[11.147s] INFO:colcon.colcon_core.plugin_system:Skipping extension 'colcon_notification.desktop_notification.terminal_notifier': Not used on non-Darwin systems
[11.147s] INFO:colcon.colcon_core.plugin_system:Skipping extension 'colcon_notification.desktop_notification.win32': Not used on non-Windows systems
[11.147s] INFO:colcon.colcon_notification.desktop_notification:Sending desktop notification using 'notify2'
[11.175s] DEBUG:colcon.colcon_core.event_reactor:joined thread
[11.176s] INFO:colcon.colcon_core.shell:Creating prefix script '/home/giulia0312/easywalk/install/local_setup.ps1'
[11.178s] INFO:colcon.colcon_core.shell:Creating prefix util module '/home/giulia0312/easywalk/install/_local_setup_util_ps1.py'
[11.179s] INFO:colcon.colcon_core.shell:Creating prefix chain script '/home/giulia0312/easywalk/install/setup.ps1'
[11.181s] INFO:colcon.colcon_core.shell:Creating prefix script '/home/giulia0312/easywalk/install/local_setup.sh'
[11.181s] INFO:colcon.colcon_core.shell:Creating prefix util module '/home/giulia0312/easywalk/install/_local_setup_util_sh.py'
[11.182s] INFO:colcon.colcon_core.shell:Creating prefix chain script '/home/giulia0312/easywalk/install/setup.sh'
[11.183s] INFO:colcon.colcon_core.shell:Creating prefix script '/home/giulia0312/easywalk/install/local_setup.bash'
[11.184s] INFO:colcon.colcon_core.shell:Creating prefix chain script '/home/giulia0312/easywalk/install/setup.bash'
[11.185s] INFO:colcon.colcon_core.shell:Creating prefix script '/home/giulia0312/easywalk/install/local_setup.zsh'
[11.186s] INFO:colcon.colcon_core.shell:Creating prefix chain script '/home/giulia0312/easywalk/install/setup.zsh'
