[0.014s] Invoking command in '/home/giulia0312/easywalk/build/pkg': CMAKE_PREFIX_PATH=${CMAKE_PREFIX_PATH}:/opt/ros/jazzy DEBUGINFOD_URLS=https://debuginfod.ubuntu.com /usr/bin/cmake /home/giulia0312/easywalk/src/pkg -DCMAKE_EXPORT_COMPILE_COMMANDS=ON -DCMAKE_INSTALL_PREFIX=/home/giulia0312/easywalk/install/pkg
[0.033s] -- Found ament_cmake: 2.5.6 (/opt/ros/jazzy/share/ament_cmake/cmake)
[0.402s] -- Found ament_lint_auto: 0.17.5 (/opt/ros/jazzy/share/ament_lint_auto/cmake)
[0.557s] -- Added test 'cppcheck' to perform static code analysis on C / C++ code
[0.557s] -- Configured cppcheck include dirs: 
[0.557s] -- Configured cppcheck exclude dirs and/or files: 
[0.557s] -- Added test 'lint_cmake' to check CMake code style
[0.558s] -- Added test 'uncrustify' to check C / C++ code style
[0.558s] -- Configured uncrustify additional arguments: 
[0.559s] -- Added test 'xmllint' to check XML markup files
[0.560s] -- Configuring done (0.5s)
[0.563s] -- Generating done (0.0s)
[0.564s] [33mCMake Warning:
[0.564s]   Manually-specified variables were not used by the project:
[0.565s] 
[0.565s]     CMAKE_EXPORT_COMPILE_COMMANDS
[0.565s] 
[0.565s] [0m
[0.566s] -- Build files have been written to: /home/giulia0312/easywalk/build/pkg
[0.570s] Invoked command in '/home/giulia0312/easywalk/build/pkg' returned '0': CMAKE_PREFIX_PATH=${CMAKE_PREFIX_PATH}:/opt/ros/jazzy DEBUGINFOD_URLS=https://debuginfod.ubuntu.com /usr/bin/cmake /home/giulia0312/easywalk/src/pkg -DCMAKE_EXPORT_COMPILE_COMMANDS=ON -DCMAKE_INSTALL_PREFIX=/home/giulia0312/easywalk/install/pkg
[0.573s] Invoking command in '/home/giulia0312/easywalk/build/pkg': CMAKE_PREFIX_PATH=${CMAKE_PREFIX_PATH}:/opt/ros/jazzy DEBUGINFOD_URLS=https://debuginfod.ubuntu.com /usr/bin/cmake --build /home/giulia0312/easywalk/build/pkg -- -j12 -l12
[0.635s] Invoked command in '/home/giulia0312/easywalk/build/pkg' returned '0': CMAKE_PREFIX_PATH=${CMAKE_PREFIX_PATH}:/opt/ros/jazzy DEBUGINFOD_URLS=https://debuginfod.ubuntu.com /usr/bin/cmake --build /home/giulia0312/easywalk/build/pkg -- -j12 -l12
[0.651s] Invoking command in '/home/giulia0312/easywalk/build/pkg': CMAKE_PREFIX_PATH=${CMAKE_PREFIX_PATH}:/opt/ros/jazzy DEBUGINFOD_URLS=https://debuginfod.ubuntu.com /usr/bin/cmake --install /home/giulia0312/easywalk/build/pkg
[0.668s] -- Install configuration: ""
[0.669s] -- Up-to-date: /home/giulia0312/easywalk/install/pkg/share/ament_index/resource_index/package_run_dependencies/pkg
[0.669s] -- Up-to-date: /home/giulia0312/easywalk/install/pkg/share/ament_index/resource_index/parent_prefix_path/pkg
[0.669s] -- Up-to-date: /home/giulia0312/easywalk/install/pkg/share/pkg/environment/ament_prefix_path.sh
[0.670s] -- Up-to-date: /home/giulia0312/easywalk/install/pkg/share/pkg/environment/ament_prefix_path.dsv
[0.670s] -- Up-to-date: /home/giulia0312/easywalk/install/pkg/share/pkg/environment/path.sh
[0.670s] -- Up-to-date: /home/giulia0312/easywalk/install/pkg/share/pkg/environment/path.dsv
[0.670s] -- Up-to-date: /home/giulia0312/easywalk/install/pkg/share/pkg/local_setup.bash
[0.670s] -- Up-to-date: /home/giulia0312/easywalk/install/pkg/share/pkg/local_setup.sh
[0.670s] -- Up-to-date: /home/giulia0312/easywalk/install/pkg/share/pkg/local_setup.zsh
[0.670s] -- Up-to-date: /home/giulia0312/easywalk/install/pkg/share/pkg/local_setup.dsv
[0.670s] -- Up-to-date: /home/giulia0312/easywalk/install/pkg/share/pkg/package.dsv
[0.671s] -- Up-to-date: /home/giulia0312/easywalk/install/pkg/share/ament_index/resource_index/packages/pkg
[0.671s] -- Up-to-date: /home/giulia0312/easywalk/install/pkg/share/pkg/cmake/pkgConfig.cmake
[0.671s] -- Up-to-date: /home/giulia0312/easywalk/install/pkg/share/pkg/cmake/pkgConfig-version.cmake
[0.671s] -- Up-to-date: /home/giulia0312/easywalk/install/pkg/share/pkg/package.xml
[0.674s] Invoked command in '/home/giulia0312/easywalk/build/pkg' returned '0': CMAKE_PREFIX_PATH=${CMAKE_PREFIX_PATH}:/opt/ros/jazzy DEBUGINFOD_URLS=https://debuginfod.ubuntu.com /usr/bin/cmake --install /home/giulia0312/easywalk/build/pkg
