[  2%] Built target loadcells_pkg__rosidl_generator_type_description
[  5%] Built target loadcells_pkg__rs
[  5%] Built target ament_cmake_python_copy_loadcells_pkg
[  7%] Built target loadcells_pkg__cpp
[ 20%] Built target loadcells_pkg__rosidl_generator_c
[ 28%] Built target loadcells_pkg__rosidl_typesupport_c
[ 35%] Built target loadcells_pkg__rosidl_typesupport_fastrtps_cpp
[ 43%] Built target loadcells_pkg__rosidl_typesupport_introspection_c
[ 51%] Built target loadcells_pkg__rosidl_typesupport_fastrtps_c
[ 58%] Built target loadcells_pkg__rosidl_typesupport_cpp
[ 66%] Built target loadcells_pkg__rosidl_typesupport_introspection_cpp
[ 66%] Built target loadcells_pkg
[ 74%] Built target loadcell_subscriber
[ 71%] [32mBuilding CXX object CMakeFiles/loadcell_publisher.dir/src/loadcell_publisher.cpp.o[0m
[ 76%] Built target loadcells_pkg__py
[ 82%] Built target loadcells_pkg__rosidl_generator_py
[ 87%] Built target loadcells_pkg_s__rosidl_typesupport_fastrtps_c
[ 92%] Built target loadcells_pkg_s__rosidl_typesupport_c
[ 97%] Built target loadcells_pkg_s__rosidl_typesupport_introspection_c
running egg_info
writing loadcells_pkg.egg-info/PKG-INFO
writing dependency_links to loadcells_pkg.egg-info/dependency_links.txt
writing top-level names to loadcells_pkg.egg-info/top_level.txt
reading manifest file 'loadcells_pkg.egg-info/SOURCES.txt'
writing manifest file 'loadcells_pkg.egg-info/SOURCES.txt'
[ 97%] Built target ament_cmake_python_build_loadcells_pkg_egg
[01m[K/home/giulia0312/easywalk/src/loadcells_pkg/src/loadcell_publisher.cpp:[m[K In constructor ‘[01m[KLoadcellPublisher::[01;32m[KLoadcellPublisher[m[K()[m[K’:
[01m[K/home/giulia0312/easywalk/src/loadcells_pkg/src/loadcell_publisher.cpp:67:108:[m[K [01;31m[Kerror: [m[K‘[01m[KRate[m[K’ has not been declared
   67 |                 hx1_ = std::make_unique<HX711::SimpleHX711>(data_pin_1, clock_pin_1, ref_unit_1, offset_1, [01;31m[KRate[m[K::HZ_80);
      |                                                                                                            [01;31m[K^~~~[m[K
[01m[K/home/giulia0312/easywalk/src/loadcells_pkg/src/loadcell_publisher.cpp:68:108:[m[K [01;31m[Kerror: [m[K‘[01m[KRate[m[K’ has not been declared
   68 |                 hx2_ = std::make_unique<HX711::SimpleHX711>(data_pin_2, clock_pin_2, ref_unit_2, offset_2, [01;31m[KRate[m[K::HZ_80);
      |                                                                                                            [01;31m[K^~~~[m[K
[01m[K/home/giulia0312/easywalk/src/loadcells_pkg/src/loadcell_publisher.cpp:69:108:[m[K [01;31m[Kerror: [m[K‘[01m[KRate[m[K’ has not been declared
   69 |                 hx3_ = std::make_unique<HX711::SimpleHX711>(data_pin_3, clock_pin_3, ref_unit_3, offset_3, [01;31m[KRate[m[K::HZ_80);
      |                                                                                                            [01;31m[K^~~~[m[K
[01m[K/home/giulia0312/easywalk/src/loadcells_pkg/src/loadcell_publisher.cpp:70:108:[m[K [01;31m[Kerror: [m[K‘[01m[KRate[m[K’ has not been declared
   70 |                 hx4_ = std::make_unique<HX711::SimpleHX711>(data_pin_4, clock_pin_4, ref_unit_4, offset_4, [01;31m[KRate[m[K::HZ_80);
      |                                                                                                            [01;31m[K^~~~[m[K
gmake[2]: *** [CMakeFiles/loadcell_publisher.dir/build.make:76: CMakeFiles/loadcell_publisher.dir/src/loadcell_publisher.cpp.o] Error 1
gmake[1]: *** [CMakeFiles/Makefile2:646: CMakeFiles/loadcell_publisher.dir/all] Error 2
gmake: *** [Makefile:146: all] Error 2
