[0.017s] Invoking command in '/home/giulia0312/easywalk/build/pkg': CMAKE_PREFIX_PATH=${CMAKE_PREFIX_PATH}:/opt/ros/jazzy DEBUGINFOD_URLS=https://debuginfod.ubuntu.com /usr/bin/cmake --build /home/giulia0312/easywalk/build/pkg -- -j12 -l12
[0.100s] [  2%] Built target pkg__rs
[0.101s] [  5%] Built target pkg__rosidl_generator_type_description
[0.121s] [  8%] [32mBuilding CXX object CMakeFiles/publisher.dir/src/uart.cpp.o[0m
[0.121s] [  8%] Built target ament_cmake_python_copy_pkg
[0.124s] [ 10%] [34m[1mGenerating C code for ROS interfaces[0m
[0.153s] [ 13%] [34m[1mGenerating C++ code for ROS interfaces[0m
[0.538s] [01m[K/home/giulia0312/easywalk/src/pkg/src/uart.cpp:15:10:[m[K [01;31m[Kfatal error: [m[Kpkg/msg/loadcell_data.hpp: No such file or directory
[0.538s]    15 | #include [01;31m[K"pkg/msg/loadcell_data.hpp"[m[K    //custom message
[0.539s]       |          [01;31m[K^~~~~~~~~~~~~~~~~~~~~~~~~~~[m[K
[0.539s] compilation terminated.
[0.543s] gmake[2]: *** [CMakeFiles/publisher.dir/build.make:76: CMakeFiles/publisher.dir/src/uart.cpp.o] Error 1
[0.544s] gmake[1]: *** [CMakeFiles/Makefile2:642: CMakeFiles/publisher.dir/all] Error 2
[0.544s] gmake[1]: *** Waiting for unfinished jobs....
[0.579s] running egg_info
[0.614s] writing pkg.egg-info/PKG-INFO
[0.614s] writing dependency_links to pkg.egg-info/dependency_links.txt
[0.615s] writing top-level names to pkg.egg-info/top_level.txt
[0.686s] [ 13%] Built target pkg__cpp
[0.732s] reading manifest file 'pkg.egg-info/SOURCES.txt'
[0.733s] writing manifest file 'pkg.egg-info/SOURCES.txt'
[0.740s] [ 16%] [32mBuilding C object CMakeFiles/pkg__rosidl_generator_c.dir/rosidl_generator_c/pkg/msg/detail/loadcell_data__functions.c.o[0m
[0.743s] [ 18%] [32mBuilding C object CMakeFiles/pkg__rosidl_generator_c.dir/rosidl_generator_c/pkg/msg/detail/loadcell_data__type_support.c.o[0m
[0.745s] [ 21%] [32mBuilding C object CMakeFiles/pkg__rosidl_generator_c.dir/rosidl_generator_c/pkg/msg/detail/loadcell_data__description.c.o[0m
[0.816s] [ 21%] Built target ament_cmake_python_build_pkg_egg
[0.856s] [ 24%] [32m[1mLinking C shared library libpkg__rosidl_generator_c.so[0m
[0.928s] [ 24%] Built target pkg__rosidl_generator_c
[0.930s] gmake: *** [Makefile:146: all] Error 2
[0.934s] Invoked command in '/home/giulia0312/easywalk/build/pkg' returned '2': CMAKE_PREFIX_PATH=${CMAKE_PREFIX_PATH}:/opt/ros/jazzy DEBUGINFOD_URLS=https://debuginfod.ubuntu.com /usr/bin/cmake --build /home/giulia0312/easywalk/build/pkg -- -j12 -l12
