[01m[K/home/giulia0312/easywalk/src/loadcells_pkg/src/loadcell_publisher1.cpp:[m[K In constructor ‘[01m[KLoadcellPublisher::[01;32m[KLoadcellPublisher[m[K()[m[K’:
[01m[K/home/giulia0312/easywalk/src/loadcells_pkg/src/loadcell_publisher1.cpp:10:52:[m[K [01;31m[Kerror: [m[Kno matching function for call to ‘[01m[KHX711::SimpleHX711::SimpleHX711()[m[K’
   10 |     LoadcellPublisher() : Node("loadcell_publisher"[01;31m[K)[m[K{
      |                                                    [01;31m[K^[m[K
In file included from [01m[K/home/giulia0312/easywalk/src/loadcells_pkg/src/loadcell_publisher1.cpp:6[m[K:
[01m[K/usr/local/include/hx711/SimpleHX711.h:36:5:[m[K [01;36m[Knote: [m[Kcandidate: ‘[01m[KHX711::SimpleHX711::[01;32m[KSimpleHX711[m[K(int, int, HX711::Value, HX711::Value, HX711::Rate)[m[K’
   36 |     [01;36m[KSimpleHX711[m[K(
      |     [01;36m[K^~~~~~~~~~~[m[K
[01m[K/usr/local/include/hx711/SimpleHX711.h:36:5:[m[K [01;36m[Knote: [m[K  candidate expects 5 arguments, 0 provided
[01m[K/home/giulia0312/easywalk/src/loadcells_pkg/src/loadcell_publisher1.cpp:10:52:[m[K [01;31m[Kerror: [m[Kno matching function for call to ‘[01m[KHX711::SimpleHX711::SimpleHX711()[m[K’
   10 |     LoadcellPublisher() : Node("loadcell_publisher"[01;31m[K)[m[K{
      |                                                    [01;31m[K^[m[K
[01m[K/usr/local/include/hx711/SimpleHX711.h:36:5:[m[K [01;36m[Knote: [m[Kcandidate: ‘[01m[KHX711::SimpleHX711::[01;32m[KSimpleHX711[m[K(int, int, HX711::Value, HX711::Value, HX711::Rate)[m[K’
   36 |     [01;36m[KSimpleHX711[m[K(
      |     [01;36m[K^~~~~~~~~~~[m[K
[01m[K/usr/local/include/hx711/SimpleHX711.h:36:5:[m[K [01;36m[Knote: [m[K  candidate expects 5 arguments, 0 provided
[01m[K/home/giulia0312/easywalk/src/loadcells_pkg/src/loadcell_publisher1.cpp:10:52:[m[K [01;31m[Kerror: [m[Kno matching function for call to ‘[01m[KHX711::SimpleHX711::SimpleHX711()[m[K’
   10 |     LoadcellPublisher() : Node("loadcell_publisher"[01;31m[K)[m[K{
      |                                                    [01;31m[K^[m[K
[01m[K/usr/local/include/hx711/SimpleHX711.h:36:5:[m[K [01;36m[Knote: [m[Kcandidate: ‘[01m[KHX711::SimpleHX711::[01;32m[KSimpleHX711[m[K(int, int, HX711::Value, HX711::Value, HX711::Rate)[m[K’
   36 |     [01;36m[KSimpleHX711[m[K(
      |     [01;36m[K^~~~~~~~~~~[m[K
[01m[K/usr/local/include/hx711/SimpleHX711.h:36:5:[m[K [01;36m[Knote: [m[K  candidate expects 5 arguments, 0 provided
[01m[K/home/giulia0312/easywalk/src/loadcells_pkg/src/loadcell_publisher1.cpp:10:52:[m[K [01;31m[Kerror: [m[Kno matching function for call to ‘[01m[KHX711::SimpleHX711::SimpleHX711()[m[K’
   10 |     LoadcellPublisher() : Node("loadcell_publisher"[01;31m[K)[m[K{
      |                                                    [01;31m[K^[m[K
[01m[K/usr/local/include/hx711/SimpleHX711.h:36:5:[m[K [01;36m[Knote: [m[Kcandidate: ‘[01m[KHX711::SimpleHX711::[01;32m[KSimpleHX711[m[K(int, int, HX711::Value, HX711::Value, HX711::Rate)[m[K’
   36 |     [01;36m[KSimpleHX711[m[K(
      |     [01;36m[K^~~~~~~~~~~[m[K
[01m[K/usr/local/include/hx711/SimpleHX711.h:36:5:[m[K [01;36m[Knote: [m[K  candidate expects 5 arguments, 0 provided
[01m[K/home/giulia0312/easywalk/src/loadcells_pkg/src/loadcell_publisher1.cpp:15:39:[m[K [01;31m[Kerror: [m[K‘[01m[Kdata_pin_1[m[K’ was not declared in this scope
   15 |             hx1_ = HX711::SimpleHX711([01;31m[Kdata_pin_1[m[K, clock_pin_1, ref_unit_1, offset_1, HX711::Rate::HZ_10);
      |                                       [01;31m[K^~~~~~~~~~[m[K
[01m[K/home/giulia0312/easywalk/src/loadcells_pkg/src/loadcell_publisher1.cpp:15:51:[m[K [01;31m[Kerror: [m[K‘[01m[Kclock_pin_1[m[K’ was not declared in this scope; did you mean ‘[01m[Kclockid_t[m[K’?
   15 |             hx1_ = HX711::SimpleHX711(data_pin_1, [01;31m[Kclock_pin_1[m[K, ref_unit_1, offset_1, HX711::Rate::HZ_10);
      |                                                   [01;31m[K^~~~~~~~~~~[m[K
      |                                                   [32m[Kclockid_t[m[K
[01m[K/home/giulia0312/easywalk/src/loadcells_pkg/src/loadcell_publisher1.cpp:15:64:[m[K [01;31m[Kerror: [m[K‘[01m[Kref_unit_1[m[K’ was not declared in this scope
   15 |             hx1_ = HX711::SimpleHX711(data_pin_1, clock_pin_1, [01;31m[Kref_unit_1[m[K, offset_1, HX711::Rate::HZ_10);
      |                                                                [01;31m[K^~~~~~~~~~[m[K
[01m[K/home/giulia0312/easywalk/src/loadcells_pkg/src/loadcell_publisher1.cpp:15:76:[m[K [01;31m[Kerror: [m[K‘[01m[Koffset_1[m[K’ was not declared in this scope; did you mean ‘[01m[Koffsetof[m[K’?
   15 |             hx1_ = HX711::SimpleHX711(data_pin_1, clock_pin_1, ref_unit_1, [01;31m[Koffset_1[m[K, HX711::Rate::HZ_10);
      |                                                                            [01;31m[K^~~~~~~~[m[K
      |                                                                            [32m[Koffsetof[m[K
[01m[K/home/giulia0312/easywalk/src/loadcells_pkg/src/loadcell_publisher1.cpp:16:39:[m[K [01;31m[Kerror: [m[K‘[01m[Kdata_pin_2[m[K’ was not declared in this scope
   16 |             hx2_ = HX711::SimpleHX711([01;31m[Kdata_pin_2[m[K, clock_pin_2, ref_unit_2, offset_2, HX711::Rate::HZ_10);
      |                                       [01;31m[K^~~~~~~~~~[m[K
[01m[K/home/giulia0312/easywalk/src/loadcells_pkg/src/loadcell_publisher1.cpp:16:51:[m[K [01;31m[Kerror: [m[K‘[01m[Kclock_pin_2[m[K’ was not declared in this scope; did you mean ‘[01m[Kclockid_t[m[K’?
   16 |             hx2_ = HX711::SimpleHX711(data_pin_2, [01;31m[Kclock_pin_2[m[K, ref_unit_2, offset_2, HX711::Rate::HZ_10);
      |                                                   [01;31m[K^~~~~~~~~~~[m[K
      |                                                   [32m[Kclockid_t[m[K
[01m[K/home/giulia0312/easywalk/src/loadcells_pkg/src/loadcell_publisher1.cpp:16:64:[m[K [01;31m[Kerror: [m[K‘[01m[Kref_unit_2[m[K’ was not declared in this scope
   16 |             hx2_ = HX711::SimpleHX711(data_pin_2, clock_pin_2, [01;31m[Kref_unit_2[m[K, offset_2, HX711::Rate::HZ_10);
      |                                                                [01;31m[K^~~~~~~~~~[m[K
[01m[K/home/giulia0312/easywalk/src/loadcells_pkg/src/loadcell_publisher1.cpp:16:76:[m[K [01;31m[Kerror: [m[K‘[01m[Koffset_2[m[K’ was not declared in this scope; did you mean ‘[01m[Koffsetof[m[K’?
   16 |             hx2_ = HX711::SimpleHX711(data_pin_2, clock_pin_2, ref_unit_2, [01;31m[Koffset_2[m[K, HX711::Rate::HZ_10);
      |                                                                            [01;31m[K^~~~~~~~[m[K
      |                                                                            [32m[Koffsetof[m[K
[01m[K/home/giulia0312/easywalk/src/loadcells_pkg/src/loadcell_publisher1.cpp:17:39:[m[K [01;31m[Kerror: [m[K‘[01m[Kdata_pin_3[m[K’ was not declared in this scope
   17 |             hx3_ = HX711::SimpleHX711([01;31m[Kdata_pin_3[m[K, clock_pin_3, ref_unit_3, offset_3, HX711::Rate::HZ_10);
      |                                       [01;31m[K^~~~~~~~~~[m[K
[01m[K/home/giulia0312/easywalk/src/loadcells_pkg/src/loadcell_publisher1.cpp:17:51:[m[K [01;31m[Kerror: [m[K‘[01m[Kclock_pin_3[m[K’ was not declared in this scope; did you mean ‘[01m[Kclockid_t[m[K’?
   17 |             hx3_ = HX711::SimpleHX711(data_pin_3, [01;31m[Kclock_pin_3[m[K, ref_unit_3, offset_3, HX711::Rate::HZ_10);
      |                                                   [01;31m[K^~~~~~~~~~~[m[K
      |                                                   [32m[Kclockid_t[m[K
[01m[K/home/giulia0312/easywalk/src/loadcells_pkg/src/loadcell_publisher1.cpp:17:64:[m[K [01;31m[Kerror: [m[K‘[01m[Kref_unit_3[m[K’ was not declared in this scope
   17 |             hx3_ = HX711::SimpleHX711(data_pin_3, clock_pin_3, [01;31m[Kref_unit_3[m[K, offset_3, HX711::Rate::HZ_10);
      |                                                                [01;31m[K^~~~~~~~~~[m[K
[01m[K/home/giulia0312/easywalk/src/loadcells_pkg/src/loadcell_publisher1.cpp:17:76:[m[K [01;31m[Kerror: [m[K‘[01m[Koffset_3[m[K’ was not declared in this scope; did you mean ‘[01m[Koffsetof[m[K’?
   17 |             hx3_ = HX711::SimpleHX711(data_pin_3, clock_pin_3, ref_unit_3, [01;31m[Koffset_3[m[K, HX711::Rate::HZ_10);
      |                                                                            [01;31m[K^~~~~~~~[m[K
      |                                                                            [32m[Koffsetof[m[K
[01m[K/home/giulia0312/easywalk/src/loadcells_pkg/src/loadcell_publisher1.cpp:18:39:[m[K [01;31m[Kerror: [m[K‘[01m[Kdata_pin_4[m[K’ was not declared in this scope
   18 |             hx4_ = HX711::SimpleHX711([01;31m[Kdata_pin_4[m[K, clock_pin_4, ref_unit_4, offset_4, HX711::Rate::HZ_10);
      |                                       [01;31m[K^~~~~~~~~~[m[K
[01m[K/home/giulia0312/easywalk/src/loadcells_pkg/src/loadcell_publisher1.cpp:18:51:[m[K [01;31m[Kerror: [m[K‘[01m[Kclock_pin_4[m[K’ was not declared in this scope; did you mean ‘[01m[Kclockid_t[m[K’?
   18 |             hx4_ = HX711::SimpleHX711(data_pin_4, [01;31m[Kclock_pin_4[m[K, ref_unit_4, offset_4, HX711::Rate::HZ_10);
      |                                                   [01;31m[K^~~~~~~~~~~[m[K
      |                                                   [32m[Kclockid_t[m[K
[01m[K/home/giulia0312/easywalk/src/loadcells_pkg/src/loadcell_publisher1.cpp:18:64:[m[K [01;31m[Kerror: [m[K‘[01m[Kref_unit_4[m[K’ was not declared in this scope
   18 |             hx4_ = HX711::SimpleHX711(data_pin_4, clock_pin_4, [01;31m[Kref_unit_4[m[K, offset_4, HX711::Rate::HZ_10);
      |                                                                [01;31m[K^~~~~~~~~~[m[K
[01m[K/home/giulia0312/easywalk/src/loadcells_pkg/src/loadcell_publisher1.cpp:18:76:[m[K [01;31m[Kerror: [m[K‘[01m[Koffset_4[m[K’ was not declared in this scope; did you mean ‘[01m[Koffsetof[m[K’?
   18 |             hx4_ = HX711::SimpleHX711(data_pin_4, clock_pin_4, ref_unit_4, [01;31m[Koffset_4[m[K, HX711::Rate::HZ_10);
      |                                                                            [01;31m[K^~~~~~~~[m[K
      |                                                                            [32m[Koffsetof[m[K
[01m[K/home/giulia0312/easywalk/src/loadcells_pkg/src/loadcell_publisher1.cpp:31:51:[m[K [01;31m[Kerror: [m[K‘[01m[Kpublish_rate_ms[m[K’ was not declared in this scope
   31 |                         std::chrono::milliseconds([01;31m[Kpublish_rate_ms[m[K),
      |                                                   [01;31m[K^~~~~~~~~~~~~~~[m[K
[01m[K/home/giulia0312/easywalk/src/loadcells_pkg/src/loadcell_publisher1.cpp:[m[K In destructor ‘[01m[Kvirtual LoadcellPublisher::[01;32m[K~LoadcellPublisher[m[K()[m[K’:
[01m[K/home/giulia0312/easywalk/src/loadcells_pkg/src/loadcell_publisher1.cpp:36:13:[m[K [01;31m[Kerror: [m[Kbase operand of ‘[01m[K->[m[K’ has non-pointer type ‘[01m[KHX711::SimpleHX711[m[K’
   36 |         hx1_[01;31m[K->[m[Kdisconnect();
      |             [01;31m[K^~[m[K
[01m[K/home/giulia0312/easywalk/src/loadcells_pkg/src/loadcell_publisher1.cpp:37:13:[m[K [01;31m[Kerror: [m[Kbase operand of ‘[01m[K->[m[K’ has non-pointer type ‘[01m[KHX711::SimpleHX711[m[K’
   37 |         hx2_[01;31m[K->[m[Kdisconnect();
      |             [01;31m[K^~[m[K
[01m[K/home/giulia0312/easywalk/src/loadcells_pkg/src/loadcell_publisher1.cpp:38:13:[m[K [01;31m[Kerror: [m[Kbase operand of ‘[01m[K->[m[K’ has non-pointer type ‘[01m[KHX711::SimpleHX711[m[K’
   38 |         hx3_[01;31m[K->[m[Kdisconnect();
      |             [01;31m[K^~[m[K
[01m[K/home/giulia0312/easywalk/src/loadcells_pkg/src/loadcell_publisher1.cpp:39:13:[m[K [01;31m[Kerror: [m[Kbase operand of ‘[01m[K->[m[K’ has non-pointer type ‘[01m[KHX711::SimpleHX711[m[K’
   39 |         hx4_[01;31m[K->[m[Kdisconnect();
      |             [01;31m[K^~[m[K
[01m[K/home/giulia0312/easywalk/src/loadcells_pkg/src/loadcell_publisher1.cpp:[m[K In member function ‘[01m[Kvoid LoadcellPublisher::[01;32m[KtimerCallback[m[K()[m[K’:
[01m[K/home/giulia0312/easywalk/src/loadcells_pkg/src/loadcell_publisher1.cpp:51:41:[m[K [01;31m[Kerror: [m[Kbase operand of ‘[01m[K->[m[K’ has non-pointer type ‘[01m[KHX711::SimpleHX711[m[K’
   51 |                         double w1 = hx1_[01;31m[K->[m[Kweight(3);    //left-outer
      |                                         [01;31m[K^~[m[K
[01m[K/home/giulia0312/easywalk/src/loadcells_pkg/src/loadcell_publisher1.cpp:52:29:[m[K [01;31m[Kerror: [m[Kbase operand of ‘[01m[K->[m[K’ has non-pointer type ‘[01m[KHX711::SimpleHX711[m[K’
   52 |             double w2 = hx2_[01;31m[K->[m[Kweight(3);    //left-inner
      |                             [01;31m[K^~[m[K
[01m[K/home/giulia0312/easywalk/src/loadcells_pkg/src/loadcell_publisher1.cpp:53:41:[m[K [01;31m[Kerror: [m[Kbase operand of ‘[01m[K->[m[K’ has non-pointer type ‘[01m[KHX711::SimpleHX711[m[K’
   53 |                         double w3 = hx3_[01;31m[K->[m[Kweight(3);    //right-inner
      |                                         [01;31m[K^~[m[K
[01m[K/home/giulia0312/easywalk/src/loadcells_pkg/src/loadcell_publisher1.cpp:54:41:[m[K [01;31m[Kerror: [m[Kbase operand of ‘[01m[K->[m[K’ has non-pointer type ‘[01m[KHX711::SimpleHX711[m[K’
   54 |                         double w4 = hx4_[01;31m[K->[m[Kweight(3);    //right-outer
      |                                         [01;31m[K^~[m[K
gmake[2]: *** [CMakeFiles/loadcell_publisher1.dir/build.make:76: CMakeFiles/loadcell_publisher1.dir/src/loadcell_publisher1.cpp.o] Error 1
gmake[1]: *** [CMakeFiles/Makefile2:678: CMakeFiles/loadcell_publisher1.dir/all] Error 2
gmake: *** [Makefile:146: all] Error 2
