[0.124s] DEBUG:colcon:Command line arguments: ['/usr/bin/colcon', 'build', '--packages-select', 'pkg']
[0.124s] DEBUG:colcon:Parsed command line arguments: Namespace(log_base=None, log_level=None, verb_name='build', build_base='build', install_base='install', merge_install=False, symlink_install=False, test_result_base=None, continue_on_error=False, executor='parallel', parallel_workers=12, event_handlers=None, ignore_user_meta=False, metas=['./colcon.meta'], base_paths=['.'], packages_ignore=None, packages_ignore_regex=None, paths=None, packages_up_to=None, packages_up_to_regex=None, packages_above=None, packages_above_and_dependencies=None, packages_above_depth=None, packages_select_by_dep=None, packages_skip_by_dep=None, packages_skip_up_to=None, packages_select_build_failed=False, packages_skip_build_finished=False, packages_select_test_failures=False, packages_skip_test_passed=False, packages_select=['pkg'], packages_skip=None, packages_select_regex=None, packages_skip_regex=None, packages_start=None, packages_end=None, allow_overriding=[], cmake_args=None, cmake_target=None, cmake_target_skip_unavailable=False, cmake_clean_cache=False, cmake_clean_first=False, cmake_force_configure=False, ament_cmake_args=None, catkin_cmake_args=None, catkin_skip_building_tests=False, mixin_files=None, mixin=None, verb_parser=<colcon_mixin.mixin.mixin_argument.MixinArgumentDecorator object at 0x70a5c3a7bda0>, verb_extension=<colcon_core.verb.build.BuildVerb object at 0x70a5c3bc0260>, main=<bound method BuildVerb.main of <colcon_core.verb.build.BuildVerb object at 0x70a5c3bc0260>>, mixin_verb=('build',))
[0.170s] Level 1:colcon.colcon_core.package_discovery:discover_packages(colcon_meta) check parameters
[0.170s] Level 1:colcon.colcon_core.package_discovery:discover_packages(recursive) check parameters
[0.170s] Level 1:colcon.colcon_core.package_discovery:discover_packages(ignore) check parameters
[0.170s] Level 1:colcon.colcon_core.package_discovery:discover_packages(path) check parameters
[0.170s] Level 1:colcon.colcon_core.package_discovery:discover_packages(colcon_meta) discover
[0.170s] Level 1:colcon.colcon_core.package_discovery:discover_packages(recursive) discover
[0.170s] INFO:colcon.colcon_core.package_discovery:Crawling recursively for packages in '/home/giulia0312/easywalk'
[0.170s] Level 1:colcon.colcon_core.package_identification:_identify(.) by extensions ['ignore', 'ignore_ament_install']
[0.170s] Level 1:colcon.colcon_core.package_identification:_identify(.) by extension 'ignore'
[0.170s] Level 1:colcon.colcon_core.package_identification:_identify(.) by extension 'ignore_ament_install'
[0.171s] Level 1:colcon.colcon_core.package_identification:_identify(.) by extensions ['colcon_pkg']
[0.171s] Level 1:colcon.colcon_core.package_identification:_identify(.) by extension 'colcon_pkg'
[0.171s] Level 1:colcon.colcon_core.package_identification:_identify(.) by extensions ['colcon_meta']
[0.171s] Level 1:colcon.colcon_core.package_identification:_identify(.) by extension 'colcon_meta'
[0.171s] Level 1:colcon.colcon_core.package_identification:_identify(.) by extensions ['ros']
[0.171s] Level 1:colcon.colcon_core.package_identification:_identify(.) by extension 'ros'
[0.203s] Level 1:colcon.colcon_core.package_identification:_identify(.) by extensions ['cmake', 'python']
[0.203s] Level 1:colcon.colcon_core.package_identification:_identify(.) by extension 'cmake'
[0.203s] Level 1:colcon.colcon_core.package_identification:_identify(.) by extension 'python'
[0.203s] Level 1:colcon.colcon_core.package_identification:_identify(.) by extensions ['python_setup_py']
[0.203s] Level 1:colcon.colcon_core.package_identification:_identify(.) by extension 'python_setup_py'
[0.203s] Level 1:colcon.colcon_core.package_identification:_identify(build) by extensions ['ignore', 'ignore_ament_install']
[0.203s] Level 1:colcon.colcon_core.package_identification:_identify(build) by extension 'ignore'
[0.203s] Level 1:colcon.colcon_core.package_identification:_identify(build) ignored
[0.204s] Level 1:colcon.colcon_core.package_identification:_identify(install) by extensions ['ignore', 'ignore_ament_install']
[0.204s] Level 1:colcon.colcon_core.package_identification:_identify(install) by extension 'ignore'
[0.204s] Level 1:colcon.colcon_core.package_identification:_identify(install) ignored
[0.204s] Level 1:colcon.colcon_core.package_identification:_identify(log) by extensions ['ignore', 'ignore_ament_install']
[0.204s] Level 1:colcon.colcon_core.package_identification:_identify(log) by extension 'ignore'
[0.204s] Level 1:colcon.colcon_core.package_identification:_identify(log) ignored
[0.204s] Level 1:colcon.colcon_core.package_identification:_identify(src) by extensions ['ignore', 'ignore_ament_install']
[0.204s] Level 1:colcon.colcon_core.package_identification:_identify(src) by extension 'ignore'
[0.204s] Level 1:colcon.colcon_core.package_identification:_identify(src) by extension 'ignore_ament_install'
[0.204s] Level 1:colcon.colcon_core.package_identification:_identify(src) by extensions ['colcon_pkg']
[0.204s] Level 1:colcon.colcon_core.package_identification:_identify(src) by extension 'colcon_pkg'
[0.204s] Level 1:colcon.colcon_core.package_identification:_identify(src) by extensions ['colcon_meta']
[0.204s] Level 1:colcon.colcon_core.package_identification:_identify(src) by extension 'colcon_meta'
[0.204s] Level 1:colcon.colcon_core.package_identification:_identify(src) by extensions ['ros']
[0.204s] Level 1:colcon.colcon_core.package_identification:_identify(src) by extension 'ros'
[0.205s] Level 1:colcon.colcon_core.package_identification:_identify(src) by extensions ['cmake', 'python']
[0.205s] Level 1:colcon.colcon_core.package_identification:_identify(src) by extension 'cmake'
[0.205s] Level 1:colcon.colcon_core.package_identification:_identify(src) by extension 'python'
[0.205s] Level 1:colcon.colcon_core.package_identification:_identify(src) by extensions ['python_setup_py']
[0.205s] Level 1:colcon.colcon_core.package_identification:_identify(src) by extension 'python_setup_py'
[0.205s] Level 1:colcon.colcon_core.package_identification:_identify(src/loadcells_pkg) by extensions ['ignore', 'ignore_ament_install']
[0.205s] Level 1:colcon.colcon_core.package_identification:_identify(src/loadcells_pkg) by extension 'ignore'
[0.205s] Level 1:colcon.colcon_core.package_identification:_identify(src/loadcells_pkg) by extension 'ignore_ament_install'
[0.205s] Level 1:colcon.colcon_core.package_identification:_identify(src/loadcells_pkg) by extensions ['colcon_pkg']
[0.205s] Level 1:colcon.colcon_core.package_identification:_identify(src/loadcells_pkg) by extension 'colcon_pkg'
[0.205s] Level 1:colcon.colcon_core.package_identification:_identify(src/loadcells_pkg) by extensions ['colcon_meta']
[0.205s] Level 1:colcon.colcon_core.package_identification:_identify(src/loadcells_pkg) by extension 'colcon_meta'
[0.205s] Level 1:colcon.colcon_core.package_identification:_identify(src/loadcells_pkg) by extensions ['ros']
[0.205s] Level 1:colcon.colcon_core.package_identification:_identify(src/loadcells_pkg) by extension 'ros'
[0.208s] DEBUG:colcon.colcon_core.package_identification:Package 'src/loadcells_pkg' with type 'ros.ament_cmake' and name 'loadcells_pkg'
[0.208s] Level 1:colcon.colcon_core.package_identification:_identify(src/pkg) by extensions ['ignore', 'ignore_ament_install']
[0.208s] Level 1:colcon.colcon_core.package_identification:_identify(src/pkg) by extension 'ignore'
[0.209s] Level 1:colcon.colcon_core.package_identification:_identify(src/pkg) by extension 'ignore_ament_install'
[0.209s] Level 1:colcon.colcon_core.package_identification:_identify(src/pkg) by extensions ['colcon_pkg']
[0.209s] Level 1:colcon.colcon_core.package_identification:_identify(src/pkg) by extension 'colcon_pkg'
[0.209s] Level 1:colcon.colcon_core.package_identification:_identify(src/pkg) by extensions ['colcon_meta']
[0.209s] Level 1:colcon.colcon_core.package_identification:_identify(src/pkg) by extension 'colcon_meta'
[0.209s] Level 1:colcon.colcon_core.package_identification:_identify(src/pkg) by extensions ['ros']
[0.209s] Level 1:colcon.colcon_core.package_identification:_identify(src/pkg) by extension 'ros'
[0.210s] DEBUG:colcon.colcon_core.package_identification:Package 'src/pkg' with type 'ros.ament_cmake' and name 'pkg'
[0.210s] Level 1:colcon.colcon_core.package_discovery:discover_packages(recursive) using defaults
[0.210s] Level 1:colcon.colcon_core.package_discovery:discover_packages(ignore) discover
[0.210s] Level 1:colcon.colcon_core.package_discovery:discover_packages(ignore) using defaults
[0.210s] Level 1:colcon.colcon_core.package_discovery:discover_packages(path) discover
[0.210s] Level 1:colcon.colcon_core.package_discovery:discover_packages(path) using defaults
[0.231s] INFO:colcon.colcon_core.package_selection:Skipping not selected package 'loadcells_pkg' in 'src/loadcells_pkg'
[0.232s] Level 1:colcon.colcon_core.package_discovery:discover_packages(prefix_path) check parameters
[0.232s] Level 1:colcon.colcon_core.package_discovery:discover_packages(prefix_path) discover
[0.234s] DEBUG:colcon.colcon_installed_package_information.package_discovery:Found 2 installed packages in /home/giulia0312/easywalk/install
[0.235s] DEBUG:colcon.colcon_installed_package_information.package_discovery:Found 287 installed packages in /opt/ros/jazzy
[0.237s] Level 1:colcon.colcon_core.package_discovery:discover_packages(prefix_path) using defaults
[0.278s] Level 5:colcon.colcon_core.verb:set package 'pkg' build argument 'cmake_args' from command line to 'None'
[0.278s] Level 5:colcon.colcon_core.verb:set package 'pkg' build argument 'cmake_target' from command line to 'None'
[0.278s] Level 5:colcon.colcon_core.verb:set package 'pkg' build argument 'cmake_target_skip_unavailable' from command line to 'False'
[0.279s] Level 5:colcon.colcon_core.verb:set package 'pkg' build argument 'cmake_clean_cache' from command line to 'False'
[0.279s] Level 5:colcon.colcon_core.verb:set package 'pkg' build argument 'cmake_clean_first' from command line to 'False'
[0.279s] Level 5:colcon.colcon_core.verb:set package 'pkg' build argument 'cmake_force_configure' from command line to 'False'
[0.279s] Level 5:colcon.colcon_core.verb:set package 'pkg' build argument 'ament_cmake_args' from command line to 'None'
[0.279s] Level 5:colcon.colcon_core.verb:set package 'pkg' build argument 'catkin_cmake_args' from command line to 'None'
[0.279s] Level 5:colcon.colcon_core.verb:set package 'pkg' build argument 'catkin_skip_building_tests' from command line to 'False'
[0.279s] DEBUG:colcon.colcon_core.verb:Building package 'pkg' with the following arguments: {'ament_cmake_args': None, 'build_base': '/home/giulia0312/easywalk/build/pkg', 'catkin_cmake_args': None, 'catkin_skip_building_tests': False, 'cmake_args': None, 'cmake_clean_cache': False, 'cmake_clean_first': False, 'cmake_force_configure': False, 'cmake_target': None, 'cmake_target_skip_unavailable': False, 'install_base': '/home/giulia0312/easywalk/install/pkg', 'merge_install': False, 'path': '/home/giulia0312/easywalk/src/pkg', 'symlink_install': False, 'test_result_base': None}
[0.279s] INFO:colcon.colcon_core.executor:Executing jobs using 'parallel' executor
[0.280s] DEBUG:colcon.colcon_parallel_executor.executor.parallel:run_until_complete
[0.280s] INFO:colcon.colcon_ros.task.ament_cmake.build:Building ROS package in '/home/giulia0312/easywalk/src/pkg' with build type 'ament_cmake'
[0.281s] INFO:colcon.colcon_cmake.task.cmake.build:Building CMake package in '/home/giulia0312/easywalk/src/pkg'
[0.283s] INFO:colcon.colcon_core.plugin_system:Skipping extension 'colcon_core.shell.bat': Not used on non-Windows systems
[0.283s] INFO:colcon.colcon_core.shell:Skip shell extension 'powershell' for command environment: Not usable outside of PowerShell
[0.283s] DEBUG:colcon.colcon_core.shell:Skip shell extension 'dsv' for command environment
[0.294s] DEBUG:colcon.colcon_core.event_handler.log_command:Invoking command in '/home/giulia0312/easywalk/build/pkg': CMAKE_PREFIX_PATH=${CMAKE_PREFIX_PATH}:/opt/ros/jazzy DEBUGINFOD_URLS=https://debuginfod.ubuntu.com /usr/bin/cmake --build /home/giulia0312/easywalk/build/pkg -- -j12 -l12
[9.244s] DEBUG:colcon.colcon_core.event_handler.log_command:Invoked command in '/home/giulia0312/easywalk/build/pkg' returned '0': CMAKE_PREFIX_PATH=${CMAKE_PREFIX_PATH}:/opt/ros/jazzy DEBUGINFOD_URLS=https://debuginfod.ubuntu.com /usr/bin/cmake --build /home/giulia0312/easywalk/build/pkg -- -j12 -l12
[9.258s] DEBUG:colcon.colcon_core.event_handler.log_command:Invoking command in '/home/giulia0312/easywalk/build/pkg': CMAKE_PREFIX_PATH=${CMAKE_PREFIX_PATH}:/opt/ros/jazzy DEBUGINFOD_URLS=https://debuginfod.ubuntu.com /usr/bin/cmake --install /home/giulia0312/easywalk/build/pkg
[9.336s] Level 1:colcon.colcon_core.environment:create_environment_scripts_only(pkg)
[9.337s] DEBUG:colcon.colcon_core.event_handler.log_command:Invoked command in '/home/giulia0312/easywalk/build/pkg' returned '0': CMAKE_PREFIX_PATH=${CMAKE_PREFIX_PATH}:/opt/ros/jazzy DEBUGINFOD_URLS=https://debuginfod.ubuntu.com /usr/bin/cmake --install /home/giulia0312/easywalk/build/pkg
[9.339s] Level 1:colcon.colcon_core.environment:checking '/home/giulia0312/easywalk/install/pkg' for CMake module files
[9.340s] Level 1:colcon.colcon_core.environment:checking '/home/giulia0312/easywalk/install/pkg' for CMake config files
[9.340s] Level 1:colcon.colcon_core.shell:create_environment_hook('pkg', 'cmake_prefix_path')
[9.340s] INFO:colcon.colcon_core.shell:Creating environment hook '/home/giulia0312/easywalk/install/pkg/share/pkg/hook/cmake_prefix_path.ps1'
[9.341s] INFO:colcon.colcon_core.shell:Creating environment descriptor '/home/giulia0312/easywalk/install/pkg/share/pkg/hook/cmake_prefix_path.dsv'
[9.342s] INFO:colcon.colcon_core.shell:Creating environment hook '/home/giulia0312/easywalk/install/pkg/share/pkg/hook/cmake_prefix_path.sh'
[9.342s] Level 1:colcon.colcon_core.environment:checking '/home/giulia0312/easywalk/install/pkg/lib'
[9.343s] Level 1:colcon.colcon_core.shell:create_environment_hook('pkg', 'ld_library_path_lib')
[9.343s] INFO:colcon.colcon_core.shell:Creating environment hook '/home/giulia0312/easywalk/install/pkg/share/pkg/hook/ld_library_path_lib.ps1'
[9.343s] INFO:colcon.colcon_core.shell:Creating environment descriptor '/home/giulia0312/easywalk/install/pkg/share/pkg/hook/ld_library_path_lib.dsv'
[9.344s] INFO:colcon.colcon_core.shell:Creating environment hook '/home/giulia0312/easywalk/install/pkg/share/pkg/hook/ld_library_path_lib.sh'
[9.344s] Level 1:colcon.colcon_core.environment:checking '/home/giulia0312/easywalk/install/pkg/bin'
[9.344s] Level 1:colcon.colcon_core.environment:checking '/home/giulia0312/easywalk/install/pkg/lib/pkgconfig/pkg.pc'
[9.345s] Level 1:colcon.colcon_core.environment:checking '/home/giulia0312/easywalk/install/pkg/lib/python3.12/site-packages'
[9.345s] Level 1:colcon.colcon_core.shell:create_environment_hook('pkg', 'pythonpath')
[9.345s] INFO:colcon.colcon_core.shell:Creating environment hook '/home/giulia0312/easywalk/install/pkg/share/pkg/hook/pythonpath.ps1'
[9.346s] INFO:colcon.colcon_core.shell:Creating environment descriptor '/home/giulia0312/easywalk/install/pkg/share/pkg/hook/pythonpath.dsv'
[9.346s] INFO:colcon.colcon_core.shell:Creating environment hook '/home/giulia0312/easywalk/install/pkg/share/pkg/hook/pythonpath.sh'
[9.348s] Level 1:colcon.colcon_core.environment:checking '/home/giulia0312/easywalk/install/pkg/bin'
[9.349s] INFO:colcon.colcon_core.shell:Creating package script '/home/giulia0312/easywalk/install/pkg/share/pkg/package.ps1'
[9.351s] INFO:colcon.colcon_core.shell:Creating package descriptor '/home/giulia0312/easywalk/install/pkg/share/pkg/package.dsv'
[9.352s] INFO:colcon.colcon_core.shell:Creating package script '/home/giulia0312/easywalk/install/pkg/share/pkg/package.sh'
[9.353s] INFO:colcon.colcon_core.shell:Creating package script '/home/giulia0312/easywalk/install/pkg/share/pkg/package.bash'
[9.355s] INFO:colcon.colcon_core.shell:Creating package script '/home/giulia0312/easywalk/install/pkg/share/pkg/package.zsh'
[9.356s] Level 1:colcon.colcon_core.environment:create_file_with_runtime_dependencies(/home/giulia0312/easywalk/install/pkg/share/colcon-core/packages/pkg)
[9.357s] Level 1:colcon.colcon_core.environment:create_environment_scripts_only(pkg)
[9.358s] Level 1:colcon.colcon_core.environment:checking '/home/giulia0312/easywalk/install/pkg' for CMake module files
[9.358s] Level 1:colcon.colcon_core.environment:checking '/home/giulia0312/easywalk/install/pkg' for CMake config files
[9.359s] Level 1:colcon.colcon_core.shell:create_environment_hook('pkg', 'cmake_prefix_path')
[9.359s] INFO:colcon.colcon_core.shell:Creating environment hook '/home/giulia0312/easywalk/install/pkg/share/pkg/hook/cmake_prefix_path.ps1'
[9.359s] INFO:colcon.colcon_core.shell:Creating environment descriptor '/home/giulia0312/easywalk/install/pkg/share/pkg/hook/cmake_prefix_path.dsv'
[9.360s] INFO:colcon.colcon_core.shell:Creating environment hook '/home/giulia0312/easywalk/install/pkg/share/pkg/hook/cmake_prefix_path.sh'
[9.360s] Level 1:colcon.colcon_core.environment:checking '/home/giulia0312/easywalk/install/pkg/lib'
[9.360s] Level 1:colcon.colcon_core.shell:create_environment_hook('pkg', 'ld_library_path_lib')
[9.361s] INFO:colcon.colcon_core.shell:Creating environment hook '/home/giulia0312/easywalk/install/pkg/share/pkg/hook/ld_library_path_lib.ps1'
[9.361s] INFO:colcon.colcon_core.shell:Creating environment descriptor '/home/giulia0312/easywalk/install/pkg/share/pkg/hook/ld_library_path_lib.dsv'
[9.362s] INFO:colcon.colcon_core.shell:Creating environment hook '/home/giulia0312/easywalk/install/pkg/share/pkg/hook/ld_library_path_lib.sh'
[9.362s] Level 1:colcon.colcon_core.environment:checking '/home/giulia0312/easywalk/install/pkg/bin'
[9.362s] Level 1:colcon.colcon_core.environment:checking '/home/giulia0312/easywalk/install/pkg/lib/pkgconfig/pkg.pc'
[9.363s] Level 1:colcon.colcon_core.environment:checking '/home/giulia0312/easywalk/install/pkg/lib/python3.12/site-packages'
[9.363s] Level 1:colcon.colcon_core.shell:create_environment_hook('pkg', 'pythonpath')
[9.363s] INFO:colcon.colcon_core.shell:Creating environment hook '/home/giulia0312/easywalk/install/pkg/share/pkg/hook/pythonpath.ps1'
[9.363s] INFO:colcon.colcon_core.shell:Creating environment descriptor '/home/giulia0312/easywalk/install/pkg/share/pkg/hook/pythonpath.dsv'
[9.364s] INFO:colcon.colcon_core.shell:Creating environment hook '/home/giulia0312/easywalk/install/pkg/share/pkg/hook/pythonpath.sh'
[9.364s] Level 1:colcon.colcon_core.environment:checking '/home/giulia0312/easywalk/install/pkg/bin'
[9.365s] INFO:colcon.colcon_core.shell:Creating package script '/home/giulia0312/easywalk/install/pkg/share/pkg/package.ps1'
[9.365s] INFO:colcon.colcon_core.shell:Creating package descriptor '/home/giulia0312/easywalk/install/pkg/share/pkg/package.dsv'
[9.366s] INFO:colcon.colcon_core.shell:Creating package script '/home/giulia0312/easywalk/install/pkg/share/pkg/package.sh'
[9.366s] INFO:colcon.colcon_core.shell:Creating package script '/home/giulia0312/easywalk/install/pkg/share/pkg/package.bash'
[9.367s] INFO:colcon.colcon_core.shell:Creating package script '/home/giulia0312/easywalk/install/pkg/share/pkg/package.zsh'
[9.367s] Level 1:colcon.colcon_core.environment:create_file_with_runtime_dependencies(/home/giulia0312/easywalk/install/pkg/share/colcon-core/packages/pkg)
[9.368s] DEBUG:colcon.colcon_parallel_executor.executor.parallel:closing loop
[9.368s] DEBUG:colcon.colcon_parallel_executor.executor.parallel:loop closed
[9.368s] DEBUG:colcon.colcon_parallel_executor.executor.parallel:run_until_complete finished with '0'
[9.368s] DEBUG:colcon.colcon_core.event_reactor:joining thread
[9.374s] INFO:colcon.colcon_core.plugin_system:Skipping extension 'colcon_notification.desktop_notification.terminal_notifier': Not used on non-Darwin systems
[9.375s] INFO:colcon.colcon_core.plugin_system:Skipping extension 'colcon_notification.desktop_notification.win32': Not used on non-Windows systems
[9.375s] INFO:colcon.colcon_notification.desktop_notification:Sending desktop notification using 'notify2'
[9.392s] DEBUG:colcon.colcon_core.event_reactor:joined thread
[9.393s] INFO:colcon.colcon_core.shell:Creating prefix script '/home/giulia0312/easywalk/install/local_setup.ps1'
[9.394s] INFO:colcon.colcon_core.shell:Creating prefix util module '/home/giulia0312/easywalk/install/_local_setup_util_ps1.py'
[9.395s] INFO:colcon.colcon_core.shell:Creating prefix chain script '/home/giulia0312/easywalk/install/setup.ps1'
[9.396s] INFO:colcon.colcon_core.shell:Creating prefix script '/home/giulia0312/easywalk/install/local_setup.sh'
[9.396s] INFO:colcon.colcon_core.shell:Creating prefix util module '/home/giulia0312/easywalk/install/_local_setup_util_sh.py'
[9.397s] INFO:colcon.colcon_core.shell:Creating prefix chain script '/home/giulia0312/easywalk/install/setup.sh'
[9.398s] INFO:colcon.colcon_core.shell:Creating prefix script '/home/giulia0312/easywalk/install/local_setup.bash'
[9.398s] INFO:colcon.colcon_core.shell:Creating prefix chain script '/home/giulia0312/easywalk/install/setup.bash'
[9.399s] INFO:colcon.colcon_core.shell:Creating prefix script '/home/giulia0312/easywalk/install/local_setup.zsh'
[9.400s] INFO:colcon.colcon_core.shell:Creating prefix chain script '/home/giulia0312/easywalk/install/setup.zsh'
