[0.013s] Invoking command in '/home/giulia0312/easywalk/build/loadcells_pkg': CMAKE_PREFIX_PATH=${CMAKE_PREFIX_PATH}:/opt/ros/jazzy DEBUGINFOD_URLS=https://debuginfod.ubuntu.com /usr/bin/cmake /home/giulia0312/easywalk/src/loadcells_pkg -DCMAKE_INSTALL_PREFIX=/home/giulia0312/easywalk/install/loadcells_pkg
[0.036s] -- Found ament_cmake: 2.5.6 (/opt/ros/jazzy/share/ament_cmake/cmake)
[0.190s] -- Found rclcpp: 28.1.18 (/opt/ros/jazzy/share/rclcpp/cmake)
[0.223s] -- Found rosidl_generator_c: 4.6.7 (/opt/ros/jazzy/share/rosidl_generator_c/cmake)
[0.234s] -- Found rosidl_generator_cpp: 4.6.7 (/opt/ros/jazzy/share/rosidl_generator_cpp/cmake)
[0.249s] -- Using all available rosidl_typesupport_c: rosidl_typesupport_fastrtps_c;rosidl_typesupport_introspection_c
[0.265s] -- Using all available rosidl_typesupport_cpp: rosidl_typesupport_fastrtps_cpp;rosidl_typesupport_introspection_cpp
[0.344s] -- Found rmw_implementation_cmake: 7.3.3 (/opt/ros/jazzy/share/rmw_implementation_cmake/cmake)
[0.345s] -- Found rmw_fastrtps_cpp: 8.4.3 (/opt/ros/jazzy/share/rmw_fastrtps_cpp/cmake)
[0.442s] -- Using RMW implementation 'rmw_fastrtps_cpp' as default
[0.539s] -- Found std_msgs: 5.3.7 (/opt/ros/jazzy/share/std_msgs/cmake)
[0.556s] -- Found rosidl_default_generators: 1.6.0 (/opt/ros/jazzy/share/rosidl_default_generators/cmake)
[0.569s] -- Found rosidl_adapter: 4.6.7 (/opt/ros/jazzy/share/rosidl_adapter/cmake)
[0.965s] -- Found ament_cmake_ros: 0.12.0 (/opt/ros/jazzy/share/ament_cmake_ros/cmake)
[1.278s] -- Using all available rosidl_typesupport_c: rosidl_typesupport_fastrtps_c;rosidl_typesupport_introspection_c
[1.398s] -- Using all available rosidl_typesupport_cpp: rosidl_typesupport_fastrtps_cpp;rosidl_typesupport_introspection_cpp
[1.400s] -- Found python_cmake_module: 0.11.1 (/opt/ros/jazzy/share/python_cmake_module/cmake)
[1.766s] -- Found Python3: /usr/bin/python3 (found version "3.12.3") found components: Interpreter Development NumPy Development.Module Development.Embed 
[1.856s] -- Found Python3: /usr/bin/python3 (found version "3.12.3") found components: Interpreter 
[1.862s] -- Found ament_lint_auto: 0.17.5 (/opt/ros/jazzy/share/ament_lint_auto/cmake)
[1.875s] -- Added test 'cppcheck' to perform static code analysis on C / C++ code
[1.875s] -- Configured cppcheck include dirs: 
[1.876s] -- Configured cppcheck exclude dirs and/or files: 
[1.876s] -- Added test 'flake8' to check Python code syntax and style conventions
[1.876s] -- Configured 'flake8' exclude dirs and/or files: 
[1.877s] -- Added test 'lint_cmake' to check CMake code style
[1.878s] -- Added test 'pep257' to check Python code against some of the docstring style conventions in PEP 257
[1.880s] -- Added test 'uncrustify' to check C / C++ code style
[1.880s] -- Configured uncrustify additional arguments: 
[1.880s] -- Added test 'xmllint' to check XML markup files
[1.883s] -- Configuring done (1.9s)
[1.891s] [31mCMake Error at CMakeLists.txt:20 (add_executable):
[1.891s]   Cannot find source file:
[1.891s] 
[1.891s]     src/loadcell_publisher_advanced.cpp
[1.891s] 
[1.891s]   Tried extensions .c .C .c++ .cc .cpp .cxx .cu .mpp .m .M .mm .ixx .cppm
[1.891s]   .ccm .cxxm .c++m .h .hh .h++ .hm .hpp .hxx .in .txx .f .F .for .f77 .f90
[1.891s]   .f95 .f03 .hip .ispc
[1.891s] 
[1.891s] [0m
[1.898s] [31mCMake Error at CMakeLists.txt:20 (add_executable):
[1.898s]   No SOURCES given to target: advanced_publisher
[1.898s] 
[1.898s] [0m
[1.898s] [0mCMake Generate step failed.  Build files cannot be regenerated correctly.[0m
[1.915s] Invoked command in '/home/giulia0312/easywalk/build/loadcells_pkg' returned '1': CMAKE_PREFIX_PATH=${CMAKE_PREFIX_PATH}:/opt/ros/jazzy DEBUGINFOD_URLS=https://debuginfod.ubuntu.com /usr/bin/cmake /home/giulia0312/easywalk/src/loadcells_pkg -DCMAKE_INSTALL_PREFIX=/home/giulia0312/easywalk/install/loadcells_pkg
