[0.015s] Invoking command in '/home/giulia0312/easywalk/build/pkg': CMAKE_PREFIX_PATH=${CMAKE_PREFIX_PATH}:/opt/ros/jazzy DEBUGINFOD_URLS=https://debuginfod.ubuntu.com /usr/bin/cmake --build /home/giulia0312/easywalk/build/pkg -- -j12 -l12
[0.094s] [  2%] Built target pkg__rosidl_generator_type_description
[0.094s] [  5%] Built target pkg__rs
[0.116s] [  5%] Built target ament_cmake_python_copy_pkg
[0.135s] [  8%] Built target pkg__cpp
[0.137s] [ 21%] Built target pkg__rosidl_generator_c
[0.188s] [ 35%] Built target pkg__rosidl_typesupport_introspection_cpp
[0.188s] [ 37%] Built target pkg__rosidl_typesupport_cpp
[0.191s] [ 48%] Built target pkg__rosidl_typesupport_c
[0.191s] [ 54%] Built target pkg__rosidl_typesupport_introspection_c
[0.196s] [ 62%] Built target pkg__rosidl_typesupport_fastrtps_cpp
[0.198s] [ 70%] Built target pkg__rosidl_typesupport_fastrtps_c
[0.233s] [ 70%] Built target pkg
[0.246s] [ 72%] [32mBuilding CXX object CMakeFiles/publisher.dir/src/uart.cpp.o[0m
[0.262s] [ 75%] Built target pkg__py
[0.298s] [ 81%] Built target pkg__rosidl_generator_py
[0.340s] [ 89%] Built target pkg_s__rosidl_typesupport_introspection_c
[0.340s] [ 91%] Built target pkg_s__rosidl_typesupport_c
[0.340s] [ 97%] Built target pkg_s__rosidl_typesupport_fastrtps_c
[0.477s] running egg_info
[0.502s] writing pkg.egg-info/PKG-INFO
[0.503s] writing dependency_links to pkg.egg-info/dependency_links.txt
[0.503s] writing top-level names to pkg.egg-info/top_level.txt
[0.562s] reading manifest file 'pkg.egg-info/SOURCES.txt'
[0.562s] writing manifest file 'pkg.egg-info/SOURCES.txt'
[0.600s] [ 97%] Built target ament_cmake_python_build_pkg_egg
[5.041s] [100%] [32m[1mLinking CXX executable publisher[0m
[5.249s] [100%] Built target publisher
[5.266s] Invoked command in '/home/giulia0312/easywalk/build/pkg' returned '0': CMAKE_PREFIX_PATH=${CMAKE_PREFIX_PATH}:/opt/ros/jazzy DEBUGINFOD_URLS=https://debuginfod.ubuntu.com /usr/bin/cmake --build /home/giulia0312/easywalk/build/pkg -- -j12 -l12
[5.281s] Invoking command in '/home/giulia0312/easywalk/build/pkg': CMAKE_PREFIX_PATH=${CMAKE_PREFIX_PATH}:/opt/ros/jazzy DEBUGINFOD_URLS=https://debuginfod.ubuntu.com /usr/bin/cmake --install /home/giulia0312/easywalk/build/pkg
[5.294s] -- Install configuration: ""
[5.294s] -- Up-to-date: /home/giulia0312/easywalk/install/pkg/share/ament_index/resource_index/rosidl_interfaces/pkg
[5.294s] -- Up-to-date: /home/giulia0312/easywalk/install/pkg/share/pkg/msg/LoadcellData.json
[5.295s] -- Up-to-date: /home/giulia0312/easywalk/install/pkg/include/pkg/pkg
[5.295s] -- Up-to-date: /home/giulia0312/easywalk/install/pkg/include/pkg/pkg/msg
[5.295s] -- Up-to-date: /home/giulia0312/easywalk/install/pkg/include/pkg/pkg/msg/detail
[5.295s] -- Up-to-date: /home/giulia0312/easywalk/install/pkg/include/pkg/pkg/msg/detail/loadcell_data__struct.h
[5.295s] -- Up-to-date: /home/giulia0312/easywalk/install/pkg/include/pkg/pkg/msg/detail/loadcell_data__functions.c
[5.295s] -- Up-to-date: /home/giulia0312/easywalk/install/pkg/include/pkg/pkg/msg/detail/loadcell_data__description.c
[5.295s] -- Up-to-date: /home/giulia0312/easywalk/install/pkg/include/pkg/pkg/msg/detail/loadcell_data__type_support.h
[5.296s] -- Up-to-date: /home/giulia0312/easywalk/install/pkg/include/pkg/pkg/msg/detail/loadcell_data__functions.h
[5.296s] -- Installing: /home/giulia0312/easywalk/install/pkg/include/pkg/pkg/msg/detail/loadcell_data__type_support.c
[5.296s] -- Up-to-date: /home/giulia0312/easywalk/install/pkg/include/pkg/pkg/msg/loadcell_data.h
[5.296s] -- Up-to-date: /home/giulia0312/easywalk/install/pkg/include/pkg/pkg/msg/rosidl_generator_c__visibility_control.h
[5.296s] -- Up-to-date: /home/giulia0312/easywalk/install/pkg/share/pkg/environment/library_path.sh
[5.296s] -- Up-to-date: /home/giulia0312/easywalk/install/pkg/share/pkg/environment/library_path.dsv
[5.296s] -- Up-to-date: /home/giulia0312/easywalk/install/pkg/lib/libpkg__rosidl_generator_c.so
[5.296s] -- Up-to-date: /home/giulia0312/easywalk/install/pkg/include/pkg/pkg
[5.297s] -- Up-to-date: /home/giulia0312/easywalk/install/pkg/include/pkg/pkg/msg
[5.297s] -- Up-to-date: /home/giulia0312/easywalk/install/pkg/include/pkg/pkg/msg/rosidl_typesupport_fastrtps_c__visibility_control.h
[5.297s] -- Up-to-date: /home/giulia0312/easywalk/install/pkg/include/pkg/pkg/msg/detail
[5.297s] -- Up-to-date: /home/giulia0312/easywalk/install/pkg/include/pkg/pkg/msg/detail/loadcell_data__rosidl_typesupport_fastrtps_c.h
[5.297s] -- Up-to-date: /home/giulia0312/easywalk/install/pkg/lib/libpkg__rosidl_typesupport_fastrtps_c.so
[5.297s] -- Up-to-date: /home/giulia0312/easywalk/install/pkg/include/pkg/pkg
[5.297s] -- Up-to-date: /home/giulia0312/easywalk/install/pkg/include/pkg/pkg/msg
[5.297s] -- Up-to-date: /home/giulia0312/easywalk/install/pkg/include/pkg/pkg/msg/loadcell_data.hpp
[5.298s] -- Up-to-date: /home/giulia0312/easywalk/install/pkg/include/pkg/pkg/msg/rosidl_generator_cpp__visibility_control.hpp
[5.298s] -- Up-to-date: /home/giulia0312/easywalk/install/pkg/include/pkg/pkg/msg/detail
[5.298s] -- Up-to-date: /home/giulia0312/easywalk/install/pkg/include/pkg/pkg/msg/detail/loadcell_data__type_support.hpp
[5.298s] -- Up-to-date: /home/giulia0312/easywalk/install/pkg/include/pkg/pkg/msg/detail/loadcell_data__traits.hpp
[5.298s] -- Up-to-date: /home/giulia0312/easywalk/install/pkg/include/pkg/pkg/msg/detail/loadcell_data__struct.hpp
[5.298s] -- Up-to-date: /home/giulia0312/easywalk/install/pkg/include/pkg/pkg/msg/detail/loadcell_data__builder.hpp
[5.298s] -- Up-to-date: /home/giulia0312/easywalk/install/pkg/include/pkg/pkg
[5.298s] -- Up-to-date: /home/giulia0312/easywalk/install/pkg/include/pkg/pkg/msg
[5.298s] -- Up-to-date: /home/giulia0312/easywalk/install/pkg/include/pkg/pkg/msg/rosidl_typesupport_fastrtps_cpp__visibility_control.h
[5.299s] -- Up-to-date: /home/giulia0312/easywalk/install/pkg/include/pkg/pkg/msg/detail
[5.299s] -- Up-to-date: /home/giulia0312/easywalk/install/pkg/include/pkg/pkg/msg/detail/loadcell_data__rosidl_typesupport_fastrtps_cpp.hpp
[5.299s] -- Up-to-date: /home/giulia0312/easywalk/install/pkg/include/pkg/pkg/msg/detail/dds_fastrtps
[5.299s] -- Up-to-date: /home/giulia0312/easywalk/install/pkg/lib/libpkg__rosidl_typesupport_fastrtps_cpp.so
[5.299s] -- Up-to-date: /home/giulia0312/easywalk/install/pkg/include/pkg/pkg
[5.299s] -- Up-to-date: /home/giulia0312/easywalk/install/pkg/include/pkg/pkg/msg
[5.299s] -- Up-to-date: /home/giulia0312/easywalk/install/pkg/include/pkg/pkg/msg/detail
[5.299s] -- Up-to-date: /home/giulia0312/easywalk/install/pkg/include/pkg/pkg/msg/detail/loadcell_data__rosidl_typesupport_introspection_c.h
[5.299s] -- Installing: /home/giulia0312/easywalk/install/pkg/include/pkg/pkg/msg/detail/loadcell_data__type_support.c
[5.299s] -- Up-to-date: /home/giulia0312/easywalk/install/pkg/include/pkg/pkg/msg/rosidl_typesupport_introspection_c__visibility_control.h
[5.300s] -- Up-to-date: /home/giulia0312/easywalk/install/pkg/lib/libpkg__rosidl_typesupport_introspection_c.so
[5.300s] -- Up-to-date: /home/giulia0312/easywalk/install/pkg/lib/libpkg__rosidl_typesupport_c.so
[5.300s] -- Up-to-date: /home/giulia0312/easywalk/install/pkg/include/pkg/pkg
[5.300s] -- Up-to-date: /home/giulia0312/easywalk/install/pkg/include/pkg/pkg/msg
[5.300s] -- Up-to-date: /home/giulia0312/easywalk/install/pkg/include/pkg/pkg/msg/detail
[5.300s] -- Up-to-date: /home/giulia0312/easywalk/install/pkg/include/pkg/pkg/msg/detail/loadcell_data__type_support.cpp
[5.300s] -- Up-to-date: /home/giulia0312/easywalk/install/pkg/include/pkg/pkg/msg/detail/loadcell_data__rosidl_typesupport_introspection_cpp.hpp
[5.300s] -- Up-to-date: /home/giulia0312/easywalk/install/pkg/lib/libpkg__rosidl_typesupport_introspection_cpp.so
[5.300s] -- Up-to-date: /home/giulia0312/easywalk/install/pkg/lib/libpkg__rosidl_typesupport_cpp.so
[5.300s] -- Up-to-date: /home/giulia0312/easywalk/install/pkg/share/pkg/environment/pythonpath.sh
[5.300s] -- Up-to-date: /home/giulia0312/easywalk/install/pkg/share/pkg/environment/pythonpath.dsv
[5.300s] -- Up-to-date: /home/giulia0312/easywalk/install/pkg/lib/python3.12/site-packages/pkg-0.0.0-py3.12.egg-info
[5.300s] -- Installing: /home/giulia0312/easywalk/install/pkg/lib/python3.12/site-packages/pkg-0.0.0-py3.12.egg-info/SOURCES.txt
[5.301s] -- Installing: /home/giulia0312/easywalk/install/pkg/lib/python3.12/site-packages/pkg-0.0.0-py3.12.egg-info/PKG-INFO
[5.301s] -- Installing: /home/giulia0312/easywalk/install/pkg/lib/python3.12/site-packages/pkg-0.0.0-py3.12.egg-info/top_level.txt
[5.301s] -- Installing: /home/giulia0312/easywalk/install/pkg/lib/python3.12/site-packages/pkg-0.0.0-py3.12.egg-info/dependency_links.txt
[5.301s] -- Up-to-date: /home/giulia0312/easywalk/install/pkg/lib/python3.12/site-packages/pkg
[5.301s] -- Up-to-date: /home/giulia0312/easywalk/install/pkg/lib/python3.12/site-packages/pkg/_pkg_s.ep.rosidl_typesupport_introspection_c.c
[5.301s] -- Up-to-date: /home/giulia0312/easywalk/install/pkg/lib/python3.12/site-packages/pkg/_pkg_s.ep.rosidl_typesupport_fastrtps_c.c
[5.301s] -- Up-to-date: /home/giulia0312/easywalk/install/pkg/lib/python3.12/site-packages/pkg/pkg_s__rosidl_typesupport_introspection_c.so
[5.301s] -- Up-to-date: /home/giulia0312/easywalk/install/pkg/lib/python3.12/site-packages/pkg/pkg_s__rosidl_typesupport_c.so
[5.301s] -- Up-to-date: /home/giulia0312/easywalk/install/pkg/lib/python3.12/site-packages/pkg/pkg_s__rosidl_typesupport_fastrtps_c.so
[5.301s] -- Up-to-date: /home/giulia0312/easywalk/install/pkg/lib/python3.12/site-packages/pkg/__init__.py
[5.301s] -- Up-to-date: /home/giulia0312/easywalk/install/pkg/lib/python3.12/site-packages/pkg/_pkg_s.ep.rosidl_typesupport_c.c
[5.301s] -- Up-to-date: /home/giulia0312/easywalk/install/pkg/lib/python3.12/site-packages/pkg/msg
[5.302s] -- Up-to-date: /home/giulia0312/easywalk/install/pkg/lib/python3.12/site-packages/pkg/msg/__init__.py
[5.302s] -- Up-to-date: /home/giulia0312/easywalk/install/pkg/lib/python3.12/site-packages/pkg/msg/_loadcell_data.py
[5.302s] -- Up-to-date: /home/giulia0312/easywalk/install/pkg/lib/python3.12/site-packages/pkg/msg/_loadcell_data_s.c
[5.353s] Listing '/home/giulia0312/easywalk/install/pkg/lib/python3.12/site-packages/pkg'...
[5.353s] Listing '/home/giulia0312/easywalk/install/pkg/lib/python3.12/site-packages/pkg/msg'...
[5.363s] -- Up-to-date: /home/giulia0312/easywalk/install/pkg/lib/python3.12/site-packages/pkg/pkg_s__rosidl_typesupport_fastrtps_c.so
[5.363s] -- Up-to-date: /home/giulia0312/easywalk/install/pkg/lib/python3.12/site-packages/pkg/pkg_s__rosidl_typesupport_introspection_c.so
[5.363s] -- Up-to-date: /home/giulia0312/easywalk/install/pkg/lib/python3.12/site-packages/pkg/pkg_s__rosidl_typesupport_c.so
[5.364s] -- Up-to-date: /home/giulia0312/easywalk/install/pkg/lib/libpkg__rosidl_generator_py.so
[5.364s] -- Up-to-date: /home/giulia0312/easywalk/install/pkg/share/ament_index/resource_index/rust_packages/pkg
[5.364s] -- Up-to-date: /home/giulia0312/easywalk/install/pkg/share/pkg/rust
[5.364s] -- Up-to-date: /home/giulia0312/easywalk/install/pkg/share/pkg/rust/src
[5.364s] -- Up-to-date: /home/giulia0312/easywalk/install/pkg/share/pkg/rust/src/msg.rs
[5.364s] -- Up-to-date: /home/giulia0312/easywalk/install/pkg/share/pkg/rust/src/lib.rs
[5.364s] -- Up-to-date: /home/giulia0312/easywalk/install/pkg/share/pkg/rust/src/msg
[5.364s] -- Up-to-date: /home/giulia0312/easywalk/install/pkg/share/pkg/rust/src/msg/rmw.rs
[5.365s] -- Up-to-date: /home/giulia0312/easywalk/install/pkg/share/pkg/rust/build.rs
[5.365s] -- Up-to-date: /home/giulia0312/easywalk/install/pkg/share/pkg/rust/Cargo.toml
[5.365s] -- Up-to-date: /home/giulia0312/easywalk/install/pkg/share/pkg/msg/LoadcellData.idl
[5.365s] -- Up-to-date: /home/giulia0312/easywalk/install/pkg/share/pkg/msg/LoadcellData.msg
[5.365s] -- Up-to-date: /home/giulia0312/easywalk/install/pkg/share/ament_index/resource_index/package_run_dependencies/pkg
[5.365s] -- Up-to-date: /home/giulia0312/easywalk/install/pkg/share/ament_index/resource_index/parent_prefix_path/pkg
[5.365s] -- Up-to-date: /home/giulia0312/easywalk/install/pkg/share/pkg/environment/ament_prefix_path.sh
[5.365s] -- Up-to-date: /home/giulia0312/easywalk/install/pkg/share/pkg/environment/ament_prefix_path.dsv
[5.365s] -- Up-to-date: /home/giulia0312/easywalk/install/pkg/share/pkg/environment/path.sh
[5.366s] -- Up-to-date: /home/giulia0312/easywalk/install/pkg/share/pkg/environment/path.dsv
[5.366s] -- Up-to-date: /home/giulia0312/easywalk/install/pkg/share/pkg/local_setup.bash
[5.366s] -- Up-to-date: /home/giulia0312/easywalk/install/pkg/share/pkg/local_setup.sh
[5.366s] -- Up-to-date: /home/giulia0312/easywalk/install/pkg/share/pkg/local_setup.zsh
[5.366s] -- Up-to-date: /home/giulia0312/easywalk/install/pkg/share/pkg/local_setup.dsv
[5.366s] -- Installing: /home/giulia0312/easywalk/install/pkg/share/pkg/package.dsv
[5.366s] -- Up-to-date: /home/giulia0312/easywalk/install/pkg/share/ament_index/resource_index/packages/pkg
[5.366s] -- Up-to-date: /home/giulia0312/easywalk/install/pkg/share/pkg/cmake/export_pkg__rosidl_generator_cExport.cmake
[5.366s] -- Up-to-date: /home/giulia0312/easywalk/install/pkg/share/pkg/cmake/export_pkg__rosidl_generator_cExport-noconfig.cmake
[5.366s] -- Up-to-date: /home/giulia0312/easywalk/install/pkg/share/pkg/cmake/export_pkg__rosidl_typesupport_fastrtps_cExport.cmake
[5.367s] -- Up-to-date: /home/giulia0312/easywalk/install/pkg/share/pkg/cmake/export_pkg__rosidl_typesupport_fastrtps_cExport-noconfig.cmake
[5.367s] -- Up-to-date: /home/giulia0312/easywalk/install/pkg/share/pkg/cmake/export_pkg__rosidl_generator_cppExport.cmake
[5.367s] -- Up-to-date: /home/giulia0312/easywalk/install/pkg/share/pkg/cmake/export_pkg__rosidl_typesupport_fastrtps_cppExport.cmake
[5.367s] -- Up-to-date: /home/giulia0312/easywalk/install/pkg/share/pkg/cmake/export_pkg__rosidl_typesupport_fastrtps_cppExport-noconfig.cmake
[5.367s] -- Up-to-date: /home/giulia0312/easywalk/install/pkg/share/pkg/cmake/pkg__rosidl_typesupport_introspection_cExport.cmake
[5.367s] -- Up-to-date: /home/giulia0312/easywalk/install/pkg/share/pkg/cmake/pkg__rosidl_typesupport_introspection_cExport-noconfig.cmake
[5.367s] -- Up-to-date: /home/giulia0312/easywalk/install/pkg/share/pkg/cmake/pkg__rosidl_typesupport_cExport.cmake
[5.367s] -- Up-to-date: /home/giulia0312/easywalk/install/pkg/share/pkg/cmake/pkg__rosidl_typesupport_cExport-noconfig.cmake
[5.367s] -- Up-to-date: /home/giulia0312/easywalk/install/pkg/share/pkg/cmake/pkg__rosidl_typesupport_introspection_cppExport.cmake
[5.367s] -- Up-to-date: /home/giulia0312/easywalk/install/pkg/share/pkg/cmake/pkg__rosidl_typesupport_introspection_cppExport-noconfig.cmake
[5.367s] -- Up-to-date: /home/giulia0312/easywalk/install/pkg/share/pkg/cmake/pkg__rosidl_typesupport_cppExport.cmake
[5.367s] -- Up-to-date: /home/giulia0312/easywalk/install/pkg/share/pkg/cmake/pkg__rosidl_typesupport_cppExport-noconfig.cmake
[5.368s] -- Up-to-date: /home/giulia0312/easywalk/install/pkg/share/pkg/cmake/export_pkg__rosidl_generator_pyExport.cmake
[5.368s] -- Up-to-date: /home/giulia0312/easywalk/install/pkg/share/pkg/cmake/export_pkg__rosidl_generator_pyExport-noconfig.cmake
[5.368s] -- Up-to-date: /home/giulia0312/easywalk/install/pkg/share/pkg/cmake/rosidl_cmake-extras.cmake
[5.368s] -- Up-to-date: /home/giulia0312/easywalk/install/pkg/share/pkg/cmake/ament_cmake_export_dependencies-extras.cmake
[5.368s] -- Up-to-date: /home/giulia0312/easywalk/install/pkg/share/pkg/cmake/ament_cmake_export_include_directories-extras.cmake
[5.368s] -- Up-to-date: /home/giulia0312/easywalk/install/pkg/share/pkg/cmake/ament_cmake_export_libraries-extras.cmake
[5.368s] -- Up-to-date: /home/giulia0312/easywalk/install/pkg/share/pkg/cmake/ament_cmake_export_targets-extras.cmake
[5.368s] -- Up-to-date: /home/giulia0312/easywalk/install/pkg/share/pkg/cmake/rosidl_cmake_export_typesupport_targets-extras.cmake
[5.368s] -- Up-to-date: /home/giulia0312/easywalk/install/pkg/share/pkg/cmake/rosidl_cmake_export_typesupport_libraries-extras.cmake
[5.368s] -- Up-to-date: /home/giulia0312/easywalk/install/pkg/share/pkg/cmake/pkgConfig.cmake
[5.369s] -- Up-to-date: /home/giulia0312/easywalk/install/pkg/share/pkg/cmake/pkgConfig-version.cmake
[5.369s] -- Up-to-date: /home/giulia0312/easywalk/install/pkg/share/pkg/package.xml
[5.370s] Invoked command in '/home/giulia0312/easywalk/build/pkg' returned '0': CMAKE_PREFIX_PATH=${CMAKE_PREFIX_PATH}:/opt/ros/jazzy DEBUGINFOD_URLS=https://debuginfod.ubuntu.com /usr/bin/cmake --install /home/giulia0312/easywalk/build/pkg
