[  2%] Built target loadcells_pkg__rs
[  4%] Built target loadcells_pkg__rosidl_generator_type_description
[  4%] Built target ament_cmake_python_copy_loadcells_pkg
[ 17%] Built target loadcells_pkg__rosidl_generator_c
[ 19%] Built target loadcells_pkg__cpp
[ 31%] Built target loadcells_pkg__rosidl_typesupport_c
[ 34%] Built target loadcells_pkg__rosidl_typesupport_introspection_c
[ 41%] Built target loadcells_pkg__rosidl_typesupport_fastrtps_cpp
[ 56%] Built target loadcells_pkg__rosidl_typesupport_introspection_cpp
[ 56%] Built target loadcells_pkg__rosidl_typesupport_cpp
[ 63%] Built target loadcells_pkg__rosidl_typesupport_fastrtps_c
[ 63%] Built target loadcells_pkg
[ 65%] [32mBuilding CXX object CMakeFiles/loadcell_publisher_advanced.dir/src/loadcell_publisher_advanced.cpp.o[0m
[ 70%] Built target loadcell_subscriber
[ 75%] Built target loadcell_publisher
[ 78%] Built target loadcells_pkg__py
[ 82%] Built target loadcells_pkg__rosidl_generator_py
[ 87%] Built target loadcells_pkg_s__rosidl_typesupport_introspection_c
[ 92%] Built target loadcells_pkg_s__rosidl_typesupport_fastrtps_c
[ 97%] Built target loadcells_pkg_s__rosidl_typesupport_c
running egg_info
writing loadcells_pkg.egg-info/PKG-INFO
writing dependency_links to loadcells_pkg.egg-info/dependency_links.txt
writing top-level names to loadcells_pkg.egg-info/top_level.txt
reading manifest file 'loadcells_pkg.egg-info/SOURCES.txt'
writing manifest file 'loadcells_pkg.egg-info/SOURCES.txt'
[ 97%] Built target ament_cmake_python_build_loadcells_pkg_egg
[100%] [32m[1mLinking CXX executable loadcell_publisher_advanced[0m
[100%] Built target loadcell_publisher_advanced
-- Install configuration: ""
-- Up-to-date: /home/giulia0312/easywalk/install/loadcells_pkg/share/ament_index/resource_index/rosidl_interfaces/loadcells_pkg
-- Up-to-date: /home/giulia0312/easywalk/install/loadcells_pkg/share/loadcells_pkg/msg/LoadcellData.json
-- Up-to-date: /home/giulia0312/easywalk/install/loadcells_pkg/include/loadcells_pkg/loadcells_pkg
-- Up-to-date: /home/giulia0312/easywalk/install/loadcells_pkg/include/loadcells_pkg/loadcells_pkg/msg
-- Up-to-date: /home/giulia0312/easywalk/install/loadcells_pkg/include/loadcells_pkg/loadcells_pkg/msg/detail
-- Up-to-date: /home/giulia0312/easywalk/install/loadcells_pkg/include/loadcells_pkg/loadcells_pkg/msg/detail/loadcell_data__struct.h
-- Up-to-date: /home/giulia0312/easywalk/install/loadcells_pkg/include/loadcells_pkg/loadcells_pkg/msg/detail/loadcell_data__functions.c
-- Up-to-date: /home/giulia0312/easywalk/install/loadcells_pkg/include/loadcells_pkg/loadcells_pkg/msg/detail/loadcell_data__description.c
-- Up-to-date: /home/giulia0312/easywalk/install/loadcells_pkg/include/loadcells_pkg/loadcells_pkg/msg/detail/loadcell_data__type_support.h
-- Up-to-date: /home/giulia0312/easywalk/install/loadcells_pkg/include/loadcells_pkg/loadcells_pkg/msg/detail/loadcell_data__functions.h
-- Up-to-date: /home/giulia0312/easywalk/install/loadcells_pkg/include/loadcells_pkg/loadcells_pkg/msg/detail/loadcell_data__type_support.c
-- Up-to-date: /home/giulia0312/easywalk/install/loadcells_pkg/include/loadcells_pkg/loadcells_pkg/msg/loadcell_data.h
-- Up-to-date: /home/giulia0312/easywalk/install/loadcells_pkg/include/loadcells_pkg/loadcells_pkg/msg/rosidl_generator_c__visibility_control.h
-- Up-to-date: /home/giulia0312/easywalk/install/loadcells_pkg/share/loadcells_pkg/environment/library_path.sh
-- Up-to-date: /home/giulia0312/easywalk/install/loadcells_pkg/share/loadcells_pkg/environment/library_path.dsv
-- Up-to-date: /home/giulia0312/easywalk/install/loadcells_pkg/lib/libloadcells_pkg__rosidl_generator_c.so
-- Up-to-date: /home/giulia0312/easywalk/install/loadcells_pkg/include/loadcells_pkg/loadcells_pkg
-- Up-to-date: /home/giulia0312/easywalk/install/loadcells_pkg/include/loadcells_pkg/loadcells_pkg/msg
-- Up-to-date: /home/giulia0312/easywalk/install/loadcells_pkg/include/loadcells_pkg/loadcells_pkg/msg/rosidl_typesupport_fastrtps_c__visibility_control.h
-- Up-to-date: /home/giulia0312/easywalk/install/loadcells_pkg/include/loadcells_pkg/loadcells_pkg/msg/detail
-- Up-to-date: /home/giulia0312/easywalk/install/loadcells_pkg/include/loadcells_pkg/loadcells_pkg/msg/detail/loadcell_data__rosidl_typesupport_fastrtps_c.h
-- Up-to-date: /home/giulia0312/easywalk/install/loadcells_pkg/lib/libloadcells_pkg__rosidl_typesupport_fastrtps_c.so
-- Up-to-date: /home/giulia0312/easywalk/install/loadcells_pkg/include/loadcells_pkg/loadcells_pkg
-- Up-to-date: /home/giulia0312/easywalk/install/loadcells_pkg/include/loadcells_pkg/loadcells_pkg/msg
-- Up-to-date: /home/giulia0312/easywalk/install/loadcells_pkg/include/loadcells_pkg/loadcells_pkg/msg/loadcell_data.hpp
-- Up-to-date: /home/giulia0312/easywalk/install/loadcells_pkg/include/loadcells_pkg/loadcells_pkg/msg/rosidl_generator_cpp__visibility_control.hpp
-- Up-to-date: /home/giulia0312/easywalk/install/loadcells_pkg/include/loadcells_pkg/loadcells_pkg/msg/detail
-- Up-to-date: /home/giulia0312/easywalk/install/loadcells_pkg/include/loadcells_pkg/loadcells_pkg/msg/detail/loadcell_data__type_support.hpp
-- Up-to-date: /home/giulia0312/easywalk/install/loadcells_pkg/include/loadcells_pkg/loadcells_pkg/msg/detail/loadcell_data__traits.hpp
-- Up-to-date: /home/giulia0312/easywalk/install/loadcells_pkg/include/loadcells_pkg/loadcells_pkg/msg/detail/loadcell_data__struct.hpp
-- Up-to-date: /home/giulia0312/easywalk/install/loadcells_pkg/include/loadcells_pkg/loadcells_pkg/msg/detail/loadcell_data__builder.hpp
-- Up-to-date: /home/giulia0312/easywalk/install/loadcells_pkg/include/loadcells_pkg/loadcells_pkg
-- Up-to-date: /home/giulia0312/easywalk/install/loadcells_pkg/include/loadcells_pkg/loadcells_pkg/msg
-- Up-to-date: /home/giulia0312/easywalk/install/loadcells_pkg/include/loadcells_pkg/loadcells_pkg/msg/rosidl_typesupport_fastrtps_cpp__visibility_control.h
-- Up-to-date: /home/giulia0312/easywalk/install/loadcells_pkg/include/loadcells_pkg/loadcells_pkg/msg/detail
-- Up-to-date: /home/giulia0312/easywalk/install/loadcells_pkg/include/loadcells_pkg/loadcells_pkg/msg/detail/loadcell_data__rosidl_typesupport_fastrtps_cpp.hpp
-- Up-to-date: /home/giulia0312/easywalk/install/loadcells_pkg/include/loadcells_pkg/loadcells_pkg/msg/detail/dds_fastrtps
-- Up-to-date: /home/giulia0312/easywalk/install/loadcells_pkg/lib/libloadcells_pkg__rosidl_typesupport_fastrtps_cpp.so
-- Up-to-date: /home/giulia0312/easywalk/install/loadcells_pkg/include/loadcells_pkg/loadcells_pkg
-- Up-to-date: /home/giulia0312/easywalk/install/loadcells_pkg/include/loadcells_pkg/loadcells_pkg/msg
-- Up-to-date: /home/giulia0312/easywalk/install/loadcells_pkg/include/loadcells_pkg/loadcells_pkg/msg/detail
-- Up-to-date: /home/giulia0312/easywalk/install/loadcells_pkg/include/loadcells_pkg/loadcells_pkg/msg/detail/loadcell_data__rosidl_typesupport_introspection_c.h
-- Up-to-date: /home/giulia0312/easywalk/install/loadcells_pkg/include/loadcells_pkg/loadcells_pkg/msg/detail/loadcell_data__type_support.c
-- Up-to-date: /home/giulia0312/easywalk/install/loadcells_pkg/include/loadcells_pkg/loadcells_pkg/msg/rosidl_typesupport_introspection_c__visibility_control.h
-- Up-to-date: /home/giulia0312/easywalk/install/loadcells_pkg/lib/libloadcells_pkg__rosidl_typesupport_introspection_c.so
-- Up-to-date: /home/giulia0312/easywalk/install/loadcells_pkg/lib/libloadcells_pkg__rosidl_typesupport_c.so
-- Up-to-date: /home/giulia0312/easywalk/install/loadcells_pkg/include/loadcells_pkg/loadcells_pkg
-- Up-to-date: /home/giulia0312/easywalk/install/loadcells_pkg/include/loadcells_pkg/loadcells_pkg/msg
-- Up-to-date: /home/giulia0312/easywalk/install/loadcells_pkg/include/loadcells_pkg/loadcells_pkg/msg/detail
-- Up-to-date: /home/giulia0312/easywalk/install/loadcells_pkg/include/loadcells_pkg/loadcells_pkg/msg/detail/loadcell_data__type_support.cpp
-- Up-to-date: /home/giulia0312/easywalk/install/loadcells_pkg/include/loadcells_pkg/loadcells_pkg/msg/detail/loadcell_data__rosidl_typesupport_introspection_cpp.hpp
-- Up-to-date: /home/giulia0312/easywalk/install/loadcells_pkg/lib/libloadcells_pkg__rosidl_typesupport_introspection_cpp.so
-- Up-to-date: /home/giulia0312/easywalk/install/loadcells_pkg/lib/libloadcells_pkg__rosidl_typesupport_cpp.so
-- Up-to-date: /home/giulia0312/easywalk/install/loadcells_pkg/share/loadcells_pkg/environment/pythonpath.sh
-- Up-to-date: /home/giulia0312/easywalk/install/loadcells_pkg/share/loadcells_pkg/environment/pythonpath.dsv
-- Up-to-date: /home/giulia0312/easywalk/install/loadcells_pkg/lib/python3.12/site-packages/loadcells_pkg-0.0.0-py3.12.egg-info
-- Installing: /home/giulia0312/easywalk/install/loadcells_pkg/lib/python3.12/site-packages/loadcells_pkg-0.0.0-py3.12.egg-info/SOURCES.txt
-- Installing: /home/giulia0312/easywalk/install/loadcells_pkg/lib/python3.12/site-packages/loadcells_pkg-0.0.0-py3.12.egg-info/PKG-INFO
-- Installing: /home/giulia0312/easywalk/install/loadcells_pkg/lib/python3.12/site-packages/loadcells_pkg-0.0.0-py3.12.egg-info/top_level.txt
-- Installing: /home/giulia0312/easywalk/install/loadcells_pkg/lib/python3.12/site-packages/loadcells_pkg-0.0.0-py3.12.egg-info/dependency_links.txt
-- Up-to-date: /home/giulia0312/easywalk/install/loadcells_pkg/lib/python3.12/site-packages/loadcells_pkg
-- Up-to-date: /home/giulia0312/easywalk/install/loadcells_pkg/lib/python3.12/site-packages/loadcells_pkg/loadcells_pkg_s__rosidl_typesupport_introspection_c.so
-- Up-to-date: /home/giulia0312/easywalk/install/loadcells_pkg/lib/python3.12/site-packages/loadcells_pkg/_loadcells_pkg_s.ep.rosidl_typesupport_c.c
-- Up-to-date: /home/giulia0312/easywalk/install/loadcells_pkg/lib/python3.12/site-packages/loadcells_pkg/loadcells_pkg_s__rosidl_typesupport_fastrtps_c.so
-- Up-to-date: /home/giulia0312/easywalk/install/loadcells_pkg/lib/python3.12/site-packages/loadcells_pkg/loadcells_pkg_s__rosidl_typesupport_c.so
-- Installing: /home/giulia0312/easywalk/install/loadcells_pkg/lib/python3.12/site-packages/loadcells_pkg/__init__.py
-- Up-to-date: /home/giulia0312/easywalk/install/loadcells_pkg/lib/python3.12/site-packages/loadcells_pkg/_loadcells_pkg_s.ep.rosidl_typesupport_introspection_c.c
-- Up-to-date: /home/giulia0312/easywalk/install/loadcells_pkg/lib/python3.12/site-packages/loadcells_pkg/_loadcells_pkg_s.ep.rosidl_typesupport_fastrtps_c.c
-- Up-to-date: /home/giulia0312/easywalk/install/loadcells_pkg/lib/python3.12/site-packages/loadcells_pkg/msg
-- Up-to-date: /home/giulia0312/easywalk/install/loadcells_pkg/lib/python3.12/site-packages/loadcells_pkg/msg/__init__.py
-- Up-to-date: /home/giulia0312/easywalk/install/loadcells_pkg/lib/python3.12/site-packages/loadcells_pkg/msg/_loadcell_data.py
-- Up-to-date: /home/giulia0312/easywalk/install/loadcells_pkg/lib/python3.12/site-packages/loadcells_pkg/msg/_loadcell_data_s.c
Listing '/home/giulia0312/easywalk/install/loadcells_pkg/lib/python3.12/site-packages/loadcells_pkg'...
Compiling '/home/giulia0312/easywalk/install/loadcells_pkg/lib/python3.12/site-packages/loadcells_pkg/__init__.py'...
Listing '/home/giulia0312/easywalk/install/loadcells_pkg/lib/python3.12/site-packages/loadcells_pkg/msg'...
-- Up-to-date: /home/giulia0312/easywalk/install/loadcells_pkg/lib/python3.12/site-packages/loadcells_pkg/loadcells_pkg_s__rosidl_typesupport_fastrtps_c.so
-- Up-to-date: /home/giulia0312/easywalk/install/loadcells_pkg/lib/python3.12/site-packages/loadcells_pkg/loadcells_pkg_s__rosidl_typesupport_introspection_c.so
-- Up-to-date: /home/giulia0312/easywalk/install/loadcells_pkg/lib/python3.12/site-packages/loadcells_pkg/loadcells_pkg_s__rosidl_typesupport_c.so
-- Up-to-date: /home/giulia0312/easywalk/install/loadcells_pkg/lib/libloadcells_pkg__rosidl_generator_py.so
-- Up-to-date: /home/giulia0312/easywalk/install/loadcells_pkg/share/ament_index/resource_index/rust_packages/loadcells_pkg
-- Up-to-date: /home/giulia0312/easywalk/install/loadcells_pkg/share/loadcells_pkg/rust
-- Up-to-date: /home/giulia0312/easywalk/install/loadcells_pkg/share/loadcells_pkg/rust/src
-- Up-to-date: /home/giulia0312/easywalk/install/loadcells_pkg/share/loadcells_pkg/rust/src/msg.rs
-- Up-to-date: /home/giulia0312/easywalk/install/loadcells_pkg/share/loadcells_pkg/rust/src/lib.rs
-- Up-to-date: /home/giulia0312/easywalk/install/loadcells_pkg/share/loadcells_pkg/rust/src/msg
-- Up-to-date: /home/giulia0312/easywalk/install/loadcells_pkg/share/loadcells_pkg/rust/src/msg/rmw.rs
-- Up-to-date: /home/giulia0312/easywalk/install/loadcells_pkg/share/loadcells_pkg/rust/build.rs
-- Up-to-date: /home/giulia0312/easywalk/install/loadcells_pkg/share/loadcells_pkg/rust/Cargo.toml
-- Up-to-date: /home/giulia0312/easywalk/install/loadcells_pkg/share/loadcells_pkg/msg/LoadcellData.idl
-- Up-to-date: /home/giulia0312/easywalk/install/loadcells_pkg/share/loadcells_pkg/msg/LoadcellData.msg
-- Installing: /home/giulia0312/easywalk/install/loadcells_pkg/lib/loadcells_pkg/loadcell_publisher
-- Set non-toolchain portion of runtime path of "/home/giulia0312/easywalk/install/loadcells_pkg/lib/loadcells_pkg/loadcell_publisher" to ""
-- Installing: /home/giulia0312/easywalk/install/loadcells_pkg/lib/loadcells_pkg/loadcell_publisher_advanced
-- Set non-toolchain portion of runtime path of "/home/giulia0312/easywalk/install/loadcells_pkg/lib/loadcells_pkg/loadcell_publisher_advanced" to ""
-- Up-to-date: /home/giulia0312/easywalk/install/loadcells_pkg/lib/loadcells_pkg/loadcell_subscriber
-- Up-to-date: /home/giulia0312/easywalk/install/loadcells_pkg/share/ament_index/resource_index/package_run_dependencies/loadcells_pkg
-- Up-to-date: /home/giulia0312/easywalk/install/loadcells_pkg/share/ament_index/resource_index/parent_prefix_path/loadcells_pkg
-- Up-to-date: /home/giulia0312/easywalk/install/loadcells_pkg/share/loadcells_pkg/environment/ament_prefix_path.sh
-- Up-to-date: /home/giulia0312/easywalk/install/loadcells_pkg/share/loadcells_pkg/environment/ament_prefix_path.dsv
-- Up-to-date: /home/giulia0312/easywalk/install/loadcells_pkg/share/loadcells_pkg/environment/path.sh
-- Up-to-date: /home/giulia0312/easywalk/install/loadcells_pkg/share/loadcells_pkg/environment/path.dsv
-- Up-to-date: /home/giulia0312/easywalk/install/loadcells_pkg/share/loadcells_pkg/local_setup.bash
-- Up-to-date: /home/giulia0312/easywalk/install/loadcells_pkg/share/loadcells_pkg/local_setup.sh
-- Up-to-date: /home/giulia0312/easywalk/install/loadcells_pkg/share/loadcells_pkg/local_setup.zsh
-- Up-to-date: /home/giulia0312/easywalk/install/loadcells_pkg/share/loadcells_pkg/local_setup.dsv
-- Installing: /home/giulia0312/easywalk/install/loadcells_pkg/share/loadcells_pkg/package.dsv
-- Up-to-date: /home/giulia0312/easywalk/install/loadcells_pkg/share/ament_index/resource_index/packages/loadcells_pkg
-- Up-to-date: /home/giulia0312/easywalk/install/loadcells_pkg/share/loadcells_pkg/cmake/export_loadcells_pkg__rosidl_generator_cExport.cmake
-- Up-to-date: /home/giulia0312/easywalk/install/loadcells_pkg/share/loadcells_pkg/cmake/export_loadcells_pkg__rosidl_generator_cExport-noconfig.cmake
-- Up-to-date: /home/giulia0312/easywalk/install/loadcells_pkg/share/loadcells_pkg/cmake/export_loadcells_pkg__rosidl_typesupport_fastrtps_cExport.cmake
-- Up-to-date: /home/giulia0312/easywalk/install/loadcells_pkg/share/loadcells_pkg/cmake/export_loadcells_pkg__rosidl_typesupport_fastrtps_cExport-noconfig.cmake
-- Up-to-date: /home/giulia0312/easywalk/install/loadcells_pkg/share/loadcells_pkg/cmake/export_loadcells_pkg__rosidl_generator_cppExport.cmake
-- Up-to-date: /home/giulia0312/easywalk/install/loadcells_pkg/share/loadcells_pkg/cmake/export_loadcells_pkg__rosidl_typesupport_fastrtps_cppExport.cmake
-- Up-to-date: /home/giulia0312/easywalk/install/loadcells_pkg/share/loadcells_pkg/cmake/export_loadcells_pkg__rosidl_typesupport_fastrtps_cppExport-noconfig.cmake
-- Up-to-date: /home/giulia0312/easywalk/install/loadcells_pkg/share/loadcells_pkg/cmake/loadcells_pkg__rosidl_typesupport_introspection_cExport.cmake
-- Up-to-date: /home/giulia0312/easywalk/install/loadcells_pkg/share/loadcells_pkg/cmake/loadcells_pkg__rosidl_typesupport_introspection_cExport-noconfig.cmake
-- Up-to-date: /home/giulia0312/easywalk/install/loadcells_pkg/share/loadcells_pkg/cmake/loadcells_pkg__rosidl_typesupport_cExport.cmake
-- Up-to-date: /home/giulia0312/easywalk/install/loadcells_pkg/share/loadcells_pkg/cmake/loadcells_pkg__rosidl_typesupport_cExport-noconfig.cmake
-- Up-to-date: /home/giulia0312/easywalk/install/loadcells_pkg/share/loadcells_pkg/cmake/loadcells_pkg__rosidl_typesupport_introspection_cppExport.cmake
-- Up-to-date: /home/giulia0312/easywalk/install/loadcells_pkg/share/loadcells_pkg/cmake/loadcells_pkg__rosidl_typesupport_introspection_cppExport-noconfig.cmake
-- Up-to-date: /home/giulia0312/easywalk/install/loadcells_pkg/share/loadcells_pkg/cmake/loadcells_pkg__rosidl_typesupport_cppExport.cmake
-- Up-to-date: /home/giulia0312/easywalk/install/loadcells_pkg/share/loadcells_pkg/cmake/loadcells_pkg__rosidl_typesupport_cppExport-noconfig.cmake
-- Up-to-date: /home/giulia0312/easywalk/install/loadcells_pkg/share/loadcells_pkg/cmake/export_loadcells_pkg__rosidl_generator_pyExport.cmake
-- Up-to-date: /home/giulia0312/easywalk/install/loadcells_pkg/share/loadcells_pkg/cmake/export_loadcells_pkg__rosidl_generator_pyExport-noconfig.cmake
-- Up-to-date: /home/giulia0312/easywalk/install/loadcells_pkg/share/loadcells_pkg/cmake/rosidl_cmake-extras.cmake
-- Up-to-date: /home/giulia0312/easywalk/install/loadcells_pkg/share/loadcells_pkg/cmake/ament_cmake_export_dependencies-extras.cmake
-- Up-to-date: /home/giulia0312/easywalk/install/loadcells_pkg/share/loadcells_pkg/cmake/ament_cmake_export_include_directories-extras.cmake
-- Up-to-date: /home/giulia0312/easywalk/install/loadcells_pkg/share/loadcells_pkg/cmake/ament_cmake_export_libraries-extras.cmake
-- Up-to-date: /home/giulia0312/easywalk/install/loadcells_pkg/share/loadcells_pkg/cmake/ament_cmake_export_targets-extras.cmake
-- Up-to-date: /home/giulia0312/easywalk/install/loadcells_pkg/share/loadcells_pkg/cmake/rosidl_cmake_export_typesupport_targets-extras.cmake
-- Up-to-date: /home/giulia0312/easywalk/install/loadcells_pkg/share/loadcells_pkg/cmake/rosidl_cmake_export_typesupport_libraries-extras.cmake
-- Up-to-date: /home/giulia0312/easywalk/install/loadcells_pkg/share/loadcells_pkg/cmake/loadcells_pkgConfig.cmake
-- Up-to-date: /home/giulia0312/easywalk/install/loadcells_pkg/share/loadcells_pkg/cmake/loadcells_pkgConfig-version.cmake
-- Up-to-date: /home/giulia0312/easywalk/install/loadcells_pkg/share/loadcells_pkg/package.xml
