[0.014s] Invoking command in '/home/giulia0312/easywalk/build/loadcells_pkg': CMAKE_PREFIX_PATH=${CMAKE_PREFIX_PATH}:/opt/ros/jazzy DEBUGINFOD_URLS=https://debuginfod.ubuntu.com /usr/bin/cmake --build /home/giulia0312/easywalk/build/loadcells_pkg -- -j12 -l12
[0.088s] [  2%] Built target loadcells_pkg__rs
[0.088s] [  4%] Built target loadcells_pkg__rosidl_generator_type_description
[0.101s] [  4%] Built target ament_cmake_python_copy_loadcells_pkg
[0.132s] [ 17%] Built target loadcells_pkg__rosidl_generator_c
[0.135s] [ 19%] Built target loadcells_pkg__cpp
[0.186s] [ 31%] Built target loadcells_pkg__rosidl_typesupport_c
[0.186s] [ 34%] Built target loadcells_pkg__rosidl_typesupport_introspection_c
[0.189s] [ 41%] Built target loadcells_pkg__rosidl_typesupport_fastrtps_cpp
[0.189s] [ 56%] Built target loadcells_pkg__rosidl_typesupport_introspection_cpp
[0.189s] [ 56%] Built target loadcells_pkg__rosidl_typesupport_cpp
[0.195s] [ 63%] Built target loadcells_pkg__rosidl_typesupport_fastrtps_c
[0.255s] [ 63%] Built target loadcells_pkg
[0.258s] [ 65%] [32mBuilding CXX object CMakeFiles/loadcell_publisher_advanced.dir/src/loadcell_publisher_advanced.cpp.o[0m
[0.264s] [ 70%] Built target loadcell_subscriber
[0.268s] [ 75%] Built target loadcell_publisher
[0.301s] [ 78%] Built target loadcells_pkg__py
[0.351s] [ 82%] Built target loadcells_pkg__rosidl_generator_py
[0.397s] [ 87%] Built target loadcells_pkg_s__rosidl_typesupport_introspection_c
[0.406s] [ 92%] Built target loadcells_pkg_s__rosidl_typesupport_fastrtps_c
[0.407s] [ 97%] Built target loadcells_pkg_s__rosidl_typesupport_c
[0.531s] running egg_info
[0.553s] writing loadcells_pkg.egg-info/PKG-INFO
[0.553s] writing dependency_links to loadcells_pkg.egg-info/dependency_links.txt
[0.553s] writing top-level names to loadcells_pkg.egg-info/top_level.txt
[0.611s] reading manifest file 'loadcells_pkg.egg-info/SOURCES.txt'
[0.612s] writing manifest file 'loadcells_pkg.egg-info/SOURCES.txt'
[0.651s] [ 97%] Built target ament_cmake_python_build_loadcells_pkg_egg
[5.373s] [100%] [32m[1mLinking CXX executable loadcell_publisher_advanced[0m
[5.592s] [100%] Built target loadcell_publisher_advanced
[5.612s] Invoked command in '/home/giulia0312/easywalk/build/loadcells_pkg' returned '0': CMAKE_PREFIX_PATH=${CMAKE_PREFIX_PATH}:/opt/ros/jazzy DEBUGINFOD_URLS=https://debuginfod.ubuntu.com /usr/bin/cmake --build /home/giulia0312/easywalk/build/loadcells_pkg -- -j12 -l12
[5.628s] Invoking command in '/home/giulia0312/easywalk/build/loadcells_pkg': CMAKE_PREFIX_PATH=${CMAKE_PREFIX_PATH}:/opt/ros/jazzy DEBUGINFOD_URLS=https://debuginfod.ubuntu.com /usr/bin/cmake --install /home/giulia0312/easywalk/build/loadcells_pkg
[5.646s] -- Install configuration: ""
[5.646s] -- Up-to-date: /home/giulia0312/easywalk/install/loadcells_pkg/share/ament_index/resource_index/rosidl_interfaces/loadcells_pkg
[5.646s] -- Up-to-date: /home/giulia0312/easywalk/install/loadcells_pkg/share/loadcells_pkg/msg/LoadcellData.json
[5.647s] -- Up-to-date: /home/giulia0312/easywalk/install/loadcells_pkg/include/loadcells_pkg/loadcells_pkg
[5.647s] -- Up-to-date: /home/giulia0312/easywalk/install/loadcells_pkg/include/loadcells_pkg/loadcells_pkg/msg
[5.648s] -- Up-to-date: /home/giulia0312/easywalk/install/loadcells_pkg/include/loadcells_pkg/loadcells_pkg/msg/detail
[5.649s] -- Up-to-date: /home/giulia0312/easywalk/install/loadcells_pkg/include/loadcells_pkg/loadcells_pkg/msg/detail/loadcell_data__struct.h
[5.649s] -- Up-to-date: /home/giulia0312/easywalk/install/loadcells_pkg/include/loadcells_pkg/loadcells_pkg/msg/detail/loadcell_data__functions.c
[5.650s] -- Up-to-date: /home/giulia0312/easywalk/install/loadcells_pkg/include/loadcells_pkg/loadcells_pkg/msg/detail/loadcell_data__description.c
[5.650s] -- Up-to-date: /home/giulia0312/easywalk/install/loadcells_pkg/include/loadcells_pkg/loadcells_pkg/msg/detail/loadcell_data__type_support.h
[5.650s] -- Up-to-date: /home/giulia0312/easywalk/install/loadcells_pkg/include/loadcells_pkg/loadcells_pkg/msg/detail/loadcell_data__functions.h
[5.651s] -- Up-to-date: /home/giulia0312/easywalk/install/loadcells_pkg/include/loadcells_pkg/loadcells_pkg/msg/detail/loadcell_data__type_support.c
[5.651s] -- Up-to-date: /home/giulia0312/easywalk/install/loadcells_pkg/include/loadcells_pkg/loadcells_pkg/msg/loadcell_data.h
[5.651s] -- Up-to-date: /home/giulia0312/easywalk/install/loadcells_pkg/include/loadcells_pkg/loadcells_pkg/msg/rosidl_generator_c__visibility_control.h
[5.652s] -- Up-to-date: /home/giulia0312/easywalk/install/loadcells_pkg/share/loadcells_pkg/environment/library_path.sh
[5.652s] -- Up-to-date: /home/giulia0312/easywalk/install/loadcells_pkg/share/loadcells_pkg/environment/library_path.dsv
[5.652s] -- Up-to-date: /home/giulia0312/easywalk/install/loadcells_pkg/lib/libloadcells_pkg__rosidl_generator_c.so
[5.652s] -- Up-to-date: /home/giulia0312/easywalk/install/loadcells_pkg/include/loadcells_pkg/loadcells_pkg
[5.653s] -- Up-to-date: /home/giulia0312/easywalk/install/loadcells_pkg/include/loadcells_pkg/loadcells_pkg/msg
[5.653s] -- Up-to-date: /home/giulia0312/easywalk/install/loadcells_pkg/include/loadcells_pkg/loadcells_pkg/msg/rosidl_typesupport_fastrtps_c__visibility_control.h
[5.653s] -- Up-to-date: /home/giulia0312/easywalk/install/loadcells_pkg/include/loadcells_pkg/loadcells_pkg/msg/detail
[5.654s] -- Up-to-date: /home/giulia0312/easywalk/install/loadcells_pkg/include/loadcells_pkg/loadcells_pkg/msg/detail/loadcell_data__rosidl_typesupport_fastrtps_c.h
[5.654s] -- Up-to-date: /home/giulia0312/easywalk/install/loadcells_pkg/lib/libloadcells_pkg__rosidl_typesupport_fastrtps_c.so
[5.654s] -- Up-to-date: /home/giulia0312/easywalk/install/loadcells_pkg/include/loadcells_pkg/loadcells_pkg
[5.654s] -- Up-to-date: /home/giulia0312/easywalk/install/loadcells_pkg/include/loadcells_pkg/loadcells_pkg/msg
[5.654s] -- Up-to-date: /home/giulia0312/easywalk/install/loadcells_pkg/include/loadcells_pkg/loadcells_pkg/msg/loadcell_data.hpp
[5.654s] -- Up-to-date: /home/giulia0312/easywalk/install/loadcells_pkg/include/loadcells_pkg/loadcells_pkg/msg/rosidl_generator_cpp__visibility_control.hpp
[5.654s] -- Up-to-date: /home/giulia0312/easywalk/install/loadcells_pkg/include/loadcells_pkg/loadcells_pkg/msg/detail
[5.654s] -- Up-to-date: /home/giulia0312/easywalk/install/loadcells_pkg/include/loadcells_pkg/loadcells_pkg/msg/detail/loadcell_data__type_support.hpp
[5.654s] -- Up-to-date: /home/giulia0312/easywalk/install/loadcells_pkg/include/loadcells_pkg/loadcells_pkg/msg/detail/loadcell_data__traits.hpp
[5.655s] -- Up-to-date: /home/giulia0312/easywalk/install/loadcells_pkg/include/loadcells_pkg/loadcells_pkg/msg/detail/loadcell_data__struct.hpp
[5.655s] -- Up-to-date: /home/giulia0312/easywalk/install/loadcells_pkg/include/loadcells_pkg/loadcells_pkg/msg/detail/loadcell_data__builder.hpp
[5.655s] -- Up-to-date: /home/giulia0312/easywalk/install/loadcells_pkg/include/loadcells_pkg/loadcells_pkg
[5.655s] -- Up-to-date: /home/giulia0312/easywalk/install/loadcells_pkg/include/loadcells_pkg/loadcells_pkg/msg
[5.655s] -- Up-to-date: /home/giulia0312/easywalk/install/loadcells_pkg/include/loadcells_pkg/loadcells_pkg/msg/rosidl_typesupport_fastrtps_cpp__visibility_control.h
[5.655s] -- Up-to-date: /home/giulia0312/easywalk/install/loadcells_pkg/include/loadcells_pkg/loadcells_pkg/msg/detail
[5.655s] -- Up-to-date: /home/giulia0312/easywalk/install/loadcells_pkg/include/loadcells_pkg/loadcells_pkg/msg/detail/loadcell_data__rosidl_typesupport_fastrtps_cpp.hpp
[5.655s] -- Up-to-date: /home/giulia0312/easywalk/install/loadcells_pkg/include/loadcells_pkg/loadcells_pkg/msg/detail/dds_fastrtps
[5.655s] -- Up-to-date: /home/giulia0312/easywalk/install/loadcells_pkg/lib/libloadcells_pkg__rosidl_typesupport_fastrtps_cpp.so
[5.655s] -- Up-to-date: /home/giulia0312/easywalk/install/loadcells_pkg/include/loadcells_pkg/loadcells_pkg
[5.656s] -- Up-to-date: /home/giulia0312/easywalk/install/loadcells_pkg/include/loadcells_pkg/loadcells_pkg/msg
[5.656s] -- Up-to-date: /home/giulia0312/easywalk/install/loadcells_pkg/include/loadcells_pkg/loadcells_pkg/msg/detail
[5.656s] -- Up-to-date: /home/giulia0312/easywalk/install/loadcells_pkg/include/loadcells_pkg/loadcells_pkg/msg/detail/loadcell_data__rosidl_typesupport_introspection_c.h
[5.656s] -- Up-to-date: /home/giulia0312/easywalk/install/loadcells_pkg/include/loadcells_pkg/loadcells_pkg/msg/detail/loadcell_data__type_support.c
[5.656s] -- Up-to-date: /home/giulia0312/easywalk/install/loadcells_pkg/include/loadcells_pkg/loadcells_pkg/msg/rosidl_typesupport_introspection_c__visibility_control.h
[5.656s] -- Up-to-date: /home/giulia0312/easywalk/install/loadcells_pkg/lib/libloadcells_pkg__rosidl_typesupport_introspection_c.so
[5.656s] -- Up-to-date: /home/giulia0312/easywalk/install/loadcells_pkg/lib/libloadcells_pkg__rosidl_typesupport_c.so
[5.656s] -- Up-to-date: /home/giulia0312/easywalk/install/loadcells_pkg/include/loadcells_pkg/loadcells_pkg
[5.656s] -- Up-to-date: /home/giulia0312/easywalk/install/loadcells_pkg/include/loadcells_pkg/loadcells_pkg/msg
[5.657s] -- Up-to-date: /home/giulia0312/easywalk/install/loadcells_pkg/include/loadcells_pkg/loadcells_pkg/msg/detail
[5.657s] -- Up-to-date: /home/giulia0312/easywalk/install/loadcells_pkg/include/loadcells_pkg/loadcells_pkg/msg/detail/loadcell_data__type_support.cpp
[5.657s] -- Up-to-date: /home/giulia0312/easywalk/install/loadcells_pkg/include/loadcells_pkg/loadcells_pkg/msg/detail/loadcell_data__rosidl_typesupport_introspection_cpp.hpp
[5.657s] -- Up-to-date: /home/giulia0312/easywalk/install/loadcells_pkg/lib/libloadcells_pkg__rosidl_typesupport_introspection_cpp.so
[5.657s] -- Up-to-date: /home/giulia0312/easywalk/install/loadcells_pkg/lib/libloadcells_pkg__rosidl_typesupport_cpp.so
[5.657s] -- Up-to-date: /home/giulia0312/easywalk/install/loadcells_pkg/share/loadcells_pkg/environment/pythonpath.sh
[5.657s] -- Up-to-date: /home/giulia0312/easywalk/install/loadcells_pkg/share/loadcells_pkg/environment/pythonpath.dsv
[5.657s] -- Up-to-date: /home/giulia0312/easywalk/install/loadcells_pkg/lib/python3.12/site-packages/loadcells_pkg-0.0.0-py3.12.egg-info
[5.658s] -- Installing: /home/giulia0312/easywalk/install/loadcells_pkg/lib/python3.12/site-packages/loadcells_pkg-0.0.0-py3.12.egg-info/SOURCES.txt
[5.658s] -- Installing: /home/giulia0312/easywalk/install/loadcells_pkg/lib/python3.12/site-packages/loadcells_pkg-0.0.0-py3.12.egg-info/PKG-INFO
[5.658s] -- Installing: /home/giulia0312/easywalk/install/loadcells_pkg/lib/python3.12/site-packages/loadcells_pkg-0.0.0-py3.12.egg-info/top_level.txt
[5.658s] -- Installing: /home/giulia0312/easywalk/install/loadcells_pkg/lib/python3.12/site-packages/loadcells_pkg-0.0.0-py3.12.egg-info/dependency_links.txt
[5.658s] -- Up-to-date: /home/giulia0312/easywalk/install/loadcells_pkg/lib/python3.12/site-packages/loadcells_pkg
[5.658s] -- Up-to-date: /home/giulia0312/easywalk/install/loadcells_pkg/lib/python3.12/site-packages/loadcells_pkg/loadcells_pkg_s__rosidl_typesupport_introspection_c.so
[5.658s] -- Up-to-date: /home/giulia0312/easywalk/install/loadcells_pkg/lib/python3.12/site-packages/loadcells_pkg/_loadcells_pkg_s.ep.rosidl_typesupport_c.c
[5.658s] -- Up-to-date: /home/giulia0312/easywalk/install/loadcells_pkg/lib/python3.12/site-packages/loadcells_pkg/loadcells_pkg_s__rosidl_typesupport_fastrtps_c.so
[5.658s] -- Up-to-date: /home/giulia0312/easywalk/install/loadcells_pkg/lib/python3.12/site-packages/loadcells_pkg/loadcells_pkg_s__rosidl_typesupport_c.so
[5.659s] -- Installing: /home/giulia0312/easywalk/install/loadcells_pkg/lib/python3.12/site-packages/loadcells_pkg/__init__.py
[5.659s] -- Up-to-date: /home/giulia0312/easywalk/install/loadcells_pkg/lib/python3.12/site-packages/loadcells_pkg/_loadcells_pkg_s.ep.rosidl_typesupport_introspection_c.c
[5.659s] -- Up-to-date: /home/giulia0312/easywalk/install/loadcells_pkg/lib/python3.12/site-packages/loadcells_pkg/_loadcells_pkg_s.ep.rosidl_typesupport_fastrtps_c.c
[5.659s] -- Up-to-date: /home/giulia0312/easywalk/install/loadcells_pkg/lib/python3.12/site-packages/loadcells_pkg/msg
[5.659s] -- Up-to-date: /home/giulia0312/easywalk/install/loadcells_pkg/lib/python3.12/site-packages/loadcells_pkg/msg/__init__.py
[5.659s] -- Up-to-date: /home/giulia0312/easywalk/install/loadcells_pkg/lib/python3.12/site-packages/loadcells_pkg/msg/_loadcell_data.py
[5.659s] -- Up-to-date: /home/giulia0312/easywalk/install/loadcells_pkg/lib/python3.12/site-packages/loadcells_pkg/msg/_loadcell_data_s.c
[5.707s] Listing '/home/giulia0312/easywalk/install/loadcells_pkg/lib/python3.12/site-packages/loadcells_pkg'...
[5.707s] Compiling '/home/giulia0312/easywalk/install/loadcells_pkg/lib/python3.12/site-packages/loadcells_pkg/__init__.py'...
[5.707s] Listing '/home/giulia0312/easywalk/install/loadcells_pkg/lib/python3.12/site-packages/loadcells_pkg/msg'...
[5.713s] -- Up-to-date: /home/giulia0312/easywalk/install/loadcells_pkg/lib/python3.12/site-packages/loadcells_pkg/loadcells_pkg_s__rosidl_typesupport_fastrtps_c.so
[5.714s] -- Up-to-date: /home/giulia0312/easywalk/install/loadcells_pkg/lib/python3.12/site-packages/loadcells_pkg/loadcells_pkg_s__rosidl_typesupport_introspection_c.so
[5.714s] -- Up-to-date: /home/giulia0312/easywalk/install/loadcells_pkg/lib/python3.12/site-packages/loadcells_pkg/loadcells_pkg_s__rosidl_typesupport_c.so
[5.714s] -- Up-to-date: /home/giulia0312/easywalk/install/loadcells_pkg/lib/libloadcells_pkg__rosidl_generator_py.so
[5.714s] -- Up-to-date: /home/giulia0312/easywalk/install/loadcells_pkg/share/ament_index/resource_index/rust_packages/loadcells_pkg
[5.714s] -- Up-to-date: /home/giulia0312/easywalk/install/loadcells_pkg/share/loadcells_pkg/rust
[5.714s] -- Up-to-date: /home/giulia0312/easywalk/install/loadcells_pkg/share/loadcells_pkg/rust/src
[5.714s] -- Up-to-date: /home/giulia0312/easywalk/install/loadcells_pkg/share/loadcells_pkg/rust/src/msg.rs
[5.715s] -- Up-to-date: /home/giulia0312/easywalk/install/loadcells_pkg/share/loadcells_pkg/rust/src/lib.rs
[5.715s] -- Up-to-date: /home/giulia0312/easywalk/install/loadcells_pkg/share/loadcells_pkg/rust/src/msg
[5.715s] -- Up-to-date: /home/giulia0312/easywalk/install/loadcells_pkg/share/loadcells_pkg/rust/src/msg/rmw.rs
[5.715s] -- Up-to-date: /home/giulia0312/easywalk/install/loadcells_pkg/share/loadcells_pkg/rust/build.rs
[5.715s] -- Up-to-date: /home/giulia0312/easywalk/install/loadcells_pkg/share/loadcells_pkg/rust/Cargo.toml
[5.715s] -- Up-to-date: /home/giulia0312/easywalk/install/loadcells_pkg/share/loadcells_pkg/msg/LoadcellData.idl
[5.715s] -- Up-to-date: /home/giulia0312/easywalk/install/loadcells_pkg/share/loadcells_pkg/msg/LoadcellData.msg
[5.715s] -- Installing: /home/giulia0312/easywalk/install/loadcells_pkg/lib/loadcells_pkg/loadcell_publisher
[5.716s] -- Set non-toolchain portion of runtime path of "/home/giulia0312/easywalk/install/loadcells_pkg/lib/loadcells_pkg/loadcell_publisher" to ""
[5.716s] -- Installing: /home/giulia0312/easywalk/install/loadcells_pkg/lib/loadcells_pkg/loadcell_publisher_advanced
[5.717s] -- Set non-toolchain portion of runtime path of "/home/giulia0312/easywalk/install/loadcells_pkg/lib/loadcells_pkg/loadcell_publisher_advanced" to ""
[5.717s] -- Up-to-date: /home/giulia0312/easywalk/install/loadcells_pkg/lib/loadcells_pkg/loadcell_subscriber
[5.717s] -- Up-to-date: /home/giulia0312/easywalk/install/loadcells_pkg/share/ament_index/resource_index/package_run_dependencies/loadcells_pkg
[5.718s] -- Up-to-date: /home/giulia0312/easywalk/install/loadcells_pkg/share/ament_index/resource_index/parent_prefix_path/loadcells_pkg
[5.718s] -- Up-to-date: /home/giulia0312/easywalk/install/loadcells_pkg/share/loadcells_pkg/environment/ament_prefix_path.sh
[5.718s] -- Up-to-date: /home/giulia0312/easywalk/install/loadcells_pkg/share/loadcells_pkg/environment/ament_prefix_path.dsv
[5.718s] -- Up-to-date: /home/giulia0312/easywalk/install/loadcells_pkg/share/loadcells_pkg/environment/path.sh
[5.718s] -- Up-to-date: /home/giulia0312/easywalk/install/loadcells_pkg/share/loadcells_pkg/environment/path.dsv
[5.718s] -- Up-to-date: /home/giulia0312/easywalk/install/loadcells_pkg/share/loadcells_pkg/local_setup.bash
[5.718s] -- Up-to-date: /home/giulia0312/easywalk/install/loadcells_pkg/share/loadcells_pkg/local_setup.sh
[5.718s] -- Up-to-date: /home/giulia0312/easywalk/install/loadcells_pkg/share/loadcells_pkg/local_setup.zsh
[5.718s] -- Up-to-date: /home/giulia0312/easywalk/install/loadcells_pkg/share/loadcells_pkg/local_setup.dsv
[5.718s] -- Installing: /home/giulia0312/easywalk/install/loadcells_pkg/share/loadcells_pkg/package.dsv
[5.718s] -- Up-to-date: /home/giulia0312/easywalk/install/loadcells_pkg/share/ament_index/resource_index/packages/loadcells_pkg
[5.718s] -- Up-to-date: /home/giulia0312/easywalk/install/loadcells_pkg/share/loadcells_pkg/cmake/export_loadcells_pkg__rosidl_generator_cExport.cmake
[5.719s] -- Up-to-date: /home/giulia0312/easywalk/install/loadcells_pkg/share/loadcells_pkg/cmake/export_loadcells_pkg__rosidl_generator_cExport-noconfig.cmake
[5.719s] -- Up-to-date: /home/giulia0312/easywalk/install/loadcells_pkg/share/loadcells_pkg/cmake/export_loadcells_pkg__rosidl_typesupport_fastrtps_cExport.cmake
[5.719s] -- Up-to-date: /home/giulia0312/easywalk/install/loadcells_pkg/share/loadcells_pkg/cmake/export_loadcells_pkg__rosidl_typesupport_fastrtps_cExport-noconfig.cmake
[5.719s] -- Up-to-date: /home/giulia0312/easywalk/install/loadcells_pkg/share/loadcells_pkg/cmake/export_loadcells_pkg__rosidl_generator_cppExport.cmake
[5.719s] -- Up-to-date: /home/giulia0312/easywalk/install/loadcells_pkg/share/loadcells_pkg/cmake/export_loadcells_pkg__rosidl_typesupport_fastrtps_cppExport.cmake
[5.719s] -- Up-to-date: /home/giulia0312/easywalk/install/loadcells_pkg/share/loadcells_pkg/cmake/export_loadcells_pkg__rosidl_typesupport_fastrtps_cppExport-noconfig.cmake
[5.719s] -- Up-to-date: /home/giulia0312/easywalk/install/loadcells_pkg/share/loadcells_pkg/cmake/loadcells_pkg__rosidl_typesupport_introspection_cExport.cmake
[5.719s] -- Up-to-date: /home/giulia0312/easywalk/install/loadcells_pkg/share/loadcells_pkg/cmake/loadcells_pkg__rosidl_typesupport_introspection_cExport-noconfig.cmake
[5.719s] -- Up-to-date: /home/giulia0312/easywalk/install/loadcells_pkg/share/loadcells_pkg/cmake/loadcells_pkg__rosidl_typesupport_cExport.cmake
[5.719s] -- Up-to-date: /home/giulia0312/easywalk/install/loadcells_pkg/share/loadcells_pkg/cmake/loadcells_pkg__rosidl_typesupport_cExport-noconfig.cmake
[5.719s] -- Up-to-date: /home/giulia0312/easywalk/install/loadcells_pkg/share/loadcells_pkg/cmake/loadcells_pkg__rosidl_typesupport_introspection_cppExport.cmake
[5.719s] -- Up-to-date: /home/giulia0312/easywalk/install/loadcells_pkg/share/loadcells_pkg/cmake/loadcells_pkg__rosidl_typesupport_introspection_cppExport-noconfig.cmake
[5.719s] -- Up-to-date: /home/giulia0312/easywalk/install/loadcells_pkg/share/loadcells_pkg/cmake/loadcells_pkg__rosidl_typesupport_cppExport.cmake
[5.719s] -- Up-to-date: /home/giulia0312/easywalk/install/loadcells_pkg/share/loadcells_pkg/cmake/loadcells_pkg__rosidl_typesupport_cppExport-noconfig.cmake
[5.720s] -- Up-to-date: /home/giulia0312/easywalk/install/loadcells_pkg/share/loadcells_pkg/cmake/export_loadcells_pkg__rosidl_generator_pyExport.cmake
[5.720s] -- Up-to-date: /home/giulia0312/easywalk/install/loadcells_pkg/share/loadcells_pkg/cmake/export_loadcells_pkg__rosidl_generator_pyExport-noconfig.cmake
[5.720s] -- Up-to-date: /home/giulia0312/easywalk/install/loadcells_pkg/share/loadcells_pkg/cmake/rosidl_cmake-extras.cmake
[5.720s] -- Up-to-date: /home/giulia0312/easywalk/install/loadcells_pkg/share/loadcells_pkg/cmake/ament_cmake_export_dependencies-extras.cmake
[5.720s] -- Up-to-date: /home/giulia0312/easywalk/install/loadcells_pkg/share/loadcells_pkg/cmake/ament_cmake_export_include_directories-extras.cmake
[5.720s] -- Up-to-date: /home/giulia0312/easywalk/install/loadcells_pkg/share/loadcells_pkg/cmake/ament_cmake_export_libraries-extras.cmake
[5.720s] -- Up-to-date: /home/giulia0312/easywalk/install/loadcells_pkg/share/loadcells_pkg/cmake/ament_cmake_export_targets-extras.cmake
[5.720s] -- Up-to-date: /home/giulia0312/easywalk/install/loadcells_pkg/share/loadcells_pkg/cmake/rosidl_cmake_export_typesupport_targets-extras.cmake
[5.720s] -- Up-to-date: /home/giulia0312/easywalk/install/loadcells_pkg/share/loadcells_pkg/cmake/rosidl_cmake_export_typesupport_libraries-extras.cmake
[5.720s] -- Up-to-date: /home/giulia0312/easywalk/install/loadcells_pkg/share/loadcells_pkg/cmake/loadcells_pkgConfig.cmake
[5.720s] -- Up-to-date: /home/giulia0312/easywalk/install/loadcells_pkg/share/loadcells_pkg/cmake/loadcells_pkgConfig-version.cmake
[5.720s] -- Up-to-date: /home/giulia0312/easywalk/install/loadcells_pkg/share/loadcells_pkg/package.xml
[5.722s] Invoked command in '/home/giulia0312/easywalk/build/loadcells_pkg' returned '0': CMAKE_PREFIX_PATH=${CMAKE_PREFIX_PATH}:/opt/ros/jazzy DEBUGINFOD_URLS=https://debuginfod.ubuntu.com /usr/bin/cmake --install /home/giulia0312/easywalk/build/loadcells_pkg
