[0.022s] Invoking command in '/home/giulia0312/easywalk/build/pkg': CMAKE_PREFIX_PATH=${CMAKE_PREFIX_PATH}:/opt/ros/jazzy DEBUGINFOD_URLS=https://debuginfod.ubuntu.com /usr/bin/cmake /home/giulia0312/easywalk/src/pkg -DCMAKE_EXPORT_COMPILE_COMMANS=ON -DCMAKE_INSTALL_PREFIX=/home/giulia0312/easywalk/install/pkg
[0.123s] -- The C compiler identification is GNU 13.3.0
[0.213s] -- The CXX compiler identification is GNU 13.3.0
[0.239s] -- Detecting C compiler ABI info
[0.393s] -- Detecting C compiler ABI info - done
[0.412s] -- Check for working C compiler: /usr/bin/cc - skipped
[0.413s] -- Detecting C compile features
[0.414s] -- Detecting C compile features - done
[0.433s] -- Detecting CXX compiler ABI info
[0.596s] -- Detecting CXX compiler ABI info - done
[0.619s] -- Check for working CXX compiler: /usr/bin/c++ - skipped
[0.619s] -- Detecting CXX compile features
[0.620s] -- Detecting CXX compile features - done
[0.628s] -- Found ament_cmake: 2.5.6 (/opt/ros/jazzy/share/ament_cmake/cmake)
[0.872s] -- Found Python3: /usr/bin/python3 (found version "3.12.3") found components: Interpreter 
[1.055s] -- Found ament_lint_auto: 0.17.5 (/opt/ros/jazzy/share/ament_lint_auto/cmake)
[1.228s] -- Added test 'cppcheck' to perform static code analysis on C / C++ code
[1.229s] -- Configured cppcheck include dirs: 
[1.229s] -- Configured cppcheck exclude dirs and/or files: 
[1.231s] -- Added test 'lint_cmake' to check CMake code style
[1.234s] -- Added test 'uncrustify' to check C / C++ code style
[1.234s] -- Configured uncrustify additional arguments: 
[1.236s] -- Added test 'xmllint' to check XML markup files
[1.241s] -- Configuring done (1.2s)
[1.248s] -- Generating done (0.0s)
[1.249s] [33mCMake Warning:
[1.249s]   Manually-specified variables were not used by the project:
[1.249s] 
[1.250s]     CMAKE_EXPORT_COMPILE_COMMANS
[1.250s] 
[1.250s] [0m
[1.252s] -- Build files have been written to: /home/giulia0312/easywalk/build/pkg
[1.260s] Invoked command in '/home/giulia0312/easywalk/build/pkg' returned '0': CMAKE_PREFIX_PATH=${CMAKE_PREFIX_PATH}:/opt/ros/jazzy DEBUGINFOD_URLS=https://debuginfod.ubuntu.com /usr/bin/cmake /home/giulia0312/easywalk/src/pkg -DCMAKE_EXPORT_COMPILE_COMMANS=ON -DCMAKE_INSTALL_PREFIX=/home/giulia0312/easywalk/install/pkg
[1.263s] Invoking command in '/home/giulia0312/easywalk/build/pkg': CMAKE_PREFIX_PATH=${CMAKE_PREFIX_PATH}:/opt/ros/jazzy DEBUGINFOD_URLS=https://debuginfod.ubuntu.com /usr/bin/cmake --build /home/giulia0312/easywalk/build/pkg -- -j12 -l12
[1.325s] Invoked command in '/home/giulia0312/easywalk/build/pkg' returned '0': CMAKE_PREFIX_PATH=${CMAKE_PREFIX_PATH}:/opt/ros/jazzy DEBUGINFOD_URLS=https://debuginfod.ubuntu.com /usr/bin/cmake --build /home/giulia0312/easywalk/build/pkg -- -j12 -l12
[1.342s] Invoking command in '/home/giulia0312/easywalk/build/pkg': CMAKE_PREFIX_PATH=${CMAKE_PREFIX_PATH}:/opt/ros/jazzy DEBUGINFOD_URLS=https://debuginfod.ubuntu.com /usr/bin/cmake --install /home/giulia0312/easywalk/build/pkg
[1.353s] -- Install configuration: ""
[1.353s] -- Installing: /home/giulia0312/easywalk/install/pkg/share/ament_index/resource_index/package_run_dependencies/pkg
[1.354s] -- Installing: /home/giulia0312/easywalk/install/pkg/share/ament_index/resource_index/parent_prefix_path/pkg
[1.354s] -- Installing: /home/giulia0312/easywalk/install/pkg/share/pkg/environment/ament_prefix_path.sh
[1.354s] -- Installing: /home/giulia0312/easywalk/install/pkg/share/pkg/environment/ament_prefix_path.dsv
[1.354s] -- Installing: /home/giulia0312/easywalk/install/pkg/share/pkg/environment/path.sh
[1.355s] -- Installing: /home/giulia0312/easywalk/install/pkg/share/pkg/environment/path.dsv
[1.355s] -- Installing: /home/giulia0312/easywalk/install/pkg/share/pkg/local_setup.bash
[1.355s] -- Installing: /home/giulia0312/easywalk/install/pkg/share/pkg/local_setup.sh
[1.355s] -- Installing: /home/giulia0312/easywalk/install/pkg/share/pkg/local_setup.zsh
[1.355s] -- Installing: /home/giulia0312/easywalk/install/pkg/share/pkg/local_setup.dsv
[1.356s] -- Installing: /home/giulia0312/easywalk/install/pkg/share/pkg/package.dsv
[1.356s] -- Installing: /home/giulia0312/easywalk/install/pkg/share/ament_index/resource_index/packages/pkg
[1.356s] -- Installing: /home/giulia0312/easywalk/install/pkg/share/pkg/cmake/pkgConfig.cmake
[1.356s] -- Installing: /home/giulia0312/easywalk/install/pkg/share/pkg/cmake/pkgConfig-version.cmake
[1.357s] -- Installing: /home/giulia0312/easywalk/install/pkg/share/pkg/package.xml
[1.358s] Invoked command in '/home/giulia0312/easywalk/build/pkg' returned '0': CMAKE_PREFIX_PATH=${CMAKE_PREFIX_PATH}:/opt/ros/jazzy DEBUGINFOD_URLS=https://debuginfod.ubuntu.com /usr/bin/cmake --install /home/giulia0312/easywalk/build/pkg
