-- Found ament_cmake: 2.5.6 (/opt/ros/jazzy/share/ament_cmake/cmake)
-- Found rclcpp: 28.1.18 (/opt/ros/jazzy/share/rclcpp/cmake)
-- Found rosidl_generator_c: 4.6.7 (/opt/ros/jazzy/share/rosidl_generator_c/cmake)
-- Found rosidl_generator_cpp: 4.6.7 (/opt/ros/jazzy/share/rosidl_generator_cpp/cmake)
-- Using all available rosidl_typesupport_c: rosidl_typesupport_fastrtps_c;rosidl_typesupport_introspection_c
-- Using all available rosidl_typesupport_cpp: rosidl_typesupport_fastrtps_cpp;rosidl_typesupport_introspection_cpp
-- Found rmw_implementation_cmake: 7.3.3 (/opt/ros/jazzy/share/rmw_implementation_cmake/cmake)
-- Found rmw_fastrtps_cpp: 8.4.3 (/opt/ros/jazzy/share/rmw_fastrtps_cpp/cmake)
-- Using RMW implementation 'rmw_fastrtps_cpp' as default
-- Found std_msgs: 5.3.7 (/opt/ros/jazzy/share/std_msgs/cmake)
-- Found rosidl_default_generators: 1.6.0 (/opt/ros/jazzy/share/rosidl_default_generators/cmake)
-- Found rosidl_adapter: 4.6.7 (/opt/ros/jazzy/share/rosidl_adapter/cmake)
-- Found ament_cmake_ros: 0.12.0 (/opt/ros/jazzy/share/ament_cmake_ros/cmake)
-- Using all available rosidl_typesupport_c: rosidl_typesupport_fastrtps_c;rosidl_typesupport_introspection_c
-- Using all available rosidl_typesupport_cpp: rosidl_typesupport_fastrtps_cpp;rosidl_typesupport_introspection_cpp
-- Found python_cmake_module: 0.11.1 (/opt/ros/jazzy/share/python_cmake_module/cmake)
-- Found Python3: /usr/bin/python3 (found version "3.12.3") found components: Interpreter Development NumPy Development.Module Development.Embed 
-- Found Python3: /usr/bin/python3 (found version "3.12.3") found components: Interpreter 
-- Found ament_lint_auto: 0.17.5 (/opt/ros/jazzy/share/ament_lint_auto/cmake)
-- Added test 'cppcheck' to perform static code analysis on C / C++ code
-- Configured cppcheck include dirs: 
-- Configured cppcheck exclude dirs and/or files: 
-- Added test 'lint_cmake' to check CMake code style
-- Added test 'uncrustify' to check C / C++ code style
-- Configured uncrustify additional arguments: 
-- Added test 'xmllint' to check XML markup files
-- Configuring done (1.8s)
-- Generating done (0.0s)
-- Build files have been written to: /home/giulia0312/easywalk/build/pkg
[  2%] Built target pkg__rosidl_generator_type_description
[  5%] Built target pkg__rs
[  5%] Built target ament_cmake_python_copy_pkg
[  8%] Built target pkg__cpp
[ 21%] Built target pkg__rosidl_generator_c
[ 24%] [34m[1mGenerating C type support dispatch for ROS interfaces[0m
[ 27%] [34m[1mGenerating C++ type support dispatch for ROS interfaces[0m
[ 29%] [34m[1mGenerating C++ introspection for ROS interfaces[0m
[ 35%] [34m[1mGenerating C introspection for ROS interfaces[0m
[ 35%] [34m[1mGenerating C++ type support for eProsima Fast-RTPS[0m
[ 37%] [34m[1mGenerating C type support for eProsima Fast-RTPS[0m
[ 40%] [32mBuilding CXX object CMakeFiles/pkg__rosidl_typesupport_cpp.dir/rosidl_typesupport_cpp/pkg/msg/loadcell_data__type_support.cpp.o[0m
[ 43%] [32mBuilding CXX object CMakeFiles/pkg__rosidl_typesupport_introspection_cpp.dir/rosidl_typesupport_introspection_cpp/pkg/msg/detail/loadcell_data__type_support.cpp.o[0m
[ 45%] [32mBuilding C object CMakeFiles/pkg__rosidl_typesupport_introspection_c.dir/rosidl_typesupport_introspection_c/pkg/msg/detail/loadcell_data__type_support.c.o[0m
running egg_info
[ 48%] [32mBuilding CXX object CMakeFiles/pkg__rosidl_typesupport_fastrtps_c.dir/rosidl_typesupport_fastrtps_c/pkg/msg/detail/loadcell_data__type_support_c.cpp.o[0m
[ 51%] [32mBuilding CXX object CMakeFiles/pkg__rosidl_typesupport_c.dir/rosidl_typesupport_c/pkg/msg/loadcell_data__type_support.cpp.o[0m
[ 54%] [32m[1mLinking C shared library libpkg__rosidl_typesupport_introspection_c.so[0m
writing pkg.egg-info/PKG-INFO
writing dependency_links to pkg.egg-info/dependency_links.txt
writing top-level names to pkg.egg-info/top_level.txt
[ 56%] [32mBuilding CXX object CMakeFiles/pkg__rosidl_typesupport_fastrtps_cpp.dir/rosidl_typesupport_fastrtps_cpp/pkg/msg/detail/dds_fastrtps/loadcell_data__type_support.cpp.o[0m
[ 56%] Built target pkg__rosidl_typesupport_introspection_c
[ 59%] [32m[1mLinking CXX shared library libpkg__rosidl_typesupport_c.so[0m
[ 59%] Built target pkg__rosidl_typesupport_c
reading manifest file 'pkg.egg-info/SOURCES.txt'
writing manifest file 'pkg.egg-info/SOURCES.txt'
[ 59%] Built target ament_cmake_python_build_pkg_egg
[ 62%] [32m[1mLinking CXX shared library libpkg__rosidl_typesupport_cpp.so[0m
[ 64%] [32m[1mLinking CXX shared library libpkg__rosidl_typesupport_introspection_cpp.so[0m
[ 64%] Built target pkg__rosidl_typesupport_cpp
[ 67%] [32mBuilding CXX object CMakeFiles/publisher.dir/src/uart.cpp.o[0m
[ 67%] Built target pkg__rosidl_typesupport_introspection_cpp
[ 70%] [32m[1mLinking CXX shared library libpkg__rosidl_typesupport_fastrtps_c.so[0m
[ 72%] [32m[1mLinking CXX shared library libpkg__rosidl_typesupport_fastrtps_cpp.so[0m
[ 72%] Built target pkg__rosidl_typesupport_fastrtps_c
[ 72%] Built target pkg__rosidl_typesupport_fastrtps_cpp
[ 72%] Built target pkg
[ 75%] [34m[1mGenerating Python code for ROS interfaces[0m
[ 75%] Built target pkg__py
[ 78%] [32mBuilding C object CMakeFiles/pkg__rosidl_generator_py.dir/rosidl_generator_py/pkg/msg/_loadcell_data_s.c.o[0m
[ 81%] [32m[1mLinking C shared library libpkg__rosidl_generator_py.so[0m
[ 81%] Built target pkg__rosidl_generator_py
[ 83%] [32mBuilding C object CMakeFiles/pkg_s__rosidl_typesupport_fastrtps_c.dir/rosidl_generator_py/pkg/_pkg_s.ep.rosidl_typesupport_fastrtps_c.c.o[0m
[ 86%] [32mBuilding C object CMakeFiles/pkg_s__rosidl_typesupport_introspection_c.dir/rosidl_generator_py/pkg/_pkg_s.ep.rosidl_typesupport_introspection_c.c.o[0m
[ 89%] [32mBuilding C object CMakeFiles/pkg_s__rosidl_typesupport_c.dir/rosidl_generator_py/pkg/_pkg_s.ep.rosidl_typesupport_c.c.o[0m
[ 91%] [32m[1mLinking C shared module rosidl_generator_py/pkg/pkg_s__rosidl_typesupport_c.so[0m
[ 94%] [32m[1mLinking C shared module rosidl_generator_py/pkg/pkg_s__rosidl_typesupport_fastrtps_c.so[0m
[ 97%] [32m[1mLinking C shared module rosidl_generator_py/pkg/pkg_s__rosidl_typesupport_introspection_c.so[0m
[ 97%] Built target pkg_s__rosidl_typesupport_c
[ 97%] Built target pkg_s__rosidl_typesupport_introspection_c
[ 97%] Built target pkg_s__rosidl_typesupport_fastrtps_c
[100%] [32m[1mLinking CXX executable publisher[0m
[100%] Built target publisher
-- Install configuration: ""
-- Installing: /home/giulia0312/easywalk/install/pkg/share/ament_index/resource_index/rosidl_interfaces/pkg
-- Installing: /home/giulia0312/easywalk/install/pkg/share/pkg/msg/LoadcellData.json
-- Installing: /home/giulia0312/easywalk/install/pkg/include/pkg/pkg
-- Installing: /home/giulia0312/easywalk/install/pkg/include/pkg/pkg/msg
-- Installing: /home/giulia0312/easywalk/install/pkg/include/pkg/pkg/msg/detail
-- Installing: /home/giulia0312/easywalk/install/pkg/include/pkg/pkg/msg/detail/loadcell_data__struct.h
-- Installing: /home/giulia0312/easywalk/install/pkg/include/pkg/pkg/msg/detail/loadcell_data__functions.c
-- Installing: /home/giulia0312/easywalk/install/pkg/include/pkg/pkg/msg/detail/loadcell_data__description.c
-- Installing: /home/giulia0312/easywalk/install/pkg/include/pkg/pkg/msg/detail/loadcell_data__type_support.h
-- Installing: /home/giulia0312/easywalk/install/pkg/include/pkg/pkg/msg/detail/loadcell_data__functions.h
-- Installing: /home/giulia0312/easywalk/install/pkg/include/pkg/pkg/msg/detail/loadcell_data__type_support.c
-- Installing: /home/giulia0312/easywalk/install/pkg/include/pkg/pkg/msg/loadcell_data.h
-- Installing: /home/giulia0312/easywalk/install/pkg/include/pkg/pkg/msg/rosidl_generator_c__visibility_control.h
-- Installing: /home/giulia0312/easywalk/install/pkg/share/pkg/environment/library_path.sh
-- Installing: /home/giulia0312/easywalk/install/pkg/share/pkg/environment/library_path.dsv
-- Installing: /home/giulia0312/easywalk/install/pkg/lib/libpkg__rosidl_generator_c.so
-- Set non-toolchain portion of runtime path of "/home/giulia0312/easywalk/install/pkg/lib/libpkg__rosidl_generator_c.so" to ""
-- Up-to-date: /home/giulia0312/easywalk/install/pkg/include/pkg/pkg
-- Up-to-date: /home/giulia0312/easywalk/install/pkg/include/pkg/pkg/msg
-- Installing: /home/giulia0312/easywalk/install/pkg/include/pkg/pkg/msg/rosidl_typesupport_fastrtps_c__visibility_control.h
-- Up-to-date: /home/giulia0312/easywalk/install/pkg/include/pkg/pkg/msg/detail
-- Installing: /home/giulia0312/easywalk/install/pkg/include/pkg/pkg/msg/detail/loadcell_data__rosidl_typesupport_fastrtps_c.h
-- Installing: /home/giulia0312/easywalk/install/pkg/lib/libpkg__rosidl_typesupport_fastrtps_c.so
-- Set non-toolchain portion of runtime path of "/home/giulia0312/easywalk/install/pkg/lib/libpkg__rosidl_typesupport_fastrtps_c.so" to ""
-- Up-to-date: /home/giulia0312/easywalk/install/pkg/include/pkg/pkg
-- Up-to-date: /home/giulia0312/easywalk/install/pkg/include/pkg/pkg/msg
-- Installing: /home/giulia0312/easywalk/install/pkg/include/pkg/pkg/msg/loadcell_data.hpp
-- Installing: /home/giulia0312/easywalk/install/pkg/include/pkg/pkg/msg/rosidl_generator_cpp__visibility_control.hpp
-- Up-to-date: /home/giulia0312/easywalk/install/pkg/include/pkg/pkg/msg/detail
-- Installing: /home/giulia0312/easywalk/install/pkg/include/pkg/pkg/msg/detail/loadcell_data__type_support.hpp
-- Installing: /home/giulia0312/easywalk/install/pkg/include/pkg/pkg/msg/detail/loadcell_data__traits.hpp
-- Installing: /home/giulia0312/easywalk/install/pkg/include/pkg/pkg/msg/detail/loadcell_data__struct.hpp
-- Installing: /home/giulia0312/easywalk/install/pkg/include/pkg/pkg/msg/detail/loadcell_data__builder.hpp
-- Up-to-date: /home/giulia0312/easywalk/install/pkg/include/pkg/pkg
-- Up-to-date: /home/giulia0312/easywalk/install/pkg/include/pkg/pkg/msg
-- Installing: /home/giulia0312/easywalk/install/pkg/include/pkg/pkg/msg/rosidl_typesupport_fastrtps_cpp__visibility_control.h
-- Up-to-date: /home/giulia0312/easywalk/install/pkg/include/pkg/pkg/msg/detail
-- Installing: /home/giulia0312/easywalk/install/pkg/include/pkg/pkg/msg/detail/loadcell_data__rosidl_typesupport_fastrtps_cpp.hpp
-- Installing: /home/giulia0312/easywalk/install/pkg/include/pkg/pkg/msg/detail/dds_fastrtps
-- Installing: /home/giulia0312/easywalk/install/pkg/lib/libpkg__rosidl_typesupport_fastrtps_cpp.so
-- Set non-toolchain portion of runtime path of "/home/giulia0312/easywalk/install/pkg/lib/libpkg__rosidl_typesupport_fastrtps_cpp.so" to ""
-- Up-to-date: /home/giulia0312/easywalk/install/pkg/include/pkg/pkg
-- Up-to-date: /home/giulia0312/easywalk/install/pkg/include/pkg/pkg/msg
-- Up-to-date: /home/giulia0312/easywalk/install/pkg/include/pkg/pkg/msg/detail
-- Installing: /home/giulia0312/easywalk/install/pkg/include/pkg/pkg/msg/detail/loadcell_data__rosidl_typesupport_introspection_c.h
-- Installing: /home/giulia0312/easywalk/install/pkg/include/pkg/pkg/msg/detail/loadcell_data__type_support.c
-- Installing: /home/giulia0312/easywalk/install/pkg/include/pkg/pkg/msg/rosidl_typesupport_introspection_c__visibility_control.h
-- Installing: /home/giulia0312/easywalk/install/pkg/lib/libpkg__rosidl_typesupport_introspection_c.so
-- Set non-toolchain portion of runtime path of "/home/giulia0312/easywalk/install/pkg/lib/libpkg__rosidl_typesupport_introspection_c.so" to ""
-- Installing: /home/giulia0312/easywalk/install/pkg/lib/libpkg__rosidl_typesupport_c.so
-- Set non-toolchain portion of runtime path of "/home/giulia0312/easywalk/install/pkg/lib/libpkg__rosidl_typesupport_c.so" to ""
-- Up-to-date: /home/giulia0312/easywalk/install/pkg/include/pkg/pkg
-- Up-to-date: /home/giulia0312/easywalk/install/pkg/include/pkg/pkg/msg
-- Up-to-date: /home/giulia0312/easywalk/install/pkg/include/pkg/pkg/msg/detail
-- Installing: /home/giulia0312/easywalk/install/pkg/include/pkg/pkg/msg/detail/loadcell_data__type_support.cpp
-- Installing: /home/giulia0312/easywalk/install/pkg/include/pkg/pkg/msg/detail/loadcell_data__rosidl_typesupport_introspection_cpp.hpp
-- Installing: /home/giulia0312/easywalk/install/pkg/lib/libpkg__rosidl_typesupport_introspection_cpp.so
-- Set non-toolchain portion of runtime path of "/home/giulia0312/easywalk/install/pkg/lib/libpkg__rosidl_typesupport_introspection_cpp.so" to ""
-- Installing: /home/giulia0312/easywalk/install/pkg/lib/libpkg__rosidl_typesupport_cpp.so
-- Set non-toolchain portion of runtime path of "/home/giulia0312/easywalk/install/pkg/lib/libpkg__rosidl_typesupport_cpp.so" to ""
-- Installing: /home/giulia0312/easywalk/install/pkg/share/pkg/environment/pythonpath.sh
-- Installing: /home/giulia0312/easywalk/install/pkg/share/pkg/environment/pythonpath.dsv
-- Installing: /home/giulia0312/easywalk/install/pkg/lib/python3.12/site-packages/pkg-0.0.0-py3.12.egg-info
-- Installing: /home/giulia0312/easywalk/install/pkg/lib/python3.12/site-packages/pkg-0.0.0-py3.12.egg-info/SOURCES.txt
-- Installing: /home/giulia0312/easywalk/install/pkg/lib/python3.12/site-packages/pkg-0.0.0-py3.12.egg-info/PKG-INFO
-- Installing: /home/giulia0312/easywalk/install/pkg/lib/python3.12/site-packages/pkg-0.0.0-py3.12.egg-info/top_level.txt
-- Installing: /home/giulia0312/easywalk/install/pkg/lib/python3.12/site-packages/pkg-0.0.0-py3.12.egg-info/dependency_links.txt
-- Installing: /home/giulia0312/easywalk/install/pkg/lib/python3.12/site-packages/pkg
-- Installing: /home/giulia0312/easywalk/install/pkg/lib/python3.12/site-packages/pkg/_pkg_s.ep.rosidl_typesupport_introspection_c.c
-- Installing: /home/giulia0312/easywalk/install/pkg/lib/python3.12/site-packages/pkg/_pkg_s.ep.rosidl_typesupport_fastrtps_c.c
-- Installing: /home/giulia0312/easywalk/install/pkg/lib/python3.12/site-packages/pkg/pkg_s__rosidl_typesupport_introspection_c.so
-- Installing: /home/giulia0312/easywalk/install/pkg/lib/python3.12/site-packages/pkg/pkg_s__rosidl_typesupport_c.so
-- Installing: /home/giulia0312/easywalk/install/pkg/lib/python3.12/site-packages/pkg/pkg_s__rosidl_typesupport_fastrtps_c.so
-- Installing: /home/giulia0312/easywalk/install/pkg/lib/python3.12/site-packages/pkg/__init__.py
-- Installing: /home/giulia0312/easywalk/install/pkg/lib/python3.12/site-packages/pkg/_pkg_s.ep.rosidl_typesupport_c.c
-- Installing: /home/giulia0312/easywalk/install/pkg/lib/python3.12/site-packages/pkg/msg
-- Installing: /home/giulia0312/easywalk/install/pkg/lib/python3.12/site-packages/pkg/msg/__init__.py
-- Installing: /home/giulia0312/easywalk/install/pkg/lib/python3.12/site-packages/pkg/msg/_loadcell_data.py
-- Installing: /home/giulia0312/easywalk/install/pkg/lib/python3.12/site-packages/pkg/msg/_loadcell_data_s.c
Listing '/home/giulia0312/easywalk/install/pkg/lib/python3.12/site-packages/pkg'...
Compiling '/home/giulia0312/easywalk/install/pkg/lib/python3.12/site-packages/pkg/__init__.py'...
Listing '/home/giulia0312/easywalk/install/pkg/lib/python3.12/site-packages/pkg/msg'...
Compiling '/home/giulia0312/easywalk/install/pkg/lib/python3.12/site-packages/pkg/msg/__init__.py'...
Compiling '/home/giulia0312/easywalk/install/pkg/lib/python3.12/site-packages/pkg/msg/_loadcell_data.py'...
-- Installing: /home/giulia0312/easywalk/install/pkg/lib/python3.12/site-packages/pkg/pkg_s__rosidl_typesupport_fastrtps_c.so
-- Set non-toolchain portion of runtime path of "/home/giulia0312/easywalk/install/pkg/lib/python3.12/site-packages/pkg/pkg_s__rosidl_typesupport_fastrtps_c.so" to ""
-- Installing: /home/giulia0312/easywalk/install/pkg/lib/python3.12/site-packages/pkg/pkg_s__rosidl_typesupport_introspection_c.so
-- Set non-toolchain portion of runtime path of "/home/giulia0312/easywalk/install/pkg/lib/python3.12/site-packages/pkg/pkg_s__rosidl_typesupport_introspection_c.so" to ""
-- Installing: /home/giulia0312/easywalk/install/pkg/lib/python3.12/site-packages/pkg/pkg_s__rosidl_typesupport_c.so
-- Set non-toolchain portion of runtime path of "/home/giulia0312/easywalk/install/pkg/lib/python3.12/site-packages/pkg/pkg_s__rosidl_typesupport_c.so" to ""
-- Installing: /home/giulia0312/easywalk/install/pkg/lib/libpkg__rosidl_generator_py.so
-- Set non-toolchain portion of runtime path of "/home/giulia0312/easywalk/install/pkg/lib/libpkg__rosidl_generator_py.so" to ""
-- Installing: /home/giulia0312/easywalk/install/pkg/share/ament_index/resource_index/rust_packages/pkg
-- Installing: /home/giulia0312/easywalk/install/pkg/share/pkg/rust
-- Installing: /home/giulia0312/easywalk/install/pkg/share/pkg/rust/src
-- Installing: /home/giulia0312/easywalk/install/pkg/share/pkg/rust/src/msg.rs
-- Installing: /home/giulia0312/easywalk/install/pkg/share/pkg/rust/src/lib.rs
-- Installing: /home/giulia0312/easywalk/install/pkg/share/pkg/rust/src/msg
-- Installing: /home/giulia0312/easywalk/install/pkg/share/pkg/rust/src/msg/rmw.rs
-- Installing: /home/giulia0312/easywalk/install/pkg/share/pkg/rust/build.rs
-- Installing: /home/giulia0312/easywalk/install/pkg/share/pkg/rust/Cargo.toml
-- Installing: /home/giulia0312/easywalk/install/pkg/share/pkg/msg/LoadcellData.idl
-- Installing: /home/giulia0312/easywalk/install/pkg/share/pkg/msg/LoadcellData.msg
-- Installing: /home/giulia0312/easywalk/install/pkg/share/ament_index/resource_index/package_run_dependencies/pkg
-- Up-to-date: /home/giulia0312/easywalk/install/pkg/share/ament_index/resource_index/parent_prefix_path/pkg
-- Up-to-date: /home/giulia0312/easywalk/install/pkg/share/pkg/environment/ament_prefix_path.sh
-- Up-to-date: /home/giulia0312/easywalk/install/pkg/share/pkg/environment/ament_prefix_path.dsv
-- Up-to-date: /home/giulia0312/easywalk/install/pkg/share/pkg/environment/path.sh
-- Up-to-date: /home/giulia0312/easywalk/install/pkg/share/pkg/environment/path.dsv
-- Up-to-date: /home/giulia0312/easywalk/install/pkg/share/pkg/local_setup.bash
-- Installing: /home/giulia0312/easywalk/install/pkg/share/pkg/local_setup.sh
-- Up-to-date: /home/giulia0312/easywalk/install/pkg/share/pkg/local_setup.zsh
-- Installing: /home/giulia0312/easywalk/install/pkg/share/pkg/local_setup.dsv
-- Installing: /home/giulia0312/easywalk/install/pkg/share/pkg/package.dsv
-- Up-to-date: /home/giulia0312/easywalk/install/pkg/share/ament_index/resource_index/packages/pkg
-- Installing: /home/giulia0312/easywalk/install/pkg/share/pkg/cmake/export_pkg__rosidl_generator_cExport.cmake
-- Installing: /home/giulia0312/easywalk/install/pkg/share/pkg/cmake/export_pkg__rosidl_generator_cExport-noconfig.cmake
-- Installing: /home/giulia0312/easywalk/install/pkg/share/pkg/cmake/export_pkg__rosidl_typesupport_fastrtps_cExport.cmake
-- Installing: /home/giulia0312/easywalk/install/pkg/share/pkg/cmake/export_pkg__rosidl_typesupport_fastrtps_cExport-noconfig.cmake
-- Installing: /home/giulia0312/easywalk/install/pkg/share/pkg/cmake/export_pkg__rosidl_generator_cppExport.cmake
-- Installing: /home/giulia0312/easywalk/install/pkg/share/pkg/cmake/export_pkg__rosidl_typesupport_fastrtps_cppExport.cmake
-- Installing: /home/giulia0312/easywalk/install/pkg/share/pkg/cmake/export_pkg__rosidl_typesupport_fastrtps_cppExport-noconfig.cmake
-- Installing: /home/giulia0312/easywalk/install/pkg/share/pkg/cmake/pkg__rosidl_typesupport_introspection_cExport.cmake
-- Installing: /home/giulia0312/easywalk/install/pkg/share/pkg/cmake/pkg__rosidl_typesupport_introspection_cExport-noconfig.cmake
-- Installing: /home/giulia0312/easywalk/install/pkg/share/pkg/cmake/pkg__rosidl_typesupport_cExport.cmake
-- Installing: /home/giulia0312/easywalk/install/pkg/share/pkg/cmake/pkg__rosidl_typesupport_cExport-noconfig.cmake
-- Installing: /home/giulia0312/easywalk/install/pkg/share/pkg/cmake/pkg__rosidl_typesupport_introspection_cppExport.cmake
-- Installing: /home/giulia0312/easywalk/install/pkg/share/pkg/cmake/pkg__rosidl_typesupport_introspection_cppExport-noconfig.cmake
-- Installing: /home/giulia0312/easywalk/install/pkg/share/pkg/cmake/pkg__rosidl_typesupport_cppExport.cmake
-- Installing: /home/giulia0312/easywalk/install/pkg/share/pkg/cmake/pkg__rosidl_typesupport_cppExport-noconfig.cmake
-- Installing: /home/giulia0312/easywalk/install/pkg/share/pkg/cmake/export_pkg__rosidl_generator_pyExport.cmake
-- Installing: /home/giulia0312/easywalk/install/pkg/share/pkg/cmake/export_pkg__rosidl_generator_pyExport-noconfig.cmake
-- Installing: /home/giulia0312/easywalk/install/pkg/share/pkg/cmake/rosidl_cmake-extras.cmake
-- Installing: /home/giulia0312/easywalk/install/pkg/share/pkg/cmake/ament_cmake_export_dependencies-extras.cmake
-- Installing: /home/giulia0312/easywalk/install/pkg/share/pkg/cmake/ament_cmake_export_include_directories-extras.cmake
-- Installing: /home/giulia0312/easywalk/install/pkg/share/pkg/cmake/ament_cmake_export_libraries-extras.cmake
-- Installing: /home/giulia0312/easywalk/install/pkg/share/pkg/cmake/ament_cmake_export_targets-extras.cmake
-- Installing: /home/giulia0312/easywalk/install/pkg/share/pkg/cmake/rosidl_cmake_export_typesupport_targets-extras.cmake
-- Installing: /home/giulia0312/easywalk/install/pkg/share/pkg/cmake/rosidl_cmake_export_typesupport_libraries-extras.cmake
-- Installing: /home/giulia0312/easywalk/install/pkg/share/pkg/cmake/pkgConfig.cmake
-- Up-to-date: /home/giulia0312/easywalk/install/pkg/share/pkg/cmake/pkgConfig-version.cmake
-- Installing: /home/giulia0312/easywalk/install/pkg/share/pkg/package.xml
