[0.015s] Invoking command in '/home/giulia0312/easywalk/build/pkg': CMAKE_PREFIX_PATH=${CMAKE_PREFIX_PATH}:/opt/ros/jazzy DEBUGINFOD_URLS=https://debuginfod.ubuntu.com /usr/bin/cmake --build /home/giulia0312/easywalk/build/pkg -- -j12 -l12
[0.055s] -- Found ament_cmake: 2.5.6 (/opt/ros/jazzy/share/ament_cmake/cmake)
[0.201s] -- Found rclcpp: 28.1.18 (/opt/ros/jazzy/share/rclcpp/cmake)
[0.242s] -- Found rosidl_generator_c: 4.6.7 (/opt/ros/jazzy/share/rosidl_generator_c/cmake)
[0.256s] -- Found rosidl_generator_cpp: 4.6.7 (/opt/ros/jazzy/share/rosidl_generator_cpp/cmake)
[0.270s] -- Using all available rosidl_typesupport_c: rosidl_typesupport_fastrtps_c;rosidl_typesupport_introspection_c
[0.287s] -- Using all available rosidl_typesupport_cpp: rosidl_typesupport_fastrtps_cpp;rosidl_typesupport_introspection_cpp
[0.367s] -- Found rmw_implementation_cmake: 7.3.3 (/opt/ros/jazzy/share/rmw_implementation_cmake/cmake)
[0.369s] -- Found rmw_fastrtps_cpp: 8.4.3 (/opt/ros/jazzy/share/rmw_fastrtps_cpp/cmake)
[0.466s] -- Using RMW implementation 'rmw_fastrtps_cpp' as default
[0.560s] -- Found std_msgs: 5.3.7 (/opt/ros/jazzy/share/std_msgs/cmake)
[0.576s] -- Found rosidl_default_generators: 1.6.0 (/opt/ros/jazzy/share/rosidl_default_generators/cmake)
[0.590s] -- Found rosidl_adapter: 4.6.7 (/opt/ros/jazzy/share/rosidl_adapter/cmake)
[0.957s] -- Found ament_cmake_ros: 0.12.0 (/opt/ros/jazzy/share/ament_cmake_ros/cmake)
[1.248s] -- Using all available rosidl_typesupport_c: rosidl_typesupport_fastrtps_c;rosidl_typesupport_introspection_c
[1.358s] -- Using all available rosidl_typesupport_cpp: rosidl_typesupport_fastrtps_cpp;rosidl_typesupport_introspection_cpp
[1.359s] -- Found python_cmake_module: 0.11.1 (/opt/ros/jazzy/share/python_cmake_module/cmake)
[1.727s] -- Found Python3: /usr/bin/python3 (found version "3.12.3") found components: Interpreter Development NumPy Development.Module Development.Embed 
[1.813s] -- Found Python3: /usr/bin/python3 (found version "3.12.3") found components: Interpreter 
[1.817s] -- Found ament_lint_auto: 0.17.5 (/opt/ros/jazzy/share/ament_lint_auto/cmake)
[1.829s] -- Added test 'cppcheck' to perform static code analysis on C / C++ code
[1.830s] -- Configured cppcheck include dirs: 
[1.830s] -- Configured cppcheck exclude dirs and/or files: 
[1.831s] -- Added test 'lint_cmake' to check CMake code style
[1.832s] -- Added test 'uncrustify' to check C / C++ code style
[1.832s] -- Configured uncrustify additional arguments: 
[1.832s] -- Added test 'xmllint' to check XML markup files
[1.835s] -- Configuring done (1.8s)
[1.889s] -- Generating done (0.0s)
[1.906s] -- Build files have been written to: /home/giulia0312/easywalk/build/pkg
[1.964s] [  2%] Built target pkg__rosidl_generator_type_description
[1.965s] [  5%] Built target pkg__rs
[1.979s] [  5%] Built target ament_cmake_python_copy_pkg
[1.995s] [  8%] Built target pkg__cpp
[1.998s] [ 21%] Built target pkg__rosidl_generator_c
[2.016s] [ 24%] [34m[1mGenerating C type support dispatch for ROS interfaces[0m
[2.017s] [ 27%] [34m[1mGenerating C++ type support dispatch for ROS interfaces[0m
[2.017s] [ 29%] [34m[1mGenerating C++ introspection for ROS interfaces[0m
[2.019s] [ 35%] [34m[1mGenerating C introspection for ROS interfaces[0m
[2.019s] [ 35%] [34m[1mGenerating C++ type support for eProsima Fast-RTPS[0m
[2.020s] [ 37%] [34m[1mGenerating C type support for eProsima Fast-RTPS[0m
[2.592s] [ 40%] [32mBuilding CXX object CMakeFiles/pkg__rosidl_typesupport_cpp.dir/rosidl_typesupport_cpp/pkg/msg/loadcell_data__type_support.cpp.o[0m
[2.626s] [ 43%] [32mBuilding CXX object CMakeFiles/pkg__rosidl_typesupport_introspection_cpp.dir/rosidl_typesupport_introspection_cpp/pkg/msg/detail/loadcell_data__type_support.cpp.o[0m
[2.640s] [ 45%] [32mBuilding C object CMakeFiles/pkg__rosidl_typesupport_introspection_c.dir/rosidl_typesupport_introspection_c/pkg/msg/detail/loadcell_data__type_support.c.o[0m
[2.669s] running egg_info
[2.687s] [ 48%] [32mBuilding CXX object CMakeFiles/pkg__rosidl_typesupport_fastrtps_c.dir/rosidl_typesupport_fastrtps_c/pkg/msg/detail/loadcell_data__type_support_c.cpp.o[0m
[2.720s] [ 51%] [32mBuilding CXX object CMakeFiles/pkg__rosidl_typesupport_c.dir/rosidl_typesupport_c/pkg/msg/loadcell_data__type_support.cpp.o[0m
[2.729s] [ 54%] [32m[1mLinking C shared library libpkg__rosidl_typesupport_introspection_c.so[0m
[2.753s] writing pkg.egg-info/PKG-INFO
[2.753s] writing dependency_links to pkg.egg-info/dependency_links.txt
[2.754s] writing top-level names to pkg.egg-info/top_level.txt
[2.787s] [ 56%] [32mBuilding CXX object CMakeFiles/pkg__rosidl_typesupport_fastrtps_cpp.dir/rosidl_typesupport_fastrtps_cpp/pkg/msg/detail/dds_fastrtps/loadcell_data__type_support.cpp.o[0m
[2.800s] [ 56%] Built target pkg__rosidl_typesupport_introspection_c
[2.853s] [ 59%] [32m[1mLinking CXX shared library libpkg__rosidl_typesupport_c.so[0m
[2.958s] [ 59%] Built target pkg__rosidl_typesupport_c
[2.959s] reading manifest file 'pkg.egg-info/SOURCES.txt'
[2.961s] writing manifest file 'pkg.egg-info/SOURCES.txt'
[3.026s] [ 59%] Built target ament_cmake_python_build_pkg_egg
[3.235s] [ 62%] [32m[1mLinking CXX shared library libpkg__rosidl_typesupport_cpp.so[0m
[3.262s] [ 64%] [32m[1mLinking CXX shared library libpkg__rosidl_typesupport_introspection_cpp.so[0m
[3.314s] [ 64%] Built target pkg__rosidl_typesupport_cpp
[3.378s] [ 67%] [32mBuilding CXX object CMakeFiles/publisher.dir/src/uart.cpp.o[0m
[3.385s] [ 67%] Built target pkg__rosidl_typesupport_introspection_cpp
[3.587s] [ 70%] [32m[1mLinking CXX shared library libpkg__rosidl_typesupport_fastrtps_c.so[0m
[3.616s] [ 72%] [32m[1mLinking CXX shared library libpkg__rosidl_typesupport_fastrtps_cpp.so[0m
[3.687s] [ 72%] Built target pkg__rosidl_typesupport_fastrtps_c
[3.711s] [ 72%] Built target pkg__rosidl_typesupport_fastrtps_cpp
[3.747s] [ 72%] Built target pkg
[3.782s] [ 75%] [34m[1mGenerating Python code for ROS interfaces[0m
[4.220s] [ 75%] Built target pkg__py
[4.256s] [ 78%] [32mBuilding C object CMakeFiles/pkg__rosidl_generator_py.dir/rosidl_generator_py/pkg/msg/_loadcell_data_s.c.o[0m
[4.430s] [ 81%] [32m[1mLinking C shared library libpkg__rosidl_generator_py.so[0m
[4.498s] [ 81%] Built target pkg__rosidl_generator_py
[4.530s] [ 83%] [32mBuilding C object CMakeFiles/pkg_s__rosidl_typesupport_fastrtps_c.dir/rosidl_generator_py/pkg/_pkg_s.ep.rosidl_typesupport_fastrtps_c.c.o[0m
[4.533s] [ 86%] [32mBuilding C object CMakeFiles/pkg_s__rosidl_typesupport_introspection_c.dir/rosidl_generator_py/pkg/_pkg_s.ep.rosidl_typesupport_introspection_c.c.o[0m
[4.533s] [ 89%] [32mBuilding C object CMakeFiles/pkg_s__rosidl_typesupport_c.dir/rosidl_generator_py/pkg/_pkg_s.ep.rosidl_typesupport_c.c.o[0m
[4.692s] [ 91%] [32m[1mLinking C shared module rosidl_generator_py/pkg/pkg_s__rosidl_typesupport_c.so[0m
[4.692s] [ 94%] [32m[1mLinking C shared module rosidl_generator_py/pkg/pkg_s__rosidl_typesupport_fastrtps_c.so[0m
[4.693s] [ 97%] [32m[1mLinking C shared module rosidl_generator_py/pkg/pkg_s__rosidl_typesupport_introspection_c.so[0m
[4.743s] [ 97%] Built target pkg_s__rosidl_typesupport_c
[4.744s] [ 97%] Built target pkg_s__rosidl_typesupport_introspection_c
[4.744s] [ 97%] Built target pkg_s__rosidl_typesupport_fastrtps_c
[8.795s] [100%] [32m[1mLinking CXX executable publisher[0m
[9.003s] [100%] Built target publisher
[9.020s] Invoked command in '/home/giulia0312/easywalk/build/pkg' returned '0': CMAKE_PREFIX_PATH=${CMAKE_PREFIX_PATH}:/opt/ros/jazzy DEBUGINFOD_URLS=https://debuginfod.ubuntu.com /usr/bin/cmake --build /home/giulia0312/easywalk/build/pkg -- -j12 -l12
[9.033s] Invoking command in '/home/giulia0312/easywalk/build/pkg': CMAKE_PREFIX_PATH=${CMAKE_PREFIX_PATH}:/opt/ros/jazzy DEBUGINFOD_URLS=https://debuginfod.ubuntu.com /usr/bin/cmake --install /home/giulia0312/easywalk/build/pkg
[9.045s] -- Install configuration: ""
[9.045s] -- Installing: /home/giulia0312/easywalk/install/pkg/share/ament_index/resource_index/rosidl_interfaces/pkg
[9.045s] -- Installing: /home/giulia0312/easywalk/install/pkg/share/pkg/msg/LoadcellData.json
[9.045s] -- Installing: /home/giulia0312/easywalk/install/pkg/include/pkg/pkg
[9.046s] -- Installing: /home/giulia0312/easywalk/install/pkg/include/pkg/pkg/msg
[9.046s] -- Installing: /home/giulia0312/easywalk/install/pkg/include/pkg/pkg/msg/detail
[9.046s] -- Installing: /home/giulia0312/easywalk/install/pkg/include/pkg/pkg/msg/detail/loadcell_data__struct.h
[9.046s] -- Installing: /home/giulia0312/easywalk/install/pkg/include/pkg/pkg/msg/detail/loadcell_data__functions.c
[9.046s] -- Installing: /home/giulia0312/easywalk/install/pkg/include/pkg/pkg/msg/detail/loadcell_data__description.c
[9.046s] -- Installing: /home/giulia0312/easywalk/install/pkg/include/pkg/pkg/msg/detail/loadcell_data__type_support.h
[9.047s] -- Installing: /home/giulia0312/easywalk/install/pkg/include/pkg/pkg/msg/detail/loadcell_data__functions.h
[9.047s] -- Installing: /home/giulia0312/easywalk/install/pkg/include/pkg/pkg/msg/detail/loadcell_data__type_support.c
[9.047s] -- Installing: /home/giulia0312/easywalk/install/pkg/include/pkg/pkg/msg/loadcell_data.h
[9.047s] -- Installing: /home/giulia0312/easywalk/install/pkg/include/pkg/pkg/msg/rosidl_generator_c__visibility_control.h
[9.047s] -- Installing: /home/giulia0312/easywalk/install/pkg/share/pkg/environment/library_path.sh
[9.047s] -- Installing: /home/giulia0312/easywalk/install/pkg/share/pkg/environment/library_path.dsv
[9.047s] -- Installing: /home/giulia0312/easywalk/install/pkg/lib/libpkg__rosidl_generator_c.so
[9.047s] -- Set non-toolchain portion of runtime path of "/home/giulia0312/easywalk/install/pkg/lib/libpkg__rosidl_generator_c.so" to ""
[9.048s] -- Up-to-date: /home/giulia0312/easywalk/install/pkg/include/pkg/pkg
[9.048s] -- Up-to-date: /home/giulia0312/easywalk/install/pkg/include/pkg/pkg/msg
[9.048s] -- Installing: /home/giulia0312/easywalk/install/pkg/include/pkg/pkg/msg/rosidl_typesupport_fastrtps_c__visibility_control.h
[9.048s] -- Up-to-date: /home/giulia0312/easywalk/install/pkg/include/pkg/pkg/msg/detail
[9.048s] -- Installing: /home/giulia0312/easywalk/install/pkg/include/pkg/pkg/msg/detail/loadcell_data__rosidl_typesupport_fastrtps_c.h
[9.048s] -- Installing: /home/giulia0312/easywalk/install/pkg/lib/libpkg__rosidl_typesupport_fastrtps_c.so
[9.048s] -- Set non-toolchain portion of runtime path of "/home/giulia0312/easywalk/install/pkg/lib/libpkg__rosidl_typesupport_fastrtps_c.so" to ""
[9.049s] -- Up-to-date: /home/giulia0312/easywalk/install/pkg/include/pkg/pkg
[9.049s] -- Up-to-date: /home/giulia0312/easywalk/install/pkg/include/pkg/pkg/msg
[9.049s] -- Installing: /home/giulia0312/easywalk/install/pkg/include/pkg/pkg/msg/loadcell_data.hpp
[9.049s] -- Installing: /home/giulia0312/easywalk/install/pkg/include/pkg/pkg/msg/rosidl_generator_cpp__visibility_control.hpp
[9.049s] -- Up-to-date: /home/giulia0312/easywalk/install/pkg/include/pkg/pkg/msg/detail
[9.049s] -- Installing: /home/giulia0312/easywalk/install/pkg/include/pkg/pkg/msg/detail/loadcell_data__type_support.hpp
[9.049s] -- Installing: /home/giulia0312/easywalk/install/pkg/include/pkg/pkg/msg/detail/loadcell_data__traits.hpp
[9.049s] -- Installing: /home/giulia0312/easywalk/install/pkg/include/pkg/pkg/msg/detail/loadcell_data__struct.hpp
[9.049s] -- Installing: /home/giulia0312/easywalk/install/pkg/include/pkg/pkg/msg/detail/loadcell_data__builder.hpp
[9.049s] -- Up-to-date: /home/giulia0312/easywalk/install/pkg/include/pkg/pkg
[9.049s] -- Up-to-date: /home/giulia0312/easywalk/install/pkg/include/pkg/pkg/msg
[9.050s] -- Installing: /home/giulia0312/easywalk/install/pkg/include/pkg/pkg/msg/rosidl_typesupport_fastrtps_cpp__visibility_control.h
[9.050s] -- Up-to-date: /home/giulia0312/easywalk/install/pkg/include/pkg/pkg/msg/detail
[9.050s] -- Installing: /home/giulia0312/easywalk/install/pkg/include/pkg/pkg/msg/detail/loadcell_data__rosidl_typesupport_fastrtps_cpp.hpp
[9.050s] -- Installing: /home/giulia0312/easywalk/install/pkg/include/pkg/pkg/msg/detail/dds_fastrtps
[9.050s] -- Installing: /home/giulia0312/easywalk/install/pkg/lib/libpkg__rosidl_typesupport_fastrtps_cpp.so
[9.050s] -- Set non-toolchain portion of runtime path of "/home/giulia0312/easywalk/install/pkg/lib/libpkg__rosidl_typesupport_fastrtps_cpp.so" to ""
[9.050s] -- Up-to-date: /home/giulia0312/easywalk/install/pkg/include/pkg/pkg
[9.050s] -- Up-to-date: /home/giulia0312/easywalk/install/pkg/include/pkg/pkg/msg
[9.050s] -- Up-to-date: /home/giulia0312/easywalk/install/pkg/include/pkg/pkg/msg/detail
[9.050s] -- Installing: /home/giulia0312/easywalk/install/pkg/include/pkg/pkg/msg/detail/loadcell_data__rosidl_typesupport_introspection_c.h
[9.050s] -- Installing: /home/giulia0312/easywalk/install/pkg/include/pkg/pkg/msg/detail/loadcell_data__type_support.c
[9.051s] -- Installing: /home/giulia0312/easywalk/install/pkg/include/pkg/pkg/msg/rosidl_typesupport_introspection_c__visibility_control.h
[9.051s] -- Installing: /home/giulia0312/easywalk/install/pkg/lib/libpkg__rosidl_typesupport_introspection_c.so
[9.051s] -- Set non-toolchain portion of runtime path of "/home/giulia0312/easywalk/install/pkg/lib/libpkg__rosidl_typesupport_introspection_c.so" to ""
[9.051s] -- Installing: /home/giulia0312/easywalk/install/pkg/lib/libpkg__rosidl_typesupport_c.so
[9.051s] -- Set non-toolchain portion of runtime path of "/home/giulia0312/easywalk/install/pkg/lib/libpkg__rosidl_typesupport_c.so" to ""
[9.051s] -- Up-to-date: /home/giulia0312/easywalk/install/pkg/include/pkg/pkg
[9.051s] -- Up-to-date: /home/giulia0312/easywalk/install/pkg/include/pkg/pkg/msg
[9.051s] -- Up-to-date: /home/giulia0312/easywalk/install/pkg/include/pkg/pkg/msg/detail
[9.051s] -- Installing: /home/giulia0312/easywalk/install/pkg/include/pkg/pkg/msg/detail/loadcell_data__type_support.cpp
[9.052s] -- Installing: /home/giulia0312/easywalk/install/pkg/include/pkg/pkg/msg/detail/loadcell_data__rosidl_typesupport_introspection_cpp.hpp
[9.052s] -- Installing: /home/giulia0312/easywalk/install/pkg/lib/libpkg__rosidl_typesupport_introspection_cpp.so
[9.052s] -- Set non-toolchain portion of runtime path of "/home/giulia0312/easywalk/install/pkg/lib/libpkg__rosidl_typesupport_introspection_cpp.so" to ""
[9.052s] -- Installing: /home/giulia0312/easywalk/install/pkg/lib/libpkg__rosidl_typesupport_cpp.so
[9.052s] -- Set non-toolchain portion of runtime path of "/home/giulia0312/easywalk/install/pkg/lib/libpkg__rosidl_typesupport_cpp.so" to ""
[9.052s] -- Installing: /home/giulia0312/easywalk/install/pkg/share/pkg/environment/pythonpath.sh
[9.052s] -- Installing: /home/giulia0312/easywalk/install/pkg/share/pkg/environment/pythonpath.dsv
[9.052s] -- Installing: /home/giulia0312/easywalk/install/pkg/lib/python3.12/site-packages/pkg-0.0.0-py3.12.egg-info
[9.052s] -- Installing: /home/giulia0312/easywalk/install/pkg/lib/python3.12/site-packages/pkg-0.0.0-py3.12.egg-info/SOURCES.txt
[9.053s] -- Installing: /home/giulia0312/easywalk/install/pkg/lib/python3.12/site-packages/pkg-0.0.0-py3.12.egg-info/PKG-INFO
[9.053s] -- Installing: /home/giulia0312/easywalk/install/pkg/lib/python3.12/site-packages/pkg-0.0.0-py3.12.egg-info/top_level.txt
[9.053s] -- Installing: /home/giulia0312/easywalk/install/pkg/lib/python3.12/site-packages/pkg-0.0.0-py3.12.egg-info/dependency_links.txt
[9.053s] -- Installing: /home/giulia0312/easywalk/install/pkg/lib/python3.12/site-packages/pkg
[9.053s] -- Installing: /home/giulia0312/easywalk/install/pkg/lib/python3.12/site-packages/pkg/_pkg_s.ep.rosidl_typesupport_introspection_c.c
[9.053s] -- Installing: /home/giulia0312/easywalk/install/pkg/lib/python3.12/site-packages/pkg/_pkg_s.ep.rosidl_typesupport_fastrtps_c.c
[9.053s] -- Installing: /home/giulia0312/easywalk/install/pkg/lib/python3.12/site-packages/pkg/pkg_s__rosidl_typesupport_introspection_c.so
[9.053s] -- Installing: /home/giulia0312/easywalk/install/pkg/lib/python3.12/site-packages/pkg/pkg_s__rosidl_typesupport_c.so
[9.053s] -- Installing: /home/giulia0312/easywalk/install/pkg/lib/python3.12/site-packages/pkg/pkg_s__rosidl_typesupport_fastrtps_c.so
[9.053s] -- Installing: /home/giulia0312/easywalk/install/pkg/lib/python3.12/site-packages/pkg/__init__.py
[9.053s] -- Installing: /home/giulia0312/easywalk/install/pkg/lib/python3.12/site-packages/pkg/_pkg_s.ep.rosidl_typesupport_c.c
[9.053s] -- Installing: /home/giulia0312/easywalk/install/pkg/lib/python3.12/site-packages/pkg/msg
[9.054s] -- Installing: /home/giulia0312/easywalk/install/pkg/lib/python3.12/site-packages/pkg/msg/__init__.py
[9.054s] -- Installing: /home/giulia0312/easywalk/install/pkg/lib/python3.12/site-packages/pkg/msg/_loadcell_data.py
[9.054s] -- Installing: /home/giulia0312/easywalk/install/pkg/lib/python3.12/site-packages/pkg/msg/_loadcell_data_s.c
[9.112s] Listing '/home/giulia0312/easywalk/install/pkg/lib/python3.12/site-packages/pkg'...
[9.112s] Compiling '/home/giulia0312/easywalk/install/pkg/lib/python3.12/site-packages/pkg/__init__.py'...
[9.112s] Listing '/home/giulia0312/easywalk/install/pkg/lib/python3.12/site-packages/pkg/msg'...
[9.112s] Compiling '/home/giulia0312/easywalk/install/pkg/lib/python3.12/site-packages/pkg/msg/__init__.py'...
[9.112s] Compiling '/home/giulia0312/easywalk/install/pkg/lib/python3.12/site-packages/pkg/msg/_loadcell_data.py'...
[9.119s] -- Installing: /home/giulia0312/easywalk/install/pkg/lib/python3.12/site-packages/pkg/pkg_s__rosidl_typesupport_fastrtps_c.so
[9.120s] -- Set non-toolchain portion of runtime path of "/home/giulia0312/easywalk/install/pkg/lib/python3.12/site-packages/pkg/pkg_s__rosidl_typesupport_fastrtps_c.so" to ""
[9.120s] -- Installing: /home/giulia0312/easywalk/install/pkg/lib/python3.12/site-packages/pkg/pkg_s__rosidl_typesupport_introspection_c.so
[9.120s] -- Set non-toolchain portion of runtime path of "/home/giulia0312/easywalk/install/pkg/lib/python3.12/site-packages/pkg/pkg_s__rosidl_typesupport_introspection_c.so" to ""
[9.120s] -- Installing: /home/giulia0312/easywalk/install/pkg/lib/python3.12/site-packages/pkg/pkg_s__rosidl_typesupport_c.so
[9.120s] -- Set non-toolchain portion of runtime path of "/home/giulia0312/easywalk/install/pkg/lib/python3.12/site-packages/pkg/pkg_s__rosidl_typesupport_c.so" to ""
[9.121s] -- Installing: /home/giulia0312/easywalk/install/pkg/lib/libpkg__rosidl_generator_py.so
[9.121s] -- Set non-toolchain portion of runtime path of "/home/giulia0312/easywalk/install/pkg/lib/libpkg__rosidl_generator_py.so" to ""
[9.121s] -- Installing: /home/giulia0312/easywalk/install/pkg/share/ament_index/resource_index/rust_packages/pkg
[9.121s] -- Installing: /home/giulia0312/easywalk/install/pkg/share/pkg/rust
[9.121s] -- Installing: /home/giulia0312/easywalk/install/pkg/share/pkg/rust/src
[9.121s] -- Installing: /home/giulia0312/easywalk/install/pkg/share/pkg/rust/src/msg.rs
[9.122s] -- Installing: /home/giulia0312/easywalk/install/pkg/share/pkg/rust/src/lib.rs
[9.122s] -- Installing: /home/giulia0312/easywalk/install/pkg/share/pkg/rust/src/msg
[9.122s] -- Installing: /home/giulia0312/easywalk/install/pkg/share/pkg/rust/src/msg/rmw.rs
[9.122s] -- Installing: /home/giulia0312/easywalk/install/pkg/share/pkg/rust/build.rs
[9.122s] -- Installing: /home/giulia0312/easywalk/install/pkg/share/pkg/rust/Cargo.toml
[9.122s] -- Installing: /home/giulia0312/easywalk/install/pkg/share/pkg/msg/LoadcellData.idl
[9.122s] -- Installing: /home/giulia0312/easywalk/install/pkg/share/pkg/msg/LoadcellData.msg
[9.122s] -- Installing: /home/giulia0312/easywalk/install/pkg/share/ament_index/resource_index/package_run_dependencies/pkg
[9.122s] -- Up-to-date: /home/giulia0312/easywalk/install/pkg/share/ament_index/resource_index/parent_prefix_path/pkg
[9.122s] -- Up-to-date: /home/giulia0312/easywalk/install/pkg/share/pkg/environment/ament_prefix_path.sh
[9.122s] -- Up-to-date: /home/giulia0312/easywalk/install/pkg/share/pkg/environment/ament_prefix_path.dsv
[9.122s] -- Up-to-date: /home/giulia0312/easywalk/install/pkg/share/pkg/environment/path.sh
[9.123s] -- Up-to-date: /home/giulia0312/easywalk/install/pkg/share/pkg/environment/path.dsv
[9.123s] -- Up-to-date: /home/giulia0312/easywalk/install/pkg/share/pkg/local_setup.bash
[9.123s] -- Installing: /home/giulia0312/easywalk/install/pkg/share/pkg/local_setup.sh
[9.123s] -- Up-to-date: /home/giulia0312/easywalk/install/pkg/share/pkg/local_setup.zsh
[9.123s] -- Installing: /home/giulia0312/easywalk/install/pkg/share/pkg/local_setup.dsv
[9.123s] -- Installing: /home/giulia0312/easywalk/install/pkg/share/pkg/package.dsv
[9.123s] -- Up-to-date: /home/giulia0312/easywalk/install/pkg/share/ament_index/resource_index/packages/pkg
[9.123s] -- Installing: /home/giulia0312/easywalk/install/pkg/share/pkg/cmake/export_pkg__rosidl_generator_cExport.cmake
[9.123s] -- Installing: /home/giulia0312/easywalk/install/pkg/share/pkg/cmake/export_pkg__rosidl_generator_cExport-noconfig.cmake
[9.123s] -- Installing: /home/giulia0312/easywalk/install/pkg/share/pkg/cmake/export_pkg__rosidl_typesupport_fastrtps_cExport.cmake
[9.123s] -- Installing: /home/giulia0312/easywalk/install/pkg/share/pkg/cmake/export_pkg__rosidl_typesupport_fastrtps_cExport-noconfig.cmake
[9.124s] -- Installing: /home/giulia0312/easywalk/install/pkg/share/pkg/cmake/export_pkg__rosidl_generator_cppExport.cmake
[9.124s] -- Installing: /home/giulia0312/easywalk/install/pkg/share/pkg/cmake/export_pkg__rosidl_typesupport_fastrtps_cppExport.cmake
[9.124s] -- Installing: /home/giulia0312/easywalk/install/pkg/share/pkg/cmake/export_pkg__rosidl_typesupport_fastrtps_cppExport-noconfig.cmake
[9.124s] -- Installing: /home/giulia0312/easywalk/install/pkg/share/pkg/cmake/pkg__rosidl_typesupport_introspection_cExport.cmake
[9.124s] -- Installing: /home/giulia0312/easywalk/install/pkg/share/pkg/cmake/pkg__rosidl_typesupport_introspection_cExport-noconfig.cmake
[9.124s] -- Installing: /home/giulia0312/easywalk/install/pkg/share/pkg/cmake/pkg__rosidl_typesupport_cExport.cmake
[9.124s] -- Installing: /home/giulia0312/easywalk/install/pkg/share/pkg/cmake/pkg__rosidl_typesupport_cExport-noconfig.cmake
[9.124s] -- Installing: /home/giulia0312/easywalk/install/pkg/share/pkg/cmake/pkg__rosidl_typesupport_introspection_cppExport.cmake
[9.124s] -- Installing: /home/giulia0312/easywalk/install/pkg/share/pkg/cmake/pkg__rosidl_typesupport_introspection_cppExport-noconfig.cmake
[9.124s] -- Installing: /home/giulia0312/easywalk/install/pkg/share/pkg/cmake/pkg__rosidl_typesupport_cppExport.cmake
[9.124s] -- Installing: /home/giulia0312/easywalk/install/pkg/share/pkg/cmake/pkg__rosidl_typesupport_cppExport-noconfig.cmake
[9.124s] -- Installing: /home/giulia0312/easywalk/install/pkg/share/pkg/cmake/export_pkg__rosidl_generator_pyExport.cmake
[9.125s] -- Installing: /home/giulia0312/easywalk/install/pkg/share/pkg/cmake/export_pkg__rosidl_generator_pyExport-noconfig.cmake
[9.125s] -- Installing: /home/giulia0312/easywalk/install/pkg/share/pkg/cmake/rosidl_cmake-extras.cmake
[9.125s] -- Installing: /home/giulia0312/easywalk/install/pkg/share/pkg/cmake/ament_cmake_export_dependencies-extras.cmake
[9.125s] -- Installing: /home/giulia0312/easywalk/install/pkg/share/pkg/cmake/ament_cmake_export_include_directories-extras.cmake
[9.125s] -- Installing: /home/giulia0312/easywalk/install/pkg/share/pkg/cmake/ament_cmake_export_libraries-extras.cmake
[9.125s] -- Installing: /home/giulia0312/easywalk/install/pkg/share/pkg/cmake/ament_cmake_export_targets-extras.cmake
[9.125s] -- Installing: /home/giulia0312/easywalk/install/pkg/share/pkg/cmake/rosidl_cmake_export_typesupport_targets-extras.cmake
[9.125s] -- Installing: /home/giulia0312/easywalk/install/pkg/share/pkg/cmake/rosidl_cmake_export_typesupport_libraries-extras.cmake
[9.125s] -- Installing: /home/giulia0312/easywalk/install/pkg/share/pkg/cmake/pkgConfig.cmake
[9.125s] -- Up-to-date: /home/giulia0312/easywalk/install/pkg/share/pkg/cmake/pkgConfig-version.cmake
[9.125s] -- Installing: /home/giulia0312/easywalk/install/pkg/share/pkg/package.xml
[9.128s] Invoked command in '/home/giulia0312/easywalk/build/pkg' returned '0': CMAKE_PREFIX_PATH=${CMAKE_PREFIX_PATH}:/opt/ros/jazzy DEBUGINFOD_URLS=https://debuginfod.ubuntu.com /usr/bin/cmake --install /home/giulia0312/easywalk/build/pkg
