-- Found ament_cmake: 2.5.6 (/opt/ros/jazzy/share/ament_cmake/cmake)
-- Found rclcpp: 28.1.18 (/opt/ros/jazzy/share/rclcpp/cmake)
-- Found rosidl_generator_c: 4.6.7 (/opt/ros/jazzy/share/rosidl_generator_c/cmake)
-- Found rosidl_generator_cpp: 4.6.7 (/opt/ros/jazzy/share/rosidl_generator_cpp/cmake)
-- Using all available rosidl_typesupport_c: rosidl_typesupport_fastrtps_c;rosidl_typesupport_introspection_c
-- Using all available rosidl_typesupport_cpp: rosidl_typesupport_fastrtps_cpp;rosidl_typesupport_introspection_cpp
-- Found rmw_implementation_cmake: 7.3.3 (/opt/ros/jazzy/share/rmw_implementation_cmake/cmake)
-- Found rmw_fastrtps_cpp: 8.4.3 (/opt/ros/jazzy/share/rmw_fastrtps_cpp/cmake)
-- Using RMW implementation 'rmw_fastrtps_cpp' as default
-- Found std_msgs: 5.3.7 (/opt/ros/jazzy/share/std_msgs/cmake)
-- Found rosidl_default_generators: 1.6.0 (/opt/ros/jazzy/share/rosidl_default_generators/cmake)
-- Found rosidl_adapter: 4.6.7 (/opt/ros/jazzy/share/rosidl_adapter/cmake)
-- Found ament_cmake_ros: 0.12.0 (/opt/ros/jazzy/share/ament_cmake_ros/cmake)
-- Using all available rosidl_typesupport_c: rosidl_typesupport_fastrtps_c;rosidl_typesupport_introspection_c
-- Using all available rosidl_typesupport_cpp: rosidl_typesupport_fastrtps_cpp;rosidl_typesupport_introspection_cpp
-- Found python_cmake_module: 0.11.1 (/opt/ros/jazzy/share/python_cmake_module/cmake)
-- Found Python3: /usr/bin/python3 (found version "3.12.3") found components: Interpreter Development NumPy Development.Module Development.Embed 
-- Found Python3: /usr/bin/python3 (found version "3.12.3") found components: Interpreter 
-- Found ament_lint_auto: 0.17.5 (/opt/ros/jazzy/share/ament_lint_auto/cmake)
-- Added test 'cppcheck' to perform static code analysis on C / C++ code
-- Configured cppcheck include dirs: 
-- Configured cppcheck exclude dirs and/or files: 
-- Added test 'lint_cmake' to check CMake code style
-- Added test 'uncrustify' to check C / C++ code style
-- Configured uncrustify additional arguments: 
-- Added test 'xmllint' to check XML markup files
-- Configuring done (1.7s)
-- Generating done (0.0s)
-- Build files have been written to: /home/giulia0312/easywalk/build/pkg
[  2%] Built target pkg__rs
[  5%] Built target pkg__rosidl_generator_type_description
[  5%] Built target ament_cmake_python_copy_pkg
[ 15%] Built target pkg__cpp
[ 20%] Built target pkg__rosidl_generator_c
[ 33%] Built target pkg__rosidl_typesupport_c
[ 35%] Built target pkg__rosidl_typesupport_introspection_c
[ 43%] Built target pkg__rosidl_typesupport_introspection_cpp
[ 51%] Built target pkg__rosidl_typesupport_cpp
[ 58%] Built target pkg__rosidl_typesupport_fastrtps_cpp
[ 66%] Built target pkg__rosidl_typesupport_fastrtps_c
[ 66%] Built target pkg
[ 69%] [32mBuilding CXX object CMakeFiles/subscriber.dir/src/loadcellSubscriber.cpp.o[0m
[ 74%] Built target publisher
[ 76%] Built target pkg__py
[ 82%] Built target pkg__rosidl_generator_py
[ 87%] Built target pkg_s__rosidl_typesupport_fastrtps_c
[ 92%] Built target pkg_s__rosidl_typesupport_c
[ 97%] Built target pkg_s__rosidl_typesupport_introspection_c
running egg_info
writing pkg.egg-info/PKG-INFO
writing dependency_links to pkg.egg-info/dependency_links.txt
writing top-level names to pkg.egg-info/top_level.txt
reading manifest file 'pkg.egg-info/SOURCES.txt'
writing manifest file 'pkg.egg-info/SOURCES.txt'
[ 97%] Built target ament_cmake_python_build_pkg_egg
[01m[K/home/giulia0312/easywalk/src/pkg/src/loadcellSubscriber.cpp:19:30:[m[K [01;31m[Kerror: [m[K‘[01m[Kloadcells_pkg[m[K’ does not name a type
   19 |     void topicCallback(const [01;31m[Kloadcells_pkg[m[K::msg::LoadcellData &msg) const {
      |                              [01;31m[K^~~~~~~~~~~~~[m[K
[01m[K/home/giulia0312/easywalk/src/pkg/src/loadcellSubscriber.cpp:19:48:[m[K [01;31m[Kerror: [m[Kexpected unqualified-id before ‘[01m[K::[m[K’ token
   19 |     void topicCallback(const loadcells_pkg::msg[01;31m[K::[m[KLoadcellData &msg) const {
      |                                                [01;31m[K^~[m[K
[01m[K/home/giulia0312/easywalk/src/pkg/src/loadcellSubscriber.cpp:19:48:[m[K [01;31m[Kerror: [m[Kexpected ‘[01m[K)[m[K’ before ‘[01m[K::[m[K’ token
   19 |     void topicCallback[34m[K([m[Kconst loadcells_pkg::msg[01;31m[K:[m[K[32m[K:[m[KLoadcellData &msg) const {
      |                       [34m[K~[m[K                        [01;31m[K^[m[K[32m[K~[m[K
      |                                                [32m[K)[m[K
[01m[K/home/giulia0312/easywalk/src/pkg/src/loadcellSubscriber.cpp:19:45:[m[K [01;31m[Kerror: [m[Kexpected ‘[01m[K;[m[K’ at end of member declaration
   19 |     void topicCallback(const loadcells_pkg::[01;31m[Kmsg[m[K::LoadcellData &msg) const {
      |                                             [01;31m[K^~~[m[K
      |                                                [32m[K;[m[K
[01m[K/home/giulia0312/easywalk/src/pkg/src/loadcellSubscriber.cpp:19:50:[m[K [01;31m[Kerror: [m[K‘[01m[KLoadcellData[m[K’ in namespace ‘[01m[K::[m[K’ does not name a type
   19 |     void topicCallback(const loadcells_pkg::msg::[01;31m[KLoadcellData[m[K &msg) const {
      |                                                  [01;31m[K^~~~~~~~~~~~[m[K
[01m[K/home/giulia0312/easywalk/src/pkg/src/loadcellSubscriber.cpp:49:26:[m[K [01;31m[Kerror: [m[K‘[01m[Kloadcells_pkg[m[K’ was not declared in this scope
   49 |     rclcpp::Subscription<[01;31m[Kloadcells_pkg[m[K::msg::LoadcellData>::SharedPtr subscriber;
      |                          [01;31m[K^~~~~~~~~~~~~[m[K
[01m[K/home/giulia0312/easywalk/src/pkg/src/loadcellSubscriber.cpp:49:58:[m[K [01;31m[Kerror: [m[Ktemplate argument 1 is invalid
   49 |     rclcpp::Subscription<loadcells_pkg::msg::LoadcellData[01;31m[K>[m[K::SharedPtr subscriber;
      |                                                          [01;31m[K^[m[K
[01m[K/home/giulia0312/easywalk/src/pkg/src/loadcellSubscriber.cpp:49:58:[m[K [01;31m[Kerror: [m[Ktemplate argument 3 is invalid
[01m[K/home/giulia0312/easywalk/src/pkg/src/loadcellSubscriber.cpp:49:58:[m[K [01;31m[Kerror: [m[Ktemplate argument 4 is invalid
[01m[K/home/giulia0312/easywalk/src/pkg/src/loadcellSubscriber.cpp:49:58:[m[K [01;31m[Kerror: [m[Ktemplate argument 5 is invalid
[01m[K/home/giulia0312/easywalk/src/pkg/src/loadcellSubscriber.cpp:49:61:[m[K [01;31m[Kerror: [m[Kexpected ‘[01m[K;[m[K’ at end of member declaration
   49 |     rclcpp::Subscription<loadcells_pkg::msg::LoadcellData>::[01;31m[KSharedPtr[m[K subscriber;
      |                                                             [01;31m[K^~~~~~~~~[m[K
      |                                                                      [32m[K;[m[K
[01m[K/home/giulia0312/easywalk/src/pkg/src/loadcellSubscriber.cpp:49:71:[m[K [01;31m[Kerror: [m[K‘[01m[Ksubscriber[m[K’ does not name a type
   49 |     rclcpp::Subscription<loadcells_pkg::msg::LoadcellData>::SharedPtr [01;31m[Ksubscriber[m[K;
      |                                                                       [01;31m[K^~~~~~~~~~[m[K
[01m[K/home/giulia0312/easywalk/src/pkg/src/loadcellSubscriber.cpp:[m[K In constructor ‘[01m[KLoadcellSubscriber::[01;32m[KLoadcellSubscriber[m[K()[m[K’:
[01m[K/home/giulia0312/easywalk/src/pkg/src/loadcellSubscriber.cpp:9:9:[m[K [01;31m[Kerror: [m[K‘[01m[Ksubscriber[m[K’ was not declared in this scope
    9 |         [01;31m[Ksubscriber[m[K = create_subscription<loadcells_pkg::msg::LoadcellData>
      |         [01;31m[K^~~~~~~~~~[m[K
[01m[K/home/giulia0312/easywalk/src/pkg/src/loadcellSubscriber.cpp:9:42:[m[K [01;31m[Kerror: [m[K‘[01m[Kloadcells_pkg[m[K’ was not declared in this scope
    9 |         subscriber = create_subscription<[01;31m[Kloadcells_pkg[m[K::msg::LoadcellData>
      |                                          [01;31m[K^~~~~~~~~~~~~[m[K
[01m[K/home/giulia0312/easywalk/src/pkg/src/loadcellSubscriber.cpp:9:22:[m[K [01;31m[Kerror: [m[Kparse error in template argument list
    9 |         subscriber = [01;31m[Kcreate_subscription<loadcells_pkg::msg::LoadcellData>[m[K
      |                      [01;31m[K^~~~~~~~~~~~~~~~~~~~~~~~~~~~~~~~~~~~~~~~~~~~~~~~~~~~~[m[K
[01m[K/home/giulia0312/easywalk/src/pkg/src/loadcellSubscriber.cpp:10:9:[m[K [01;31m[Kerror: [m[Kno matching function for call to ‘[01m[KLoadcellSubscriber::create_subscription<<expression error> >(const char [11], int, std::_Bind_helper<false, void (LoadcellSubscriber::*)(...), LoadcellSubscriber*, const std::_Placeholder<1>&>::type)[m[K’
    9 |         subscriber = [01;31m[Kcreate_subscription<loadcells_pkg::msg::LoadcellData>[m[K
      |                      [01;31m[K~~~~~~~~~~~~~~~~~~~~~~~~~~~~~~~~~~~~~~~~~~~~~~~~~~~~~[m[K
   10 | [01;31m[K        ([m[K
      |         [01;31m[K^[m[K
   11 | [01;31m[K            "/loadcells",[m[K
      |             [01;31m[K~~~~~~~~~~~~~[m[K
   12 | [01;31m[K            10,[m[K
      |             [01;31m[K~~~[m[K
   13 | [01;31m[K            //now we need a callback function that will execute every time a msg is published in the topic[m[K
      |             [01;31m[K~~~~~~~~~~~~~~~~~~~~~~~~~~~~~~~~~~~~~~~~~~~~~~~~~~~~~~~~~~~~~~~~~~~~~~~~~~~~~~~~~~~~~~~~~~~~~~[m[K
   14 | [01;31m[K            //_1 tells the function to use the first parameter that is passed[m[K
      |             [01;31m[K~~~~~~~~~~~~~~~~~~~~~~~~~~~~~~~~~~~~~~~~~~~~~~~~~~~~~~~~~~~~~~~~~[m[K
   15 | [01;31m[K            std::bind(&LoadcellSubscriber::topicCallback, this, _1)[m[K
      |             [01;31m[K~~~~~~~~~~~~~~~~~~~~~~~~~~~~~~~~~~~~~~~~~~~~~~~~~~~~~~~[m[K
   16 | [01;31m[K        )[m[K;
      |         [01;31m[K~[m[K
In file included from [01m[K/opt/ros/jazzy/include/rclcpp/rclcpp/executors/single_threaded_executor.hpp:28[m[K,
                 from [01m[K/opt/ros/jazzy/include/rclcpp/rclcpp/executors.hpp:22[m[K,
                 from [01m[K/opt/ros/jazzy/include/rclcpp/rclcpp/rclcpp.hpp:172[m[K,
                 from [01m[K/home/giulia0312/easywalk/src/pkg/src/loadcellSubscriber.cpp:1[m[K:
[01m[K/opt/ros/jazzy/include/rclcpp/rclcpp/node.hpp:221:3:[m[K [01;36m[Knote: [m[Kcandidate: ‘[01m[Ktemplate<class MessageT, class CallbackT, class AllocatorT, class SubscriptionT, class MessageMemoryStrategyT> std::shared_ptr<ROSMessageT> rclcpp::Node::[01;32m[Kcreate_subscription[m[K(const std::string&, const rclcpp::QoS&, CallbackT&&, const rclcpp::SubscriptionOptionsWithAllocator<AllocatorT>&, typename MessageMemoryStrategyT::SharedPtr)[m[K’
  221 |   [01;36m[Kcreate_subscription[m[K(
      |   [01;36m[K^~~~~~~~~~~~~~~~~~~[m[K
[01m[K/opt/ros/jazzy/include/rclcpp/rclcpp/node.hpp:221:3:[m[K [01;36m[Knote: [m[K  template argument deduction/substitution failed:
[01m[K/home/giulia0312/easywalk/src/pkg/src/loadcellSubscriber.cpp:10:9:[m[K [01;31m[Kerror: [m[Ktemplate argument 1 is invalid
    9 |         subscriber = [01;31m[Kcreate_subscription<loadcells_pkg::msg::LoadcellData>[m[K
      |                      [01;31m[K~~~~~~~~~~~~~~~~~~~~~~~~~~~~~~~~~~~~~~~~~~~~~~~~~~~~~[m[K
   10 | [01;31m[K        ([m[K
      |         [01;31m[K^[m[K
   11 | [01;31m[K            "/loadcells",[m[K
      |             [01;31m[K~~~~~~~~~~~~~[m[K
   12 | [01;31m[K            10,[m[K
      |             [01;31m[K~~~[m[K
   13 | [01;31m[K            //now we need a callback function that will execute every time a msg is published in the topic[m[K
      |             [01;31m[K~~~~~~~~~~~~~~~~~~~~~~~~~~~~~~~~~~~~~~~~~~~~~~~~~~~~~~~~~~~~~~~~~~~~~~~~~~~~~~~~~~~~~~~~~~~~~~[m[K
   14 | [01;31m[K            //_1 tells the function to use the first parameter that is passed[m[K
      |             [01;31m[K~~~~~~~~~~~~~~~~~~~~~~~~~~~~~~~~~~~~~~~~~~~~~~~~~~~~~~~~~~~~~~~~~[m[K
   15 | [01;31m[K            std::bind(&LoadcellSubscriber::topicCallback, this, _1)[m[K
      |             [01;31m[K~~~~~~~~~~~~~~~~~~~~~~~~~~~~~~~~~~~~~~~~~~~~~~~~~~~~~~~[m[K
   16 | [01;31m[K        )[m[K;
      |         [01;31m[K~[m[K
gmake[2]: *** [CMakeFiles/subscriber.dir/build.make:76: CMakeFiles/subscriber.dir/src/loadcellSubscriber.cpp.o] Error 1
gmake[1]: *** [CMakeFiles/Makefile2:674: CMakeFiles/subscriber.dir/all] Error 2
gmake: *** [Makefile:146: all] Error 2
