-- Found ament_cmake: 2.5.6 (/opt/ros/jazzy/share/ament_cmake/cmake)
-- Found rclcpp: 28.1.18 (/opt/ros/jazzy/share/rclcpp/cmake)
-- Found rosidl_generator_c: 4.6.7 (/opt/ros/jazzy/share/rosidl_generator_c/cmake)
-- Found rosidl_generator_cpp: 4.6.7 (/opt/ros/jazzy/share/rosidl_generator_cpp/cmake)
-- Using all available rosidl_typesupport_c: rosidl_typesupport_fastrtps_c;rosidl_typesupport_introspection_c
-- Using all available rosidl_typesupport_cpp: rosidl_typesupport_fastrtps_cpp;rosidl_typesupport_introspection_cpp
-- Found rmw_implementation_cmake: 7.3.3 (/opt/ros/jazzy/share/rmw_implementation_cmake/cmake)
-- Found rmw_fastrtps_cpp: 8.4.3 (/opt/ros/jazzy/share/rmw_fastrtps_cpp/cmake)
-- Using RMW implementation 'rmw_fastrtps_cpp' as default
-- Found std_msgs: 5.3.7 (/opt/ros/jazzy/share/std_msgs/cmake)
-- Found rosidl_default_generators: 1.6.0 (/opt/ros/jazzy/share/rosidl_default_generators/cmake)
-- Found rosidl_adapter: 4.6.7 (/opt/ros/jazzy/share/rosidl_adapter/cmake)
-- Found ament_cmake_ros: 0.12.0 (/opt/ros/jazzy/share/ament_cmake_ros/cmake)
-- Using all available rosidl_typesupport_c: rosidl_typesupport_fastrtps_c;rosidl_typesupport_introspection_c
-- Using all available rosidl_typesupport_cpp: rosidl_typesupport_fastrtps_cpp;rosidl_typesupport_introspection_cpp
-- Found python_cmake_module: 0.11.1 (/opt/ros/jazzy/share/python_cmake_module/cmake)
-- Found Python3: /usr/bin/python3 (found version "3.12.3") found components: Interpreter Development NumPy Development.Module Development.Embed 
-- Found Python3: /usr/bin/python3 (found version "3.12.3") found components: Interpreter 
-- Found ament_lint_auto: 0.17.5 (/opt/ros/jazzy/share/ament_lint_auto/cmake)
-- Added test 'cppcheck' to perform static code analysis on C / C++ code
-- Configured cppcheck include dirs: 
-- Configured cppcheck exclude dirs and/or files: 
-- Added test 'lint_cmake' to check CMake code style
-- Added test 'uncrustify' to check C / C++ code style
-- Configured uncrustify additional arguments: 
-- Added test 'xmllint' to check XML markup files
-- Configuring done (1.7s)
-- Generating done (0.0s)
-- Build files have been written to: /home/giulia0312/easywalk/build/pkg
[  2%] Built target pkg__rs
[  5%] Built target pkg__rosidl_generator_type_description
[  5%] Built target ament_cmake_python_copy_pkg
[ 15%] Built target pkg__cpp
[ 20%] Built target pkg__rosidl_generator_c
[ 33%] Built target pkg__rosidl_typesupport_c
[ 35%] Built target pkg__rosidl_typesupport_introspection_c
[ 43%] Built target pkg__rosidl_typesupport_introspection_cpp
[ 51%] Built target pkg__rosidl_typesupport_cpp
[ 58%] Built target pkg__rosidl_typesupport_fastrtps_cpp
[ 66%] Built target pkg__rosidl_typesupport_fastrtps_c
[ 66%] Built target pkg
[ 69%] [32mBuilding CXX object CMakeFiles/subscriber.dir/src/loadcellSubscriber.cpp.o[0m
[ 74%] Built target publisher
[ 76%] Built target pkg__py
[ 82%] Built target pkg__rosidl_generator_py
[ 87%] Built target pkg_s__rosidl_typesupport_fastrtps_c
[ 92%] Built target pkg_s__rosidl_typesupport_c
[ 97%] Built target pkg_s__rosidl_typesupport_introspection_c
running egg_info
writing pkg.egg-info/PKG-INFO
writing dependency_links to pkg.egg-info/dependency_links.txt
writing top-level names to pkg.egg-info/top_level.txt
reading manifest file 'pkg.egg-info/SOURCES.txt'
writing manifest file 'pkg.egg-info/SOURCES.txt'
[ 97%] Built target ament_cmake_python_build_pkg_egg
