[0.011s] Invoking command in '/home/giulia0312/easywalk/build/pkg': DEBUGINFOD_URLS=https://debuginfod.ubuntu.com /usr/bin/cmake --build /home/giulia0312/easywalk/build/pkg -- -j12 -l12
[0.053s] -- Found ament_cmake: 2.5.6 (/opt/ros/jazzy/share/ament_cmake/cmake)
[2.299s] Traceback (most recent call last):
[2.300s]   File "/opt/ros/jazzy/share/ament_cmake_core/cmake/package_templates/templates_2_cmake.py", line 21, in <module>
[2.300s]     from ament_package.templates import get_environment_hook_template_path
[2.300s] ModuleNotFoundError: No module named 'ament_package'
[2.358s] [31mCMake Error at /opt/ros/jazzy/share/ament_cmake_core/cmake/ament_cmake_package_templates-extras.cmake:41 (message):
[2.358s]   execute_process(/usr/bin/python3
[2.358s]   /opt/ros/jazzy/share/ament_cmake_core/cmake/package_templates/templates_2_cmake.py
[2.358s]   /home/giulia0312/easywalk/build/pkg/ament_cmake_package_templates/templates.cmake)
[2.359s]   returned error code 1
[2.359s] Call Stack (most recent call first):
[2.359s]   /opt/ros/jazzy/share/ament_cmake_core/cmake/ament_cmake_coreConfig.cmake:41 (include)
[2.359s]   /opt/ros/jazzy/share/ament_cmake/cmake/ament_cmake_export_dependencies-extras.cmake:15 (find_package)
[2.359s]   /opt/ros/jazzy/share/ament_cmake/cmake/ament_cmakeConfig.cmake:41 (include)
[2.359s]   CMakeLists.txt:9 (find_package)
[2.359s] 
[2.359s] [0m
[2.359s] -- Configuring incomplete, errors occurred!
[2.363s] gmake: *** [Makefile:870: cmake_check_build_system] Error 1
[2.367s] Invoked command in '/home/giulia0312/easywalk/build/pkg' returned '2': DEBUGINFOD_URLS=https://debuginfod.ubuntu.com /usr/bin/cmake --build /home/giulia0312/easywalk/build/pkg -- -j12 -l12
