[0.023s] Invoking command in '/home/giulia0312/easywalk/build/loadcells_pkg': CMAKE_PREFIX_PATH=${CMAKE_PREFIX_PATH}:/opt/ros/jazzy DEBUGINFOD_URLS=https://debuginfod.ubuntu.com /usr/bin/cmake --build /home/giulia0312/easywalk/build/loadcells_pkg -- -j12 -l12
[0.136s] [  4%] Built target loadcells_pkg__rosidl_generator_type_description
[0.137s] [  4%] Built target loadcells_pkg__rs
[0.153s] [  4%] Built target ament_cmake_python_copy_loadcells_pkg
[0.175s] [  7%] Built target loadcells_pkg__cpp
[0.177s] [ 19%] Built target loadcells_pkg__rosidl_generator_c
[0.222s] [ 26%] Built target loadcells_pkg__rosidl_typesupport_introspection_c
[0.222s] [ 34%] Built target loadcells_pkg__rosidl_typesupport_c
[0.223s] [ 41%] Built target loadcells_pkg__rosidl_typesupport_fastrtps_c
[0.233s] [ 53%] Built target loadcells_pkg__rosidl_typesupport_fastrtps_cpp
[0.233s] [ 56%] Built target loadcells_pkg__rosidl_typesupport_introspection_cpp
[0.234s] [ 63%] Built target loadcells_pkg__rosidl_typesupport_cpp
[0.273s] [ 63%] Built target loadcells_pkg
[0.291s] [ 68%] Built target loadcell_publisher
[0.291s] [ 73%] Built target loadcell_subscriber
[0.299s] [ 75%] [32mBuilding CXX object CMakeFiles/loadcell_publisher_advanced.dir/src/loadcell_publisher_advanced.cpp.o[0m
[0.319s] [ 78%] Built target loadcells_pkg__py
[0.381s] [ 82%] Built target loadcells_pkg__rosidl_generator_py
[0.477s] [ 87%] Built target loadcells_pkg_s__rosidl_typesupport_introspection_c
[0.477s] [ 92%] Built target loadcells_pkg_s__rosidl_typesupport_c
[0.481s] [ 97%] Built target loadcells_pkg_s__rosidl_typesupport_fastrtps_c
[0.664s] running egg_info
[0.691s] writing loadcells_pkg.egg-info/PKG-INFO
[0.692s] writing dependency_links to loadcells_pkg.egg-info/dependency_links.txt
[0.692s] writing top-level names to loadcells_pkg.egg-info/top_level.txt
[0.776s] reading manifest file 'loadcells_pkg.egg-info/SOURCES.txt'
[0.778s] writing manifest file 'loadcells_pkg.egg-info/SOURCES.txt'
[0.839s] [ 97%] Built target ament_cmake_python_build_loadcells_pkg_egg
[6.605s] [100%] [32m[1mLinking CXX executable loadcell_publisher_advanced[0m
[6.890s] [100%] Built target loadcell_publisher_advanced
[6.906s] Invoked command in '/home/giulia0312/easywalk/build/loadcells_pkg' returned '0': CMAKE_PREFIX_PATH=${CMAKE_PREFIX_PATH}:/opt/ros/jazzy DEBUGINFOD_URLS=https://debuginfod.ubuntu.com /usr/bin/cmake --build /home/giulia0312/easywalk/build/loadcells_pkg -- -j12 -l12
[6.922s] Invoking command in '/home/giulia0312/easywalk/build/loadcells_pkg': CMAKE_PREFIX_PATH=${CMAKE_PREFIX_PATH}:/opt/ros/jazzy DEBUGINFOD_URLS=https://debuginfod.ubuntu.com /usr/bin/cmake --install /home/giulia0312/easywalk/build/loadcells_pkg
[6.935s] -- Install configuration: ""
[6.935s] -- Up-to-date: /home/giulia0312/easywalk/install/loadcells_pkg/share/ament_index/resource_index/rosidl_interfaces/loadcells_pkg
[6.935s] -- Up-to-date: /home/giulia0312/easywalk/install/loadcells_pkg/share/loadcells_pkg/msg/LoadcellData.json
[6.936s] -- Up-to-date: /home/giulia0312/easywalk/install/loadcells_pkg/include/loadcells_pkg/loadcells_pkg
[6.936s] -- Up-to-date: /home/giulia0312/easywalk/install/loadcells_pkg/include/loadcells_pkg/loadcells_pkg/msg
[6.936s] -- Up-to-date: /home/giulia0312/easywalk/install/loadcells_pkg/include/loadcells_pkg/loadcells_pkg/msg/detail
[6.936s] -- Up-to-date: /home/giulia0312/easywalk/install/loadcells_pkg/include/loadcells_pkg/loadcells_pkg/msg/detail/loadcell_data__struct.h
[6.937s] -- Up-to-date: /home/giulia0312/easywalk/install/loadcells_pkg/include/loadcells_pkg/loadcells_pkg/msg/detail/loadcell_data__functions.c
[6.937s] -- Up-to-date: /home/giulia0312/easywalk/install/loadcells_pkg/include/loadcells_pkg/loadcells_pkg/msg/detail/loadcell_data__description.c
[6.937s] -- Up-to-date: /home/giulia0312/easywalk/install/loadcells_pkg/include/loadcells_pkg/loadcells_pkg/msg/detail/loadcell_data__type_support.h
[6.937s] -- Up-to-date: /home/giulia0312/easywalk/install/loadcells_pkg/include/loadcells_pkg/loadcells_pkg/msg/detail/loadcell_data__functions.h
[6.937s] -- Up-to-date: /home/giulia0312/easywalk/install/loadcells_pkg/include/loadcells_pkg/loadcells_pkg/msg/detail/loadcell_data__type_support.c
[6.938s] -- Up-to-date: /home/giulia0312/easywalk/install/loadcells_pkg/include/loadcells_pkg/loadcells_pkg/msg/loadcell_data.h
[6.938s] -- Up-to-date: /home/giulia0312/easywalk/install/loadcells_pkg/include/loadcells_pkg/loadcells_pkg/msg/rosidl_generator_c__visibility_control.h
[6.939s] -- Up-to-date: /home/giulia0312/easywalk/install/loadcells_pkg/share/loadcells_pkg/environment/library_path.sh
[6.939s] -- Up-to-date: /home/giulia0312/easywalk/install/loadcells_pkg/share/loadcells_pkg/environment/library_path.dsv
[6.939s] -- Up-to-date: /home/giulia0312/easywalk/install/loadcells_pkg/lib/libloadcells_pkg__rosidl_generator_c.so
[6.940s] -- Up-to-date: /home/giulia0312/easywalk/install/loadcells_pkg/include/loadcells_pkg/loadcells_pkg
[6.940s] -- Up-to-date: /home/giulia0312/easywalk/install/loadcells_pkg/include/loadcells_pkg/loadcells_pkg/msg
[6.940s] -- Up-to-date: /home/giulia0312/easywalk/install/loadcells_pkg/include/loadcells_pkg/loadcells_pkg/msg/rosidl_typesupport_fastrtps_c__visibility_control.h
[6.941s] -- Up-to-date: /home/giulia0312/easywalk/install/loadcells_pkg/include/loadcells_pkg/loadcells_pkg/msg/detail
[6.941s] -- Up-to-date: /home/giulia0312/easywalk/install/loadcells_pkg/include/loadcells_pkg/loadcells_pkg/msg/detail/loadcell_data__rosidl_typesupport_fastrtps_c.h
[6.941s] -- Up-to-date: /home/giulia0312/easywalk/install/loadcells_pkg/lib/libloadcells_pkg__rosidl_typesupport_fastrtps_c.so
[6.941s] -- Up-to-date: /home/giulia0312/easywalk/install/loadcells_pkg/include/loadcells_pkg/loadcells_pkg
[6.942s] -- Up-to-date: /home/giulia0312/easywalk/install/loadcells_pkg/include/loadcells_pkg/loadcells_pkg/msg
[6.942s] -- Up-to-date: /home/giulia0312/easywalk/install/loadcells_pkg/include/loadcells_pkg/loadcells_pkg/msg/loadcell_data.hpp
[6.943s] -- Up-to-date: /home/giulia0312/easywalk/install/loadcells_pkg/include/loadcells_pkg/loadcells_pkg/msg/rosidl_generator_cpp__visibility_control.hpp
[6.943s] -- Up-to-date: /home/giulia0312/easywalk/install/loadcells_pkg/include/loadcells_pkg/loadcells_pkg/msg/detail
[6.943s] -- Up-to-date: /home/giulia0312/easywalk/install/loadcells_pkg/include/loadcells_pkg/loadcells_pkg/msg/detail/loadcell_data__type_support.hpp
[6.943s] -- Up-to-date: /home/giulia0312/easywalk/install/loadcells_pkg/include/loadcells_pkg/loadcells_pkg/msg/detail/loadcell_data__traits.hpp
[6.943s] -- Up-to-date: /home/giulia0312/easywalk/install/loadcells_pkg/include/loadcells_pkg/loadcells_pkg/msg/detail/loadcell_data__struct.hpp
[6.943s] -- Up-to-date: /home/giulia0312/easywalk/install/loadcells_pkg/include/loadcells_pkg/loadcells_pkg/msg/detail/loadcell_data__builder.hpp
[6.943s] -- Up-to-date: /home/giulia0312/easywalk/install/loadcells_pkg/include/loadcells_pkg/loadcells_pkg
[6.944s] -- Up-to-date: /home/giulia0312/easywalk/install/loadcells_pkg/include/loadcells_pkg/loadcells_pkg/msg
[6.944s] -- Up-to-date: /home/giulia0312/easywalk/install/loadcells_pkg/include/loadcells_pkg/loadcells_pkg/msg/rosidl_typesupport_fastrtps_cpp__visibility_control.h
[6.944s] -- Up-to-date: /home/giulia0312/easywalk/install/loadcells_pkg/include/loadcells_pkg/loadcells_pkg/msg/detail
[6.944s] -- Up-to-date: /home/giulia0312/easywalk/install/loadcells_pkg/include/loadcells_pkg/loadcells_pkg/msg/detail/loadcell_data__rosidl_typesupport_fastrtps_cpp.hpp
[6.944s] -- Up-to-date: /home/giulia0312/easywalk/install/loadcells_pkg/include/loadcells_pkg/loadcells_pkg/msg/detail/dds_fastrtps
[6.944s] -- Up-to-date: /home/giulia0312/easywalk/install/loadcells_pkg/lib/libloadcells_pkg__rosidl_typesupport_fastrtps_cpp.so
[6.944s] -- Up-to-date: /home/giulia0312/easywalk/install/loadcells_pkg/include/loadcells_pkg/loadcells_pkg
[6.944s] -- Up-to-date: /home/giulia0312/easywalk/install/loadcells_pkg/include/loadcells_pkg/loadcells_pkg/msg
[6.945s] -- Up-to-date: /home/giulia0312/easywalk/install/loadcells_pkg/include/loadcells_pkg/loadcells_pkg/msg/detail
[6.945s] -- Up-to-date: /home/giulia0312/easywalk/install/loadcells_pkg/include/loadcells_pkg/loadcells_pkg/msg/detail/loadcell_data__rosidl_typesupport_introspection_c.h
[6.945s] -- Up-to-date: /home/giulia0312/easywalk/install/loadcells_pkg/include/loadcells_pkg/loadcells_pkg/msg/detail/loadcell_data__type_support.c
[6.945s] -- Up-to-date: /home/giulia0312/easywalk/install/loadcells_pkg/include/loadcells_pkg/loadcells_pkg/msg/rosidl_typesupport_introspection_c__visibility_control.h
[6.945s] -- Up-to-date: /home/giulia0312/easywalk/install/loadcells_pkg/lib/libloadcells_pkg__rosidl_typesupport_introspection_c.so
[6.945s] -- Up-to-date: /home/giulia0312/easywalk/install/loadcells_pkg/lib/libloadcells_pkg__rosidl_typesupport_c.so
[6.945s] -- Up-to-date: /home/giulia0312/easywalk/install/loadcells_pkg/include/loadcells_pkg/loadcells_pkg
[6.946s] -- Up-to-date: /home/giulia0312/easywalk/install/loadcells_pkg/include/loadcells_pkg/loadcells_pkg/msg
[6.946s] -- Up-to-date: /home/giulia0312/easywalk/install/loadcells_pkg/include/loadcells_pkg/loadcells_pkg/msg/detail
[6.946s] -- Up-to-date: /home/giulia0312/easywalk/install/loadcells_pkg/include/loadcells_pkg/loadcells_pkg/msg/detail/loadcell_data__type_support.cpp
[6.946s] -- Up-to-date: /home/giulia0312/easywalk/install/loadcells_pkg/include/loadcells_pkg/loadcells_pkg/msg/detail/loadcell_data__rosidl_typesupport_introspection_cpp.hpp
[6.946s] -- Up-to-date: /home/giulia0312/easywalk/install/loadcells_pkg/lib/libloadcells_pkg__rosidl_typesupport_introspection_cpp.so
[6.946s] -- Up-to-date: /home/giulia0312/easywalk/install/loadcells_pkg/lib/libloadcells_pkg__rosidl_typesupport_cpp.so
[6.946s] -- Up-to-date: /home/giulia0312/easywalk/install/loadcells_pkg/share/loadcells_pkg/environment/pythonpath.sh
[6.946s] -- Up-to-date: /home/giulia0312/easywalk/install/loadcells_pkg/share/loadcells_pkg/environment/pythonpath.dsv
[6.946s] -- Up-to-date: /home/giulia0312/easywalk/install/loadcells_pkg/lib/python3.12/site-packages/loadcells_pkg-0.0.0-py3.12.egg-info
[6.947s] -- Installing: /home/giulia0312/easywalk/install/loadcells_pkg/lib/python3.12/site-packages/loadcells_pkg-0.0.0-py3.12.egg-info/SOURCES.txt
[6.947s] -- Installing: /home/giulia0312/easywalk/install/loadcells_pkg/lib/python3.12/site-packages/loadcells_pkg-0.0.0-py3.12.egg-info/PKG-INFO
[6.947s] -- Installing: /home/giulia0312/easywalk/install/loadcells_pkg/lib/python3.12/site-packages/loadcells_pkg-0.0.0-py3.12.egg-info/top_level.txt
[6.947s] -- Installing: /home/giulia0312/easywalk/install/loadcells_pkg/lib/python3.12/site-packages/loadcells_pkg-0.0.0-py3.12.egg-info/dependency_links.txt
[6.947s] -- Up-to-date: /home/giulia0312/easywalk/install/loadcells_pkg/lib/python3.12/site-packages/loadcells_pkg
[6.947s] -- Up-to-date: /home/giulia0312/easywalk/install/loadcells_pkg/lib/python3.12/site-packages/loadcells_pkg/loadcells_pkg_s__rosidl_typesupport_introspection_c.so
[6.947s] -- Up-to-date: /home/giulia0312/easywalk/install/loadcells_pkg/lib/python3.12/site-packages/loadcells_pkg/_loadcells_pkg_s.ep.rosidl_typesupport_c.c
[6.947s] -- Up-to-date: /home/giulia0312/easywalk/install/loadcells_pkg/lib/python3.12/site-packages/loadcells_pkg/loadcells_pkg_s__rosidl_typesupport_fastrtps_c.so
[6.947s] -- Up-to-date: /home/giulia0312/easywalk/install/loadcells_pkg/lib/python3.12/site-packages/loadcells_pkg/loadcells_pkg_s__rosidl_typesupport_c.so
[6.947s] -- Up-to-date: /home/giulia0312/easywalk/install/loadcells_pkg/lib/python3.12/site-packages/loadcells_pkg/__init__.py
[6.948s] -- Up-to-date: /home/giulia0312/easywalk/install/loadcells_pkg/lib/python3.12/site-packages/loadcells_pkg/_loadcells_pkg_s.ep.rosidl_typesupport_introspection_c.c
[6.948s] -- Up-to-date: /home/giulia0312/easywalk/install/loadcells_pkg/lib/python3.12/site-packages/loadcells_pkg/_loadcells_pkg_s.ep.rosidl_typesupport_fastrtps_c.c
[6.948s] -- Up-to-date: /home/giulia0312/easywalk/install/loadcells_pkg/lib/python3.12/site-packages/loadcells_pkg/msg
[6.948s] -- Up-to-date: /home/giulia0312/easywalk/install/loadcells_pkg/lib/python3.12/site-packages/loadcells_pkg/msg/__init__.py
[6.948s] -- Up-to-date: /home/giulia0312/easywalk/install/loadcells_pkg/lib/python3.12/site-packages/loadcells_pkg/msg/_loadcell_data.py
[6.948s] -- Up-to-date: /home/giulia0312/easywalk/install/loadcells_pkg/lib/python3.12/site-packages/loadcells_pkg/msg/_loadcell_data_s.c
[7.007s] Listing '/home/giulia0312/easywalk/install/loadcells_pkg/lib/python3.12/site-packages/loadcells_pkg'...
[7.007s] Listing '/home/giulia0312/easywalk/install/loadcells_pkg/lib/python3.12/site-packages/loadcells_pkg/msg'...
[7.016s] -- Up-to-date: /home/giulia0312/easywalk/install/loadcells_pkg/lib/python3.12/site-packages/loadcells_pkg/loadcells_pkg_s__rosidl_typesupport_fastrtps_c.so
[7.016s] -- Up-to-date: /home/giulia0312/easywalk/install/loadcells_pkg/lib/python3.12/site-packages/loadcells_pkg/loadcells_pkg_s__rosidl_typesupport_introspection_c.so
[7.016s] -- Up-to-date: /home/giulia0312/easywalk/install/loadcells_pkg/lib/python3.12/site-packages/loadcells_pkg/loadcells_pkg_s__rosidl_typesupport_c.so
[7.017s] -- Up-to-date: /home/giulia0312/easywalk/install/loadcells_pkg/lib/libloadcells_pkg__rosidl_generator_py.so
[7.017s] -- Up-to-date: /home/giulia0312/easywalk/install/loadcells_pkg/share/ament_index/resource_index/rust_packages/loadcells_pkg
[7.017s] -- Up-to-date: /home/giulia0312/easywalk/install/loadcells_pkg/share/loadcells_pkg/rust
[7.017s] -- Up-to-date: /home/giulia0312/easywalk/install/loadcells_pkg/share/loadcells_pkg/rust/src
[7.017s] -- Up-to-date: /home/giulia0312/easywalk/install/loadcells_pkg/share/loadcells_pkg/rust/src/msg.rs
[7.017s] -- Up-to-date: /home/giulia0312/easywalk/install/loadcells_pkg/share/loadcells_pkg/rust/src/lib.rs
[7.017s] -- Up-to-date: /home/giulia0312/easywalk/install/loadcells_pkg/share/loadcells_pkg/rust/src/msg
[7.018s] -- Up-to-date: /home/giulia0312/easywalk/install/loadcells_pkg/share/loadcells_pkg/rust/src/msg/rmw.rs
[7.018s] -- Up-to-date: /home/giulia0312/easywalk/install/loadcells_pkg/share/loadcells_pkg/rust/build.rs
[7.018s] -- Up-to-date: /home/giulia0312/easywalk/install/loadcells_pkg/share/loadcells_pkg/rust/Cargo.toml
[7.018s] -- Up-to-date: /home/giulia0312/easywalk/install/loadcells_pkg/share/loadcells_pkg/msg/LoadcellData.idl
[7.018s] -- Up-to-date: /home/giulia0312/easywalk/install/loadcells_pkg/share/loadcells_pkg/msg/LoadcellData.msg
[7.018s] -- Up-to-date: /home/giulia0312/easywalk/install/loadcells_pkg/lib/loadcells_pkg/loadcell_publisher
[7.018s] -- Installing: /home/giulia0312/easywalk/install/loadcells_pkg/lib/loadcells_pkg/loadcell_publisher_advanced
[7.020s] -- Set non-toolchain portion of runtime path of "/home/giulia0312/easywalk/install/loadcells_pkg/lib/loadcells_pkg/loadcell_publisher_advanced" to ""
[7.021s] -- Up-to-date: /home/giulia0312/easywalk/install/loadcells_pkg/lib/loadcells_pkg/loadcell_subscriber
[7.021s] -- Up-to-date: /home/giulia0312/easywalk/install/loadcells_pkg/share/ament_index/resource_index/package_run_dependencies/loadcells_pkg
[7.021s] -- Up-to-date: /home/giulia0312/easywalk/install/loadcells_pkg/share/ament_index/resource_index/parent_prefix_path/loadcells_pkg
[7.021s] -- Up-to-date: /home/giulia0312/easywalk/install/loadcells_pkg/share/loadcells_pkg/environment/ament_prefix_path.sh
[7.021s] -- Up-to-date: /home/giulia0312/easywalk/install/loadcells_pkg/share/loadcells_pkg/environment/ament_prefix_path.dsv
[7.021s] -- Up-to-date: /home/giulia0312/easywalk/install/loadcells_pkg/share/loadcells_pkg/environment/path.sh
[7.021s] -- Up-to-date: /home/giulia0312/easywalk/install/loadcells_pkg/share/loadcells_pkg/environment/path.dsv
[7.022s] -- Up-to-date: /home/giulia0312/easywalk/install/loadcells_pkg/share/loadcells_pkg/local_setup.bash
[7.022s] -- Up-to-date: /home/giulia0312/easywalk/install/loadcells_pkg/share/loadcells_pkg/local_setup.sh
[7.022s] -- Up-to-date: /home/giulia0312/easywalk/install/loadcells_pkg/share/loadcells_pkg/local_setup.zsh
[7.022s] -- Up-to-date: /home/giulia0312/easywalk/install/loadcells_pkg/share/loadcells_pkg/local_setup.dsv
[7.022s] -- Installing: /home/giulia0312/easywalk/install/loadcells_pkg/share/loadcells_pkg/package.dsv
[7.022s] -- Up-to-date: /home/giulia0312/easywalk/install/loadcells_pkg/share/ament_index/resource_index/packages/loadcells_pkg
[7.022s] -- Up-to-date: /home/giulia0312/easywalk/install/loadcells_pkg/share/loadcells_pkg/cmake/export_loadcells_pkg__rosidl_generator_cExport.cmake
[7.022s] -- Up-to-date: /home/giulia0312/easywalk/install/loadcells_pkg/share/loadcells_pkg/cmake/export_loadcells_pkg__rosidl_generator_cExport-noconfig.cmake
[7.022s] -- Up-to-date: /home/giulia0312/easywalk/install/loadcells_pkg/share/loadcells_pkg/cmake/export_loadcells_pkg__rosidl_typesupport_fastrtps_cExport.cmake
[7.022s] -- Up-to-date: /home/giulia0312/easywalk/install/loadcells_pkg/share/loadcells_pkg/cmake/export_loadcells_pkg__rosidl_typesupport_fastrtps_cExport-noconfig.cmake
[7.023s] -- Up-to-date: /home/giulia0312/easywalk/install/loadcells_pkg/share/loadcells_pkg/cmake/export_loadcells_pkg__rosidl_generator_cppExport.cmake
[7.023s] -- Up-to-date: /home/giulia0312/easywalk/install/loadcells_pkg/share/loadcells_pkg/cmake/export_loadcells_pkg__rosidl_typesupport_fastrtps_cppExport.cmake
[7.023s] -- Up-to-date: /home/giulia0312/easywalk/install/loadcells_pkg/share/loadcells_pkg/cmake/export_loadcells_pkg__rosidl_typesupport_fastrtps_cppExport-noconfig.cmake
[7.024s] -- Up-to-date: /home/giulia0312/easywalk/install/loadcells_pkg/share/loadcells_pkg/cmake/loadcells_pkg__rosidl_typesupport_introspection_cExport.cmake
[7.024s] -- Up-to-date: /home/giulia0312/easywalk/install/loadcells_pkg/share/loadcells_pkg/cmake/loadcells_pkg__rosidl_typesupport_introspection_cExport-noconfig.cmake
[7.024s] -- Up-to-date: /home/giulia0312/easywalk/install/loadcells_pkg/share/loadcells_pkg/cmake/loadcells_pkg__rosidl_typesupport_cExport.cmake
[7.024s] -- Up-to-date: /home/giulia0312/easywalk/install/loadcells_pkg/share/loadcells_pkg/cmake/loadcells_pkg__rosidl_typesupport_cExport-noconfig.cmake
[7.025s] -- Up-to-date: /home/giulia0312/easywalk/install/loadcells_pkg/share/loadcells_pkg/cmake/loadcells_pkg__rosidl_typesupport_introspection_cppExport.cmake
[7.025s] -- Up-to-date: /home/giulia0312/easywalk/install/loadcells_pkg/share/loadcells_pkg/cmake/loadcells_pkg__rosidl_typesupport_introspection_cppExport-noconfig.cmake
[7.025s] -- Up-to-date: /home/giulia0312/easywalk/install/loadcells_pkg/share/loadcells_pkg/cmake/loadcells_pkg__rosidl_typesupport_cppExport.cmake
[7.026s] -- Up-to-date: /home/giulia0312/easywalk/install/loadcells_pkg/share/loadcells_pkg/cmake/loadcells_pkg__rosidl_typesupport_cppExport-noconfig.cmake
[7.026s] -- Up-to-date: /home/giulia0312/easywalk/install/loadcells_pkg/share/loadcells_pkg/cmake/export_loadcells_pkg__rosidl_generator_pyExport.cmake
[7.026s] -- Up-to-date: /home/giulia0312/easywalk/install/loadcells_pkg/share/loadcells_pkg/cmake/export_loadcells_pkg__rosidl_generator_pyExport-noconfig.cmake
[7.026s] -- Up-to-date: /home/giulia0312/easywalk/install/loadcells_pkg/share/loadcells_pkg/cmake/rosidl_cmake-extras.cmake
[7.027s] -- Up-to-date: /home/giulia0312/easywalk/install/loadcells_pkg/share/loadcells_pkg/cmake/ament_cmake_export_dependencies-extras.cmake
[7.027s] -- Up-to-date: /home/giulia0312/easywalk/install/loadcells_pkg/share/loadcells_pkg/cmake/ament_cmake_export_include_directories-extras.cmake
[7.027s] -- Up-to-date: /home/giulia0312/easywalk/install/loadcells_pkg/share/loadcells_pkg/cmake/ament_cmake_export_libraries-extras.cmake
[7.027s] -- Up-to-date: /home/giulia0312/easywalk/install/loadcells_pkg/share/loadcells_pkg/cmake/ament_cmake_export_targets-extras.cmake
[7.027s] -- Up-to-date: /home/giulia0312/easywalk/install/loadcells_pkg/share/loadcells_pkg/cmake/rosidl_cmake_export_typesupport_targets-extras.cmake
[7.027s] -- Up-to-date: /home/giulia0312/easywalk/install/loadcells_pkg/share/loadcells_pkg/cmake/rosidl_cmake_export_typesupport_libraries-extras.cmake
[7.028s] -- Up-to-date: /home/giulia0312/easywalk/install/loadcells_pkg/share/loadcells_pkg/cmake/loadcells_pkgConfig.cmake
[7.028s] -- Up-to-date: /home/giulia0312/easywalk/install/loadcells_pkg/share/loadcells_pkg/cmake/loadcells_pkgConfig-version.cmake
[7.028s] -- Up-to-date: /home/giulia0312/easywalk/install/loadcells_pkg/share/loadcells_pkg/package.xml
[7.031s] Invoked command in '/home/giulia0312/easywalk/build/loadcells_pkg' returned '0': CMAKE_PREFIX_PATH=${CMAKE_PREFIX_PATH}:/opt/ros/jazzy DEBUGINFOD_URLS=https://debuginfod.ubuntu.com /usr/bin/cmake --install /home/giulia0312/easywalk/build/loadcells_pkg
