[0.315s] DEBUG:colcon:Command line arguments: ['/usr/bin/colcon', 'build']
[0.315s] DEBUG:colcon:Parsed command line arguments: Namespace(log_base=None, log_level=None, verb_name='build', build_base='build', install_base='install', merge_install=False, symlink_install=False, test_result_base=None, continue_on_error=False, executor='parallel', parallel_workers=12, event_handlers=None, ignore_user_meta=False, metas=['./colcon.meta'], base_paths=['.'], packages_ignore=None, packages_ignore_regex=None, paths=None, packages_up_to=None, packages_up_to_regex=None, packages_above=None, packages_above_and_dependencies=None, packages_above_depth=None, packages_select_by_dep=None, packages_skip_by_dep=None, packages_skip_up_to=None, packages_select_build_failed=False, packages_skip_build_finished=False, packages_select_test_failures=False, packages_skip_test_passed=False, packages_select=None, packages_skip=None, packages_select_regex=None, packages_skip_regex=None, packages_start=None, packages_end=None, allow_overriding=[], cmake_args=None, cmake_target=None, cmake_target_skip_unavailable=False, cmake_clean_cache=False, cmake_clean_first=False, cmake_force_configure=False, ament_cmake_args=None, catkin_cmake_args=None, catkin_skip_building_tests=False, mixin_files=None, mixin=None, verb_parser=<colcon_mixin.mixin.mixin_argument.MixinArgumentDecorator object at 0x7f02b4c17830>, verb_extension=<colcon_core.verb.build.BuildVerb object at 0x7f02b4d8ffe0>, main=<bound method BuildVerb.main of <colcon_core.verb.build.BuildVerb object at 0x7f02b4d8ffe0>>, mixin_verb=('build',))
[0.401s] Level 1:colcon.colcon_core.package_discovery:discover_packages(colcon_meta) check parameters
[0.402s] Level 1:colcon.colcon_core.package_discovery:discover_packages(recursive) check parameters
[0.402s] Level 1:colcon.colcon_core.package_discovery:discover_packages(ignore) check parameters
[0.402s] Level 1:colcon.colcon_core.package_discovery:discover_packages(path) check parameters
[0.402s] Level 1:colcon.colcon_core.package_discovery:discover_packages(colcon_meta) discover
[0.402s] Level 1:colcon.colcon_core.package_discovery:discover_packages(recursive) discover
[0.402s] INFO:colcon.colcon_core.package_discovery:Crawling recursively for packages in '/home/giulia0312/easywalk'
[0.402s] Level 1:colcon.colcon_core.package_identification:_identify(.) by extensions ['ignore', 'ignore_ament_install']
[0.402s] Level 1:colcon.colcon_core.package_identification:_identify(.) by extension 'ignore'
[0.402s] Level 1:colcon.colcon_core.package_identification:_identify(.) by extension 'ignore_ament_install'
[0.402s] Level 1:colcon.colcon_core.package_identification:_identify(.) by extensions ['colcon_pkg']
[0.403s] Level 1:colcon.colcon_core.package_identification:_identify(.) by extension 'colcon_pkg'
[0.403s] Level 1:colcon.colcon_core.package_identification:_identify(.) by extensions ['colcon_meta']
[0.403s] Level 1:colcon.colcon_core.package_identification:_identify(.) by extension 'colcon_meta'
[0.403s] Level 1:colcon.colcon_core.package_identification:_identify(.) by extensions ['ros']
[0.403s] Level 1:colcon.colcon_core.package_identification:_identify(.) by extension 'ros'
[0.452s] Level 1:colcon.colcon_core.package_identification:_identify(.) by extensions ['cmake', 'python']
[0.452s] Level 1:colcon.colcon_core.package_identification:_identify(.) by extension 'cmake'
[0.452s] Level 1:colcon.colcon_core.package_identification:_identify(.) by extension 'python'
[0.453s] Level 1:colcon.colcon_core.package_identification:_identify(.) by extensions ['python_setup_py']
[0.453s] Level 1:colcon.colcon_core.package_identification:_identify(.) by extension 'python_setup_py'
[0.453s] Level 1:colcon.colcon_core.package_identification:_identify(build) by extensions ['ignore', 'ignore_ament_install']
[0.453s] Level 1:colcon.colcon_core.package_identification:_identify(build) by extension 'ignore'
[0.453s] Level 1:colcon.colcon_core.package_identification:_identify(build) ignored
[0.453s] Level 1:colcon.colcon_core.package_identification:_identify(install) by extensions ['ignore', 'ignore_ament_install']
[0.453s] Level 1:colcon.colcon_core.package_identification:_identify(install) by extension 'ignore'
[0.453s] Level 1:colcon.colcon_core.package_identification:_identify(install) ignored
[0.454s] Level 1:colcon.colcon_core.package_identification:_identify(log) by extensions ['ignore', 'ignore_ament_install']
[0.454s] Level 1:colcon.colcon_core.package_identification:_identify(log) by extension 'ignore'
[0.454s] Level 1:colcon.colcon_core.package_identification:_identify(log) ignored
[0.454s] Level 1:colcon.colcon_core.package_identification:_identify(src) by extensions ['ignore', 'ignore_ament_install']
[0.454s] Level 1:colcon.colcon_core.package_identification:_identify(src) by extension 'ignore'
[0.454s] Level 1:colcon.colcon_core.package_identification:_identify(src) by extension 'ignore_ament_install'
[0.454s] Level 1:colcon.colcon_core.package_identification:_identify(src) by extensions ['colcon_pkg']
[0.454s] Level 1:colcon.colcon_core.package_identification:_identify(src) by extension 'colcon_pkg'
[0.454s] Level 1:colcon.colcon_core.package_identification:_identify(src) by extensions ['colcon_meta']
[0.454s] Level 1:colcon.colcon_core.package_identification:_identify(src) by extension 'colcon_meta'
[0.454s] Level 1:colcon.colcon_core.package_identification:_identify(src) by extensions ['ros']
[0.454s] Level 1:colcon.colcon_core.package_identification:_identify(src) by extension 'ros'
[0.454s] Level 1:colcon.colcon_core.package_identification:_identify(src) by extensions ['cmake', 'python']
[0.454s] Level 1:colcon.colcon_core.package_identification:_identify(src) by extension 'cmake'
[0.454s] Level 1:colcon.colcon_core.package_identification:_identify(src) by extension 'python'
[0.455s] Level 1:colcon.colcon_core.package_identification:_identify(src) by extensions ['python_setup_py']
[0.455s] Level 1:colcon.colcon_core.package_identification:_identify(src) by extension 'python_setup_py'
[0.455s] Level 1:colcon.colcon_core.package_identification:_identify(src/loadcells_pkg) by extensions ['ignore', 'ignore_ament_install']
[0.455s] Level 1:colcon.colcon_core.package_identification:_identify(src/loadcells_pkg) by extension 'ignore'
[0.455s] Level 1:colcon.colcon_core.package_identification:_identify(src/loadcells_pkg) by extension 'ignore_ament_install'
[0.455s] Level 1:colcon.colcon_core.package_identification:_identify(src/loadcells_pkg) by extensions ['colcon_pkg']
[0.455s] Level 1:colcon.colcon_core.package_identification:_identify(src/loadcells_pkg) by extension 'colcon_pkg'
[0.455s] Level 1:colcon.colcon_core.package_identification:_identify(src/loadcells_pkg) by extensions ['colcon_meta']
[0.455s] Level 1:colcon.colcon_core.package_identification:_identify(src/loadcells_pkg) by extension 'colcon_meta'
[0.455s] Level 1:colcon.colcon_core.package_identification:_identify(src/loadcells_pkg) by extensions ['ros']
[0.455s] Level 1:colcon.colcon_core.package_identification:_identify(src/loadcells_pkg) by extension 'ros'
[0.460s] DEBUG:colcon.colcon_core.package_identification:Package 'src/loadcells_pkg' with type 'ros.ament_cmake' and name 'loadcells_pkg'
[0.460s] Level 1:colcon.colcon_core.package_discovery:discover_packages(recursive) using defaults
[0.460s] Level 1:colcon.colcon_core.package_discovery:discover_packages(ignore) discover
[0.460s] Level 1:colcon.colcon_core.package_discovery:discover_packages(ignore) using defaults
[0.460s] Level 1:colcon.colcon_core.package_discovery:discover_packages(path) discover
[0.460s] Level 1:colcon.colcon_core.package_discovery:discover_packages(path) using defaults
[0.493s] Level 1:colcon.colcon_core.package_discovery:discover_packages(prefix_path) check parameters
[0.493s] Level 1:colcon.colcon_core.package_discovery:discover_packages(prefix_path) discover
[0.497s] DEBUG:colcon.colcon_installed_package_information.package_discovery:Found 1 installed packages in /home/giulia0312/easywalk/install
[0.499s] DEBUG:colcon.colcon_installed_package_information.package_discovery:Found 287 installed packages in /opt/ros/jazzy
[0.502s] Level 1:colcon.colcon_core.package_discovery:discover_packages(prefix_path) using defaults
[0.552s] Level 5:colcon.colcon_core.verb:set package 'loadcells_pkg' build argument 'cmake_args' from command line to 'None'
[0.552s] Level 5:colcon.colcon_core.verb:set package 'loadcells_pkg' build argument 'cmake_target' from command line to 'None'
[0.552s] Level 5:colcon.colcon_core.verb:set package 'loadcells_pkg' build argument 'cmake_target_skip_unavailable' from command line to 'False'
[0.552s] Level 5:colcon.colcon_core.verb:set package 'loadcells_pkg' build argument 'cmake_clean_cache' from command line to 'False'
[0.552s] Level 5:colcon.colcon_core.verb:set package 'loadcells_pkg' build argument 'cmake_clean_first' from command line to 'False'
[0.552s] Level 5:colcon.colcon_core.verb:set package 'loadcells_pkg' build argument 'cmake_force_configure' from command line to 'False'
[0.552s] Level 5:colcon.colcon_core.verb:set package 'loadcells_pkg' build argument 'ament_cmake_args' from command line to 'None'
[0.553s] Level 5:colcon.colcon_core.verb:set package 'loadcells_pkg' build argument 'catkin_cmake_args' from command line to 'None'
[0.553s] Level 5:colcon.colcon_core.verb:set package 'loadcells_pkg' build argument 'catkin_skip_building_tests' from command line to 'False'
[0.553s] DEBUG:colcon.colcon_core.verb:Building package 'loadcells_pkg' with the following arguments: {'ament_cmake_args': None, 'build_base': '/home/giulia0312/easywalk/build/loadcells_pkg', 'catkin_cmake_args': None, 'catkin_skip_building_tests': False, 'cmake_args': None, 'cmake_clean_cache': False, 'cmake_clean_first': False, 'cmake_force_configure': False, 'cmake_target': None, 'cmake_target_skip_unavailable': False, 'install_base': '/home/giulia0312/easywalk/install/loadcells_pkg', 'merge_install': False, 'path': '/home/giulia0312/easywalk/src/loadcells_pkg', 'symlink_install': False, 'test_result_base': None}
[0.553s] INFO:colcon.colcon_core.executor:Executing jobs using 'parallel' executor
[0.555s] DEBUG:colcon.colcon_parallel_executor.executor.parallel:run_until_complete
[0.555s] INFO:colcon.colcon_ros.task.ament_cmake.build:Building ROS package in '/home/giulia0312/easywalk/src/loadcells_pkg' with build type 'ament_cmake'
[0.555s] INFO:colcon.colcon_cmake.task.cmake.build:Building CMake package in '/home/giulia0312/easywalk/src/loadcells_pkg'
[0.562s] INFO:colcon.colcon_core.plugin_system:Skipping extension 'colcon_core.shell.bat': Not used on non-Windows systems
[0.562s] INFO:colcon.colcon_core.shell:Skip shell extension 'powershell' for command environment: Not usable outside of PowerShell
[0.562s] DEBUG:colcon.colcon_core.shell:Skip shell extension 'dsv' for command environment
[0.579s] DEBUG:colcon.colcon_core.event_handler.log_command:Invoking command in '/home/giulia0312/easywalk/build/loadcells_pkg': CMAKE_PREFIX_PATH=${CMAKE_PREFIX_PATH}:/opt/ros/jazzy DEBUGINFOD_URLS=https://debuginfod.ubuntu.com /usr/bin/cmake --build /home/giulia0312/easywalk/build/loadcells_pkg -- -j12 -l12
[7.462s] DEBUG:colcon.colcon_core.event_handler.log_command:Invoked command in '/home/giulia0312/easywalk/build/loadcells_pkg' returned '0': CMAKE_PREFIX_PATH=${CMAKE_PREFIX_PATH}:/opt/ros/jazzy DEBUGINFOD_URLS=https://debuginfod.ubuntu.com /usr/bin/cmake --build /home/giulia0312/easywalk/build/loadcells_pkg -- -j12 -l12
[7.478s] DEBUG:colcon.colcon_core.event_handler.log_command:Invoking command in '/home/giulia0312/easywalk/build/loadcells_pkg': CMAKE_PREFIX_PATH=${CMAKE_PREFIX_PATH}:/opt/ros/jazzy DEBUGINFOD_URLS=https://debuginfod.ubuntu.com /usr/bin/cmake --install /home/giulia0312/easywalk/build/loadcells_pkg
[7.586s] Level 1:colcon.colcon_core.environment:create_environment_scripts_only(loadcells_pkg)
[7.587s] DEBUG:colcon.colcon_core.event_handler.log_command:Invoked command in '/home/giulia0312/easywalk/build/loadcells_pkg' returned '0': CMAKE_PREFIX_PATH=${CMAKE_PREFIX_PATH}:/opt/ros/jazzy DEBUGINFOD_URLS=https://debuginfod.ubuntu.com /usr/bin/cmake --install /home/giulia0312/easywalk/build/loadcells_pkg
[7.594s] Level 1:colcon.colcon_core.environment:checking '/home/giulia0312/easywalk/install/loadcells_pkg' for CMake module files
[7.595s] Level 1:colcon.colcon_core.environment:checking '/home/giulia0312/easywalk/install/loadcells_pkg' for CMake config files
[7.596s] Level 1:colcon.colcon_core.shell:create_environment_hook('loadcells_pkg', 'cmake_prefix_path')
[7.597s] INFO:colcon.colcon_core.shell:Creating environment hook '/home/giulia0312/easywalk/install/loadcells_pkg/share/loadcells_pkg/hook/cmake_prefix_path.ps1'
[7.599s] INFO:colcon.colcon_core.shell:Creating environment descriptor '/home/giulia0312/easywalk/install/loadcells_pkg/share/loadcells_pkg/hook/cmake_prefix_path.dsv'
[7.600s] INFO:colcon.colcon_core.shell:Creating environment hook '/home/giulia0312/easywalk/install/loadcells_pkg/share/loadcells_pkg/hook/cmake_prefix_path.sh'
[7.602s] Level 1:colcon.colcon_core.environment:checking '/home/giulia0312/easywalk/install/loadcells_pkg/lib'
[7.602s] Level 1:colcon.colcon_core.shell:create_environment_hook('loadcells_pkg', 'ld_library_path_lib')
[7.603s] INFO:colcon.colcon_core.shell:Creating environment hook '/home/giulia0312/easywalk/install/loadcells_pkg/share/loadcells_pkg/hook/ld_library_path_lib.ps1'
[7.604s] INFO:colcon.colcon_core.shell:Creating environment descriptor '/home/giulia0312/easywalk/install/loadcells_pkg/share/loadcells_pkg/hook/ld_library_path_lib.dsv'
[7.604s] INFO:colcon.colcon_core.shell:Creating environment hook '/home/giulia0312/easywalk/install/loadcells_pkg/share/loadcells_pkg/hook/ld_library_path_lib.sh'
[7.605s] Level 1:colcon.colcon_core.environment:checking '/home/giulia0312/easywalk/install/loadcells_pkg/bin'
[7.605s] Level 1:colcon.colcon_core.environment:checking '/home/giulia0312/easywalk/install/loadcells_pkg/lib/pkgconfig/loadcells_pkg.pc'
[7.605s] Level 1:colcon.colcon_core.environment:checking '/home/giulia0312/easywalk/install/loadcells_pkg/lib/python3.12/site-packages'
[7.606s] Level 1:colcon.colcon_core.shell:create_environment_hook('loadcells_pkg', 'pythonpath')
[7.606s] INFO:colcon.colcon_core.shell:Creating environment hook '/home/giulia0312/easywalk/install/loadcells_pkg/share/loadcells_pkg/hook/pythonpath.ps1'
[7.606s] INFO:colcon.colcon_core.shell:Creating environment descriptor '/home/giulia0312/easywalk/install/loadcells_pkg/share/loadcells_pkg/hook/pythonpath.dsv'
[7.607s] INFO:colcon.colcon_core.shell:Creating environment hook '/home/giulia0312/easywalk/install/loadcells_pkg/share/loadcells_pkg/hook/pythonpath.sh'
[7.608s] Level 1:colcon.colcon_core.environment:checking '/home/giulia0312/easywalk/install/loadcells_pkg/bin'
[7.608s] INFO:colcon.colcon_core.shell:Creating package script '/home/giulia0312/easywalk/install/loadcells_pkg/share/loadcells_pkg/package.ps1'
[7.610s] INFO:colcon.colcon_core.shell:Creating package descriptor '/home/giulia0312/easywalk/install/loadcells_pkg/share/loadcells_pkg/package.dsv'
[7.611s] INFO:colcon.colcon_core.shell:Creating package script '/home/giulia0312/easywalk/install/loadcells_pkg/share/loadcells_pkg/package.sh'
[7.612s] INFO:colcon.colcon_core.shell:Creating package script '/home/giulia0312/easywalk/install/loadcells_pkg/share/loadcells_pkg/package.bash'
[7.613s] INFO:colcon.colcon_core.shell:Creating package script '/home/giulia0312/easywalk/install/loadcells_pkg/share/loadcells_pkg/package.zsh'
[7.614s] Level 1:colcon.colcon_core.environment:create_file_with_runtime_dependencies(/home/giulia0312/easywalk/install/loadcells_pkg/share/colcon-core/packages/loadcells_pkg)
[7.615s] Level 1:colcon.colcon_core.environment:create_environment_scripts_only(loadcells_pkg)
[7.616s] Level 1:colcon.colcon_core.environment:checking '/home/giulia0312/easywalk/install/loadcells_pkg' for CMake module files
[7.617s] Level 1:colcon.colcon_core.environment:checking '/home/giulia0312/easywalk/install/loadcells_pkg' for CMake config files
[7.617s] Level 1:colcon.colcon_core.shell:create_environment_hook('loadcells_pkg', 'cmake_prefix_path')
[7.617s] INFO:colcon.colcon_core.shell:Creating environment hook '/home/giulia0312/easywalk/install/loadcells_pkg/share/loadcells_pkg/hook/cmake_prefix_path.ps1'
[7.618s] INFO:colcon.colcon_core.shell:Creating environment descriptor '/home/giulia0312/easywalk/install/loadcells_pkg/share/loadcells_pkg/hook/cmake_prefix_path.dsv'
[7.619s] INFO:colcon.colcon_core.shell:Creating environment hook '/home/giulia0312/easywalk/install/loadcells_pkg/share/loadcells_pkg/hook/cmake_prefix_path.sh'
[7.619s] Level 1:colcon.colcon_core.environment:checking '/home/giulia0312/easywalk/install/loadcells_pkg/lib'
[7.620s] Level 1:colcon.colcon_core.shell:create_environment_hook('loadcells_pkg', 'ld_library_path_lib')
[7.620s] INFO:colcon.colcon_core.shell:Creating environment hook '/home/giulia0312/easywalk/install/loadcells_pkg/share/loadcells_pkg/hook/ld_library_path_lib.ps1'
[7.621s] INFO:colcon.colcon_core.shell:Creating environment descriptor '/home/giulia0312/easywalk/install/loadcells_pkg/share/loadcells_pkg/hook/ld_library_path_lib.dsv'
[7.621s] INFO:colcon.colcon_core.shell:Creating environment hook '/home/giulia0312/easywalk/install/loadcells_pkg/share/loadcells_pkg/hook/ld_library_path_lib.sh'
[7.622s] Level 1:colcon.colcon_core.environment:checking '/home/giulia0312/easywalk/install/loadcells_pkg/bin'
[7.622s] Level 1:colcon.colcon_core.environment:checking '/home/giulia0312/easywalk/install/loadcells_pkg/lib/pkgconfig/loadcells_pkg.pc'
[7.622s] Level 1:colcon.colcon_core.environment:checking '/home/giulia0312/easywalk/install/loadcells_pkg/lib/python3.12/site-packages'
[7.622s] Level 1:colcon.colcon_core.shell:create_environment_hook('loadcells_pkg', 'pythonpath')
[7.623s] INFO:colcon.colcon_core.shell:Creating environment hook '/home/giulia0312/easywalk/install/loadcells_pkg/share/loadcells_pkg/hook/pythonpath.ps1'
[7.623s] INFO:colcon.colcon_core.shell:Creating environment descriptor '/home/giulia0312/easywalk/install/loadcells_pkg/share/loadcells_pkg/hook/pythonpath.dsv'
[7.624s] INFO:colcon.colcon_core.shell:Creating environment hook '/home/giulia0312/easywalk/install/loadcells_pkg/share/loadcells_pkg/hook/pythonpath.sh'
[7.625s] Level 1:colcon.colcon_core.environment:checking '/home/giulia0312/easywalk/install/loadcells_pkg/bin'
[7.625s] INFO:colcon.colcon_core.shell:Creating package script '/home/giulia0312/easywalk/install/loadcells_pkg/share/loadcells_pkg/package.ps1'
[7.626s] INFO:colcon.colcon_core.shell:Creating package descriptor '/home/giulia0312/easywalk/install/loadcells_pkg/share/loadcells_pkg/package.dsv'
[7.627s] INFO:colcon.colcon_core.shell:Creating package script '/home/giulia0312/easywalk/install/loadcells_pkg/share/loadcells_pkg/package.sh'
[7.628s] INFO:colcon.colcon_core.shell:Creating package script '/home/giulia0312/easywalk/install/loadcells_pkg/share/loadcells_pkg/package.bash'
[7.628s] INFO:colcon.colcon_core.shell:Creating package script '/home/giulia0312/easywalk/install/loadcells_pkg/share/loadcells_pkg/package.zsh'
[7.628s] Level 1:colcon.colcon_core.environment:create_file_with_runtime_dependencies(/home/giulia0312/easywalk/install/loadcells_pkg/share/colcon-core/packages/loadcells_pkg)
[7.629s] DEBUG:colcon.colcon_parallel_executor.executor.parallel:closing loop
[7.629s] DEBUG:colcon.colcon_parallel_executor.executor.parallel:loop closed
[7.629s] DEBUG:colcon.colcon_parallel_executor.executor.parallel:run_until_complete finished with '0'
[7.629s] DEBUG:colcon.colcon_core.event_reactor:joining thread
[7.638s] INFO:colcon.colcon_core.plugin_system:Skipping extension 'colcon_notification.desktop_notification.terminal_notifier': Not used on non-Darwin systems
[7.638s] INFO:colcon.colcon_core.plugin_system:Skipping extension 'colcon_notification.desktop_notification.win32': Not used on non-Windows systems
[7.638s] INFO:colcon.colcon_notification.desktop_notification:Sending desktop notification using 'notify2'
[7.676s] DEBUG:colcon.colcon_core.event_reactor:joined thread
[7.676s] INFO:colcon.colcon_core.shell:Creating prefix script '/home/giulia0312/easywalk/install/local_setup.ps1'
[7.678s] INFO:colcon.colcon_core.shell:Creating prefix util module '/home/giulia0312/easywalk/install/_local_setup_util_ps1.py'
[7.679s] INFO:colcon.colcon_core.shell:Creating prefix chain script '/home/giulia0312/easywalk/install/setup.ps1'
[7.681s] INFO:colcon.colcon_core.shell:Creating prefix script '/home/giulia0312/easywalk/install/local_setup.sh'
[7.682s] INFO:colcon.colcon_core.shell:Creating prefix util module '/home/giulia0312/easywalk/install/_local_setup_util_sh.py'
[7.683s] INFO:colcon.colcon_core.shell:Creating prefix chain script '/home/giulia0312/easywalk/install/setup.sh'
[7.684s] INFO:colcon.colcon_core.shell:Creating prefix script '/home/giulia0312/easywalk/install/local_setup.bash'
[7.685s] INFO:colcon.colcon_core.shell:Creating prefix chain script '/home/giulia0312/easywalk/install/setup.bash'
[7.686s] INFO:colcon.colcon_core.shell:Creating prefix script '/home/giulia0312/easywalk/install/local_setup.zsh'
[7.687s] INFO:colcon.colcon_core.shell:Creating prefix chain script '/home/giulia0312/easywalk/install/setup.zsh'
