[  2%] Built target pkg__rosidl_generator_type_description
[  5%] Built target pkg__rs
[  5%] Built target ament_cmake_python_copy_pkg
[ 18%] Built target pkg__rosidl_generator_c
[ 21%] Built target pkg__cpp
[ 29%] Built target pkg__rosidl_typesupport_fastrtps_cpp
[ 40%] Built target pkg__rosidl_typesupport_introspection_c
[ 45%] Built target pkg__rosidl_typesupport_c
[ 54%] Built target pkg__rosidl_typesupport_introspection_cpp
[ 62%] Built target pkg__rosidl_typesupport_fastrtps_c
[ 70%] Built target pkg__rosidl_typesupport_cpp
[ 70%] Built target pkg
[ 72%] [32mBuilding CXX object CMakeFiles/publisher.dir/src/serialNode.cpp.o[0m
[ 75%] Built target pkg__py
[ 81%] Built target pkg__rosidl_generator_py
[ 86%] Built target pkg_s__rosidl_typesupport_fastrtps_c
[ 91%] Built target pkg_s__rosidl_typesupport_introspection_c
[ 97%] Built target pkg_s__rosidl_typesupport_c
running egg_info
writing pkg.egg-info/PKG-INFO
writing dependency_links to pkg.egg-info/dependency_links.txt
writing top-level names to pkg.egg-info/top_level.txt
reading manifest file 'pkg.egg-info/SOURCES.txt'
writing manifest file 'pkg.egg-info/SOURCES.txt'
[ 97%] Built target ament_cmake_python_build_pkg_egg
[100%] [32m[1mLinking CXX executable publisher[0m
[100%] Built target publisher
-- Install configuration: ""
-- Up-to-date: /home/giulia0312/easywalk/install/pkg/share/ament_index/resource_index/rosidl_interfaces/pkg
-- Up-to-date: /home/giulia0312/easywalk/install/pkg/share/pkg/msg/LoadcellData.json
-- Up-to-date: /home/giulia0312/easywalk/install/pkg/include/pkg/pkg
-- Up-to-date: /home/giulia0312/easywalk/install/pkg/include/pkg/pkg/msg
-- Up-to-date: /home/giulia0312/easywalk/install/pkg/include/pkg/pkg/msg/detail
-- Up-to-date: /home/giulia0312/easywalk/install/pkg/include/pkg/pkg/msg/detail/loadcell_data__struct.h
-- Up-to-date: /home/giulia0312/easywalk/install/pkg/include/pkg/pkg/msg/detail/loadcell_data__functions.c
-- Up-to-date: /home/giulia0312/easywalk/install/pkg/include/pkg/pkg/msg/detail/loadcell_data__description.c
-- Up-to-date: /home/giulia0312/easywalk/install/pkg/include/pkg/pkg/msg/detail/loadcell_data__type_support.h
-- Up-to-date: /home/giulia0312/easywalk/install/pkg/include/pkg/pkg/msg/detail/loadcell_data__functions.h
-- Installing: /home/giulia0312/easywalk/install/pkg/include/pkg/pkg/msg/detail/loadcell_data__type_support.c
-- Up-to-date: /home/giulia0312/easywalk/install/pkg/include/pkg/pkg/msg/loadcell_data.h
-- Up-to-date: /home/giulia0312/easywalk/install/pkg/include/pkg/pkg/msg/rosidl_generator_c__visibility_control.h
-- Up-to-date: /home/giulia0312/easywalk/install/pkg/share/pkg/environment/library_path.sh
-- Up-to-date: /home/giulia0312/easywalk/install/pkg/share/pkg/environment/library_path.dsv
-- Up-to-date: /home/giulia0312/easywalk/install/pkg/lib/libpkg__rosidl_generator_c.so
-- Up-to-date: /home/giulia0312/easywalk/install/pkg/include/pkg/pkg
-- Up-to-date: /home/giulia0312/easywalk/install/pkg/include/pkg/pkg/msg
-- Up-to-date: /home/giulia0312/easywalk/install/pkg/include/pkg/pkg/msg/rosidl_typesupport_fastrtps_c__visibility_control.h
-- Up-to-date: /home/giulia0312/easywalk/install/pkg/include/pkg/pkg/msg/detail
-- Up-to-date: /home/giulia0312/easywalk/install/pkg/include/pkg/pkg/msg/detail/loadcell_data__rosidl_typesupport_fastrtps_c.h
-- Up-to-date: /home/giulia0312/easywalk/install/pkg/lib/libpkg__rosidl_typesupport_fastrtps_c.so
-- Up-to-date: /home/giulia0312/easywalk/install/pkg/include/pkg/pkg
-- Up-to-date: /home/giulia0312/easywalk/install/pkg/include/pkg/pkg/msg
-- Up-to-date: /home/giulia0312/easywalk/install/pkg/include/pkg/pkg/msg/loadcell_data.hpp
-- Up-to-date: /home/giulia0312/easywalk/install/pkg/include/pkg/pkg/msg/rosidl_generator_cpp__visibility_control.hpp
-- Up-to-date: /home/giulia0312/easywalk/install/pkg/include/pkg/pkg/msg/detail
-- Up-to-date: /home/giulia0312/easywalk/install/pkg/include/pkg/pkg/msg/detail/loadcell_data__type_support.hpp
-- Up-to-date: /home/giulia0312/easywalk/install/pkg/include/pkg/pkg/msg/detail/loadcell_data__traits.hpp
-- Up-to-date: /home/giulia0312/easywalk/install/pkg/include/pkg/pkg/msg/detail/loadcell_data__struct.hpp
-- Up-to-date: /home/giulia0312/easywalk/install/pkg/include/pkg/pkg/msg/detail/loadcell_data__builder.hpp
-- Up-to-date: /home/giulia0312/easywalk/install/pkg/include/pkg/pkg
-- Up-to-date: /home/giulia0312/easywalk/install/pkg/include/pkg/pkg/msg
-- Up-to-date: /home/giulia0312/easywalk/install/pkg/include/pkg/pkg/msg/rosidl_typesupport_fastrtps_cpp__visibility_control.h
-- Up-to-date: /home/giulia0312/easywalk/install/pkg/include/pkg/pkg/msg/detail
-- Up-to-date: /home/giulia0312/easywalk/install/pkg/include/pkg/pkg/msg/detail/loadcell_data__rosidl_typesupport_fastrtps_cpp.hpp
-- Up-to-date: /home/giulia0312/easywalk/install/pkg/include/pkg/pkg/msg/detail/dds_fastrtps
-- Up-to-date: /home/giulia0312/easywalk/install/pkg/lib/libpkg__rosidl_typesupport_fastrtps_cpp.so
-- Up-to-date: /home/giulia0312/easywalk/install/pkg/include/pkg/pkg
-- Up-to-date: /home/giulia0312/easywalk/install/pkg/include/pkg/pkg/msg
-- Up-to-date: /home/giulia0312/easywalk/install/pkg/include/pkg/pkg/msg/detail
-- Up-to-date: /home/giulia0312/easywalk/install/pkg/include/pkg/pkg/msg/detail/loadcell_data__rosidl_typesupport_introspection_c.h
-- Installing: /home/giulia0312/easywalk/install/pkg/include/pkg/pkg/msg/detail/loadcell_data__type_support.c
-- Up-to-date: /home/giulia0312/easywalk/install/pkg/include/pkg/pkg/msg/rosidl_typesupport_introspection_c__visibility_control.h
-- Up-to-date: /home/giulia0312/easywalk/install/pkg/lib/libpkg__rosidl_typesupport_introspection_c.so
-- Up-to-date: /home/giulia0312/easywalk/install/pkg/lib/libpkg__rosidl_typesupport_c.so
-- Up-to-date: /home/giulia0312/easywalk/install/pkg/include/pkg/pkg
-- Up-to-date: /home/giulia0312/easywalk/install/pkg/include/pkg/pkg/msg
-- Up-to-date: /home/giulia0312/easywalk/install/pkg/include/pkg/pkg/msg/detail
-- Up-to-date: /home/giulia0312/easywalk/install/pkg/include/pkg/pkg/msg/detail/loadcell_data__type_support.cpp
-- Up-to-date: /home/giulia0312/easywalk/install/pkg/include/pkg/pkg/msg/detail/loadcell_data__rosidl_typesupport_introspection_cpp.hpp
-- Up-to-date: /home/giulia0312/easywalk/install/pkg/lib/libpkg__rosidl_typesupport_introspection_cpp.so
-- Up-to-date: /home/giulia0312/easywalk/install/pkg/lib/libpkg__rosidl_typesupport_cpp.so
-- Up-to-date: /home/giulia0312/easywalk/install/pkg/share/pkg/environment/pythonpath.sh
-- Up-to-date: /home/giulia0312/easywalk/install/pkg/share/pkg/environment/pythonpath.dsv
-- Up-to-date: /home/giulia0312/easywalk/install/pkg/lib/python3.12/site-packages/pkg-0.0.0-py3.12.egg-info
-- Installing: /home/giulia0312/easywalk/install/pkg/lib/python3.12/site-packages/pkg-0.0.0-py3.12.egg-info/SOURCES.txt
-- Installing: /home/giulia0312/easywalk/install/pkg/lib/python3.12/site-packages/pkg-0.0.0-py3.12.egg-info/PKG-INFO
-- Installing: /home/giulia0312/easywalk/install/pkg/lib/python3.12/site-packages/pkg-0.0.0-py3.12.egg-info/top_level.txt
-- Installing: /home/giulia0312/easywalk/install/pkg/lib/python3.12/site-packages/pkg-0.0.0-py3.12.egg-info/dependency_links.txt
-- Up-to-date: /home/giulia0312/easywalk/install/pkg/lib/python3.12/site-packages/pkg
-- Up-to-date: /home/giulia0312/easywalk/install/pkg/lib/python3.12/site-packages/pkg/_pkg_s.ep.rosidl_typesupport_introspection_c.c
-- Up-to-date: /home/giulia0312/easywalk/install/pkg/lib/python3.12/site-packages/pkg/_pkg_s.ep.rosidl_typesupport_fastrtps_c.c
-- Up-to-date: /home/giulia0312/easywalk/install/pkg/lib/python3.12/site-packages/pkg/pkg_s__rosidl_typesupport_introspection_c.so
-- Up-to-date: /home/giulia0312/easywalk/install/pkg/lib/python3.12/site-packages/pkg/pkg_s__rosidl_typesupport_c.so
-- Up-to-date: /home/giulia0312/easywalk/install/pkg/lib/python3.12/site-packages/pkg/pkg_s__rosidl_typesupport_fastrtps_c.so
-- Up-to-date: /home/giulia0312/easywalk/install/pkg/lib/python3.12/site-packages/pkg/__init__.py
-- Up-to-date: /home/giulia0312/easywalk/install/pkg/lib/python3.12/site-packages/pkg/_pkg_s.ep.rosidl_typesupport_c.c
-- Up-to-date: /home/giulia0312/easywalk/install/pkg/lib/python3.12/site-packages/pkg/msg
-- Up-to-date: /home/giulia0312/easywalk/install/pkg/lib/python3.12/site-packages/pkg/msg/__init__.py
-- Up-to-date: /home/giulia0312/easywalk/install/pkg/lib/python3.12/site-packages/pkg/msg/_loadcell_data.py
-- Up-to-date: /home/giulia0312/easywalk/install/pkg/lib/python3.12/site-packages/pkg/msg/_loadcell_data_s.c
Listing '/home/giulia0312/easywalk/install/pkg/lib/python3.12/site-packages/pkg'...
Listing '/home/giulia0312/easywalk/install/pkg/lib/python3.12/site-packages/pkg/msg'...
-- Up-to-date: /home/giulia0312/easywalk/install/pkg/lib/python3.12/site-packages/pkg/pkg_s__rosidl_typesupport_fastrtps_c.so
-- Up-to-date: /home/giulia0312/easywalk/install/pkg/lib/python3.12/site-packages/pkg/pkg_s__rosidl_typesupport_introspection_c.so
-- Up-to-date: /home/giulia0312/easywalk/install/pkg/lib/python3.12/site-packages/pkg/pkg_s__rosidl_typesupport_c.so
-- Up-to-date: /home/giulia0312/easywalk/install/pkg/lib/libpkg__rosidl_generator_py.so
-- Up-to-date: /home/giulia0312/easywalk/install/pkg/share/ament_index/resource_index/rust_packages/pkg
-- Up-to-date: /home/giulia0312/easywalk/install/pkg/share/pkg/rust
-- Up-to-date: /home/giulia0312/easywalk/install/pkg/share/pkg/rust/src
-- Up-to-date: /home/giulia0312/easywalk/install/pkg/share/pkg/rust/src/msg.rs
-- Up-to-date: /home/giulia0312/easywalk/install/pkg/share/pkg/rust/src/lib.rs
-- Up-to-date: /home/giulia0312/easywalk/install/pkg/share/pkg/rust/src/msg
-- Up-to-date: /home/giulia0312/easywalk/install/pkg/share/pkg/rust/src/msg/rmw.rs
-- Up-to-date: /home/giulia0312/easywalk/install/pkg/share/pkg/rust/build.rs
-- Up-to-date: /home/giulia0312/easywalk/install/pkg/share/pkg/rust/Cargo.toml
-- Up-to-date: /home/giulia0312/easywalk/install/pkg/share/pkg/msg/LoadcellData.idl
-- Up-to-date: /home/giulia0312/easywalk/install/pkg/share/pkg/msg/LoadcellData.msg
-- Installing: /home/giulia0312/easywalk/install/pkg/lib/pkg/publisher
-- Set non-toolchain portion of runtime path of "/home/giulia0312/easywalk/install/pkg/lib/pkg/publisher" to ""
-- Up-to-date: /home/giulia0312/easywalk/install/pkg/share/ament_index/resource_index/package_run_dependencies/pkg
-- Up-to-date: /home/giulia0312/easywalk/install/pkg/share/ament_index/resource_index/parent_prefix_path/pkg
-- Up-to-date: /home/giulia0312/easywalk/install/pkg/share/pkg/environment/ament_prefix_path.sh
-- Up-to-date: /home/giulia0312/easywalk/install/pkg/share/pkg/environment/ament_prefix_path.dsv
-- Up-to-date: /home/giulia0312/easywalk/install/pkg/share/pkg/environment/path.sh
-- Up-to-date: /home/giulia0312/easywalk/install/pkg/share/pkg/environment/path.dsv
-- Up-to-date: /home/giulia0312/easywalk/install/pkg/share/pkg/local_setup.bash
-- Up-to-date: /home/giulia0312/easywalk/install/pkg/share/pkg/local_setup.sh
-- Up-to-date: /home/giulia0312/easywalk/install/pkg/share/pkg/local_setup.zsh
-- Up-to-date: /home/giulia0312/easywalk/install/pkg/share/pkg/local_setup.dsv
-- Installing: /home/giulia0312/easywalk/install/pkg/share/pkg/package.dsv
-- Up-to-date: /home/giulia0312/easywalk/install/pkg/share/ament_index/resource_index/packages/pkg
-- Up-to-date: /home/giulia0312/easywalk/install/pkg/share/pkg/cmake/export_pkg__rosidl_generator_cExport.cmake
-- Up-to-date: /home/giulia0312/easywalk/install/pkg/share/pkg/cmake/export_pkg__rosidl_generator_cExport-noconfig.cmake
-- Up-to-date: /home/giulia0312/easywalk/install/pkg/share/pkg/cmake/export_pkg__rosidl_typesupport_fastrtps_cExport.cmake
-- Up-to-date: /home/giulia0312/easywalk/install/pkg/share/pkg/cmake/export_pkg__rosidl_typesupport_fastrtps_cExport-noconfig.cmake
-- Up-to-date: /home/giulia0312/easywalk/install/pkg/share/pkg/cmake/export_pkg__rosidl_generator_cppExport.cmake
-- Up-to-date: /home/giulia0312/easywalk/install/pkg/share/pkg/cmake/export_pkg__rosidl_typesupport_fastrtps_cppExport.cmake
-- Up-to-date: /home/giulia0312/easywalk/install/pkg/share/pkg/cmake/export_pkg__rosidl_typesupport_fastrtps_cppExport-noconfig.cmake
-- Up-to-date: /home/giulia0312/easywalk/install/pkg/share/pkg/cmake/pkg__rosidl_typesupport_introspection_cExport.cmake
-- Up-to-date: /home/giulia0312/easywalk/install/pkg/share/pkg/cmake/pkg__rosidl_typesupport_introspection_cExport-noconfig.cmake
-- Up-to-date: /home/giulia0312/easywalk/install/pkg/share/pkg/cmake/pkg__rosidl_typesupport_cExport.cmake
-- Up-to-date: /home/giulia0312/easywalk/install/pkg/share/pkg/cmake/pkg__rosidl_typesupport_cExport-noconfig.cmake
-- Up-to-date: /home/giulia0312/easywalk/install/pkg/share/pkg/cmake/pkg__rosidl_typesupport_introspection_cppExport.cmake
-- Up-to-date: /home/giulia0312/easywalk/install/pkg/share/pkg/cmake/pkg__rosidl_typesupport_introspection_cppExport-noconfig.cmake
-- Up-to-date: /home/giulia0312/easywalk/install/pkg/share/pkg/cmake/pkg__rosidl_typesupport_cppExport.cmake
-- Up-to-date: /home/giulia0312/easywalk/install/pkg/share/pkg/cmake/pkg__rosidl_typesupport_cppExport-noconfig.cmake
-- Up-to-date: /home/giulia0312/easywalk/install/pkg/share/pkg/cmake/export_pkg__rosidl_generator_pyExport.cmake
-- Up-to-date: /home/giulia0312/easywalk/install/pkg/share/pkg/cmake/export_pkg__rosidl_generator_pyExport-noconfig.cmake
-- Up-to-date: /home/giulia0312/easywalk/install/pkg/share/pkg/cmake/rosidl_cmake-extras.cmake
-- Up-to-date: /home/giulia0312/easywalk/install/pkg/share/pkg/cmake/ament_cmake_export_dependencies-extras.cmake
-- Up-to-date: /home/giulia0312/easywalk/install/pkg/share/pkg/cmake/ament_cmake_export_include_directories-extras.cmake
-- Up-to-date: /home/giulia0312/easywalk/install/pkg/share/pkg/cmake/ament_cmake_export_libraries-extras.cmake
-- Up-to-date: /home/giulia0312/easywalk/install/pkg/share/pkg/cmake/ament_cmake_export_targets-extras.cmake
-- Up-to-date: /home/giulia0312/easywalk/install/pkg/share/pkg/cmake/rosidl_cmake_export_typesupport_targets-extras.cmake
-- Up-to-date: /home/giulia0312/easywalk/install/pkg/share/pkg/cmake/rosidl_cmake_export_typesupport_libraries-extras.cmake
-- Up-to-date: /home/giulia0312/easywalk/install/pkg/share/pkg/cmake/pkgConfig.cmake
-- Up-to-date: /home/giulia0312/easywalk/install/pkg/share/pkg/cmake/pkgConfig-version.cmake
-- Up-to-date: /home/giulia0312/easywalk/install/pkg/share/pkg/package.xml
