[01m[K/home/giulia0312/easywalk/src/loadcells_pkg/src/loadcell_publisher1.cpp:[m[K In constructor ‘[01m[KLoadcellPublisher::[01;32m[KLoadcellPublisher[m[K()[m[K’:
[01m[K/home/giulia0312/easywalk/src/loadcells_pkg/src/loadcell_publisher1.cpp:10:52:[m[K [01;31m[Kerror: [m[Kno matching function for call to ‘[01m[KHX711::SimpleHX711::SimpleHX711()[m[K’
   10 |     LoadcellPublisher() : Node("loadcell_publisher"[01;31m[K)[m[K{
      |                                                    [01;31m[K^[m[K
In file included from [01m[K/home/giulia0312/easywalk/src/loadcells_pkg/src/loadcell_publisher1.cpp:6[m[K:
[01m[K/usr/local/include/hx711/SimpleHX711.h:36:5:[m[K [01;36m[Knote: [m[Kcandidate: ‘[01m[KHX711::SimpleHX711::[01;32m[KSimpleHX711[m[K(int, int, HX711::Value, HX711::Value, HX711::Rate)[m[K’
   36 |     [01;36m[KSimpleHX711[m[K(
      |     [01;36m[K^~~~~~~~~~~[m[K
[01m[K/usr/local/include/hx711/SimpleHX711.h:36:5:[m[K [01;36m[Knote: [m[K  candidate expects 5 arguments, 0 provided
[01m[K/home/giulia0312/easywalk/src/loadcells_pkg/src/loadcell_publisher1.cpp:10:52:[m[K [01;31m[Kerror: [m[Kno matching function for call to ‘[01m[KHX711::SimpleHX711::SimpleHX711()[m[K’
   10 |     LoadcellPublisher() : Node("loadcell_publisher"[01;31m[K)[m[K{
      |                                                    [01;31m[K^[m[K
[01m[K/usr/local/include/hx711/SimpleHX711.h:36:5:[m[K [01;36m[Knote: [m[Kcandidate: ‘[01m[KHX711::SimpleHX711::[01;32m[KSimpleHX711[m[K(int, int, HX711::Value, HX711::Value, HX711::Rate)[m[K’
   36 |     [01;36m[KSimpleHX711[m[K(
      |     [01;36m[K^~~~~~~~~~~[m[K
[01m[K/usr/local/include/hx711/SimpleHX711.h:36:5:[m[K [01;36m[Knote: [m[K  candidate expects 5 arguments, 0 provided
[01m[K/home/giulia0312/easywalk/src/loadcells_pkg/src/loadcell_publisher1.cpp:10:52:[m[K [01;31m[Kerror: [m[Kno matching function for call to ‘[01m[KHX711::SimpleHX711::SimpleHX711()[m[K’
   10 |     LoadcellPublisher() : Node("loadcell_publisher"[01;31m[K)[m[K{
      |                                                    [01;31m[K^[m[K
[01m[K/usr/local/include/hx711/SimpleHX711.h:36:5:[m[K [01;36m[Knote: [m[Kcandidate: ‘[01m[KHX711::SimpleHX711::[01;32m[KSimpleHX711[m[K(int, int, HX711::Value, HX711::Value, HX711::Rate)[m[K’
   36 |     [01;36m[KSimpleHX711[m[K(
      |     [01;36m[K^~~~~~~~~~~[m[K
[01m[K/usr/local/include/hx711/SimpleHX711.h:36:5:[m[K [01;36m[Knote: [m[K  candidate expects 5 arguments, 0 provided
[01m[K/home/giulia0312/easywalk/src/loadcells_pkg/src/loadcell_publisher1.cpp:10:52:[m[K [01;31m[Kerror: [m[Kno matching function for call to ‘[01m[KHX711::SimpleHX711::SimpleHX711()[m[K’
   10 |     LoadcellPublisher() : Node("loadcell_publisher"[01;31m[K)[m[K{
      |                                                    [01;31m[K^[m[K
[01m[K/usr/local/include/hx711/SimpleHX711.h:36:5:[m[K [01;36m[Knote: [m[Kcandidate: ‘[01m[KHX711::SimpleHX711::[01;32m[KSimpleHX711[m[K(int, int, HX711::Value, HX711::Value, HX711::Rate)[m[K’
   36 |     [01;36m[KSimpleHX711[m[K(
      |     [01;36m[K^~~~~~~~~~~[m[K
[01m[K/usr/local/include/hx711/SimpleHX711.h:36:5:[m[K [01;36m[Knote: [m[K  candidate expects 5 arguments, 0 provided
gmake[2]: *** [CMakeFiles/loadcell_publisher1.dir/build.make:76: CMakeFiles/loadcell_publisher1.dir/src/loadcell_publisher1.cpp.o] Error 1
gmake[1]: *** [CMakeFiles/Makefile2:678: CMakeFiles/loadcell_publisher1.dir/all] Error 2
gmake[1]: *** Waiting for unfinished jobs....
gmake: *** [Makefile:146: all] Error 2
