-- Found ament_cmake: 2.5.6 (/opt/ros/jazzy/share/ament_cmake/cmake)
-- Found rclcpp: 28.1.18 (/opt/ros/jazzy/share/rclcpp/cmake)
-- Found rosidl_generator_c: 4.6.7 (/opt/ros/jazzy/share/rosidl_generator_c/cmake)
-- Found rosidl_generator_cpp: 4.6.7 (/opt/ros/jazzy/share/rosidl_generator_cpp/cmake)
-- Using all available rosidl_typesupport_c: rosidl_typesupport_fastrtps_c;rosidl_typesupport_introspection_c
-- Using all available rosidl_typesupport_cpp: rosidl_typesupport_fastrtps_cpp;rosidl_typesupport_introspection_cpp
-- Found rmw_implementation_cmake: 7.3.3 (/opt/ros/jazzy/share/rmw_implementation_cmake/cmake)
-- Found rmw_fastrtps_cpp: 8.4.3 (/opt/ros/jazzy/share/rmw_fastrtps_cpp/cmake)
-- Using RMW implementation 'rmw_fastrtps_cpp' as default
-- Found std_msgs: 5.3.7 (/opt/ros/jazzy/share/std_msgs/cmake)
-- Found rosidl_default_generators: 1.6.0 (/opt/ros/jazzy/share/rosidl_default_generators/cmake)
-- Found rosidl_adapter: 4.6.7 (/opt/ros/jazzy/share/rosidl_adapter/cmake)
-- Found ament_cmake_ros: 0.12.0 (/opt/ros/jazzy/share/ament_cmake_ros/cmake)
-- Using all available rosidl_typesupport_c: rosidl_typesupport_fastrtps_c;rosidl_typesupport_introspection_c
-- Using all available rosidl_typesupport_cpp: rosidl_typesupport_fastrtps_cpp;rosidl_typesupport_introspection_cpp
-- Found python_cmake_module: 0.11.1 (/opt/ros/jazzy/share/python_cmake_module/cmake)
-- Found Python3: /usr/bin/python3 (found version "3.12.3") found components: Interpreter Development NumPy Development.Module Development.Embed 
-- Found Python3: /usr/bin/python3 (found version "3.12.3") found components: Interpreter 
-- Found ament_lint_auto: 0.17.5 (/opt/ros/jazzy/share/ament_lint_auto/cmake)
-- Added test 'cppcheck' to perform static code analysis on C / C++ code
-- Configured cppcheck include dirs: 
-- Configured cppcheck exclude dirs and/or files: 
-- Added test 'flake8' to check Python code syntax and style conventions
-- Configured 'flake8' exclude dirs and/or files: 
-- Added test 'lint_cmake' to check CMake code style
-- Added test 'pep257' to check Python code against some of the docstring style conventions in PEP 257
-- Added test 'uncrustify' to check C / C++ code style
-- Configured uncrustify additional arguments: 
-- Added test 'xmllint' to check XML markup files
-- Configuring done (1.8s)
-- Generating done (0.0s)
-- Build files have been written to: /home/giulia0312/easywalk/build/loadcells_pkg
[  2%] Built target loadcells_pkg__rosidl_generator_type_description
[  5%] Built target loadcells_pkg__rs
[  5%] Built target ament_cmake_python_copy_loadcells_pkg
[  7%] Built target loadcells_pkg__cpp
[ 20%] Built target loadcells_pkg__rosidl_generator_c
[ 28%] Built target loadcells_pkg__rosidl_typesupport_c
[ 35%] Built target loadcells_pkg__rosidl_typesupport_introspection_c
[ 43%] Built target loadcells_pkg__rosidl_typesupport_fastrtps_cpp
[ 51%] Built target loadcells_pkg__rosidl_typesupport_cpp
[ 58%] Built target loadcells_pkg__rosidl_typesupport_fastrtps_c
[ 66%] Built target loadcells_pkg__rosidl_typesupport_introspection_cpp
[ 66%] Built target loadcells_pkg
[ 69%] [32mBuilding CXX object CMakeFiles/loadcell_publisher.dir/src/loadcell_publisher.cpp.o[0m
[ 71%] [32mBuilding CXX object CMakeFiles/loadcell_subscriber.dir/src/loadcell_subscriber.cpp.o[0m
[ 74%] Built target loadcells_pkg__py
[ 79%] Built target loadcells_pkg__rosidl_generator_py
[ 84%] Built target loadcells_pkg_s__rosidl_typesupport_fastrtps_c
[ 92%] Built target loadcells_pkg_s__rosidl_typesupport_introspection_c
[ 94%] Built target loadcells_pkg_s__rosidl_typesupport_c
running egg_info
writing loadcells_pkg.egg-info/PKG-INFO
writing dependency_links to loadcells_pkg.egg-info/dependency_links.txt
writing top-level names to loadcells_pkg.egg-info/top_level.txt
reading manifest file 'loadcells_pkg.egg-info/SOURCES.txt'
writing manifest file 'loadcells_pkg.egg-info/SOURCES.txt'
[ 94%] Built target ament_cmake_python_build_loadcells_pkg_egg
[ 97%] [32m[1mLinking CXX executable loadcell_publisher[0m
[ 97%] Built target loadcell_publisher
[100%] [32m[1mLinking CXX executable loadcell_subscriber[0m
[100%] Built target loadcell_subscriber
-- Install configuration: ""
-- Up-to-date: /home/giulia0312/easywalk/install/loadcells_pkg/share/ament_index/resource_index/rosidl_interfaces/loadcells_pkg
-- Up-to-date: /home/giulia0312/easywalk/install/loadcells_pkg/share/loadcells_pkg/msg/LoadcellData.json
-- Up-to-date: /home/giulia0312/easywalk/install/loadcells_pkg/include/loadcells_pkg/loadcells_pkg
-- Up-to-date: /home/giulia0312/easywalk/install/loadcells_pkg/include/loadcells_pkg/loadcells_pkg/msg
-- Up-to-date: /home/giulia0312/easywalk/install/loadcells_pkg/include/loadcells_pkg/loadcells_pkg/msg/detail
-- Up-to-date: /home/giulia0312/easywalk/install/loadcells_pkg/include/loadcells_pkg/loadcells_pkg/msg/detail/loadcell_data__struct.h
-- Up-to-date: /home/giulia0312/easywalk/install/loadcells_pkg/include/loadcells_pkg/loadcells_pkg/msg/detail/loadcell_data__functions.c
-- Up-to-date: /home/giulia0312/easywalk/install/loadcells_pkg/include/loadcells_pkg/loadcells_pkg/msg/detail/loadcell_data__description.c
-- Up-to-date: /home/giulia0312/easywalk/install/loadcells_pkg/include/loadcells_pkg/loadcells_pkg/msg/detail/loadcell_data__type_support.h
-- Up-to-date: /home/giulia0312/easywalk/install/loadcells_pkg/include/loadcells_pkg/loadcells_pkg/msg/detail/loadcell_data__functions.h
-- Up-to-date: /home/giulia0312/easywalk/install/loadcells_pkg/include/loadcells_pkg/loadcells_pkg/msg/detail/loadcell_data__type_support.c
-- Up-to-date: /home/giulia0312/easywalk/install/loadcells_pkg/include/loadcells_pkg/loadcells_pkg/msg/loadcell_data.h
-- Up-to-date: /home/giulia0312/easywalk/install/loadcells_pkg/include/loadcells_pkg/loadcells_pkg/msg/rosidl_generator_c__visibility_control.h
-- Up-to-date: /home/giulia0312/easywalk/install/loadcells_pkg/share/loadcells_pkg/environment/library_path.sh
-- Up-to-date: /home/giulia0312/easywalk/install/loadcells_pkg/share/loadcells_pkg/environment/library_path.dsv
-- Up-to-date: /home/giulia0312/easywalk/install/loadcells_pkg/lib/libloadcells_pkg__rosidl_generator_c.so
-- Up-to-date: /home/giulia0312/easywalk/install/loadcells_pkg/include/loadcells_pkg/loadcells_pkg
-- Up-to-date: /home/giulia0312/easywalk/install/loadcells_pkg/include/loadcells_pkg/loadcells_pkg/msg
-- Up-to-date: /home/giulia0312/easywalk/install/loadcells_pkg/include/loadcells_pkg/loadcells_pkg/msg/rosidl_typesupport_fastrtps_c__visibility_control.h
-- Up-to-date: /home/giulia0312/easywalk/install/loadcells_pkg/include/loadcells_pkg/loadcells_pkg/msg/detail
-- Up-to-date: /home/giulia0312/easywalk/install/loadcells_pkg/include/loadcells_pkg/loadcells_pkg/msg/detail/loadcell_data__rosidl_typesupport_fastrtps_c.h
-- Up-to-date: /home/giulia0312/easywalk/install/loadcells_pkg/lib/libloadcells_pkg__rosidl_typesupport_fastrtps_c.so
-- Up-to-date: /home/giulia0312/easywalk/install/loadcells_pkg/include/loadcells_pkg/loadcells_pkg
-- Up-to-date: /home/giulia0312/easywalk/install/loadcells_pkg/include/loadcells_pkg/loadcells_pkg/msg
-- Up-to-date: /home/giulia0312/easywalk/install/loadcells_pkg/include/loadcells_pkg/loadcells_pkg/msg/loadcell_data.hpp
-- Up-to-date: /home/giulia0312/easywalk/install/loadcells_pkg/include/loadcells_pkg/loadcells_pkg/msg/rosidl_generator_cpp__visibility_control.hpp
-- Up-to-date: /home/giulia0312/easywalk/install/loadcells_pkg/include/loadcells_pkg/loadcells_pkg/msg/detail
-- Up-to-date: /home/giulia0312/easywalk/install/loadcells_pkg/include/loadcells_pkg/loadcells_pkg/msg/detail/loadcell_data__type_support.hpp
-- Up-to-date: /home/giulia0312/easywalk/install/loadcells_pkg/include/loadcells_pkg/loadcells_pkg/msg/detail/loadcell_data__traits.hpp
-- Up-to-date: /home/giulia0312/easywalk/install/loadcells_pkg/include/loadcells_pkg/loadcells_pkg/msg/detail/loadcell_data__struct.hpp
-- Up-to-date: /home/giulia0312/easywalk/install/loadcells_pkg/include/loadcells_pkg/loadcells_pkg/msg/detail/loadcell_data__builder.hpp
-- Up-to-date: /home/giulia0312/easywalk/install/loadcells_pkg/include/loadcells_pkg/loadcells_pkg
-- Up-to-date: /home/giulia0312/easywalk/install/loadcells_pkg/include/loadcells_pkg/loadcells_pkg/msg
-- Up-to-date: /home/giulia0312/easywalk/install/loadcells_pkg/include/loadcells_pkg/loadcells_pkg/msg/rosidl_typesupport_fastrtps_cpp__visibility_control.h
-- Up-to-date: /home/giulia0312/easywalk/install/loadcells_pkg/include/loadcells_pkg/loadcells_pkg/msg/detail
-- Up-to-date: /home/giulia0312/easywalk/install/loadcells_pkg/include/loadcells_pkg/loadcells_pkg/msg/detail/loadcell_data__rosidl_typesupport_fastrtps_cpp.hpp
-- Up-to-date: /home/giulia0312/easywalk/install/loadcells_pkg/include/loadcells_pkg/loadcells_pkg/msg/detail/dds_fastrtps
-- Up-to-date: /home/giulia0312/easywalk/install/loadcells_pkg/lib/libloadcells_pkg__rosidl_typesupport_fastrtps_cpp.so
-- Up-to-date: /home/giulia0312/easywalk/install/loadcells_pkg/include/loadcells_pkg/loadcells_pkg
-- Up-to-date: /home/giulia0312/easywalk/install/loadcells_pkg/include/loadcells_pkg/loadcells_pkg/msg
-- Up-to-date: /home/giulia0312/easywalk/install/loadcells_pkg/include/loadcells_pkg/loadcells_pkg/msg/detail
-- Up-to-date: /home/giulia0312/easywalk/install/loadcells_pkg/include/loadcells_pkg/loadcells_pkg/msg/detail/loadcell_data__rosidl_typesupport_introspection_c.h
-- Up-to-date: /home/giulia0312/easywalk/install/loadcells_pkg/include/loadcells_pkg/loadcells_pkg/msg/detail/loadcell_data__type_support.c
-- Up-to-date: /home/giulia0312/easywalk/install/loadcells_pkg/include/loadcells_pkg/loadcells_pkg/msg/rosidl_typesupport_introspection_c__visibility_control.h
-- Up-to-date: /home/giulia0312/easywalk/install/loadcells_pkg/lib/libloadcells_pkg__rosidl_typesupport_introspection_c.so
-- Up-to-date: /home/giulia0312/easywalk/install/loadcells_pkg/lib/libloadcells_pkg__rosidl_typesupport_c.so
-- Up-to-date: /home/giulia0312/easywalk/install/loadcells_pkg/include/loadcells_pkg/loadcells_pkg
-- Up-to-date: /home/giulia0312/easywalk/install/loadcells_pkg/include/loadcells_pkg/loadcells_pkg/msg
-- Up-to-date: /home/giulia0312/easywalk/install/loadcells_pkg/include/loadcells_pkg/loadcells_pkg/msg/detail
-- Up-to-date: /home/giulia0312/easywalk/install/loadcells_pkg/include/loadcells_pkg/loadcells_pkg/msg/detail/loadcell_data__type_support.cpp
-- Up-to-date: /home/giulia0312/easywalk/install/loadcells_pkg/include/loadcells_pkg/loadcells_pkg/msg/detail/loadcell_data__rosidl_typesupport_introspection_cpp.hpp
-- Up-to-date: /home/giulia0312/easywalk/install/loadcells_pkg/lib/libloadcells_pkg__rosidl_typesupport_introspection_cpp.so
-- Up-to-date: /home/giulia0312/easywalk/install/loadcells_pkg/lib/libloadcells_pkg__rosidl_typesupport_cpp.so
-- Up-to-date: /home/giulia0312/easywalk/install/loadcells_pkg/share/loadcells_pkg/environment/pythonpath.sh
-- Up-to-date: /home/giulia0312/easywalk/install/loadcells_pkg/share/loadcells_pkg/environment/pythonpath.dsv
-- Up-to-date: /home/giulia0312/easywalk/install/loadcells_pkg/lib/python3.12/site-packages/loadcells_pkg-0.0.0-py3.12.egg-info
-- Installing: /home/giulia0312/easywalk/install/loadcells_pkg/lib/python3.12/site-packages/loadcells_pkg-0.0.0-py3.12.egg-info/SOURCES.txt
-- Installing: /home/giulia0312/easywalk/install/loadcells_pkg/lib/python3.12/site-packages/loadcells_pkg-0.0.0-py3.12.egg-info/PKG-INFO
-- Installing: /home/giulia0312/easywalk/install/loadcells_pkg/lib/python3.12/site-packages/loadcells_pkg-0.0.0-py3.12.egg-info/top_level.txt
-- Installing: /home/giulia0312/easywalk/install/loadcells_pkg/lib/python3.12/site-packages/loadcells_pkg-0.0.0-py3.12.egg-info/dependency_links.txt
-- Up-to-date: /home/giulia0312/easywalk/install/loadcells_pkg/lib/python3.12/site-packages/loadcells_pkg
-- Up-to-date: /home/giulia0312/easywalk/install/loadcells_pkg/lib/python3.12/site-packages/loadcells_pkg/loadcells_pkg_s__rosidl_typesupport_introspection_c.so
-- Up-to-date: /home/giulia0312/easywalk/install/loadcells_pkg/lib/python3.12/site-packages/loadcells_pkg/_loadcells_pkg_s.ep.rosidl_typesupport_c.c
-- Up-to-date: /home/giulia0312/easywalk/install/loadcells_pkg/lib/python3.12/site-packages/loadcells_pkg/loadcells_pkg_s__rosidl_typesupport_fastrtps_c.so
-- Up-to-date: /home/giulia0312/easywalk/install/loadcells_pkg/lib/python3.12/site-packages/loadcells_pkg/loadcells_pkg_s__rosidl_typesupport_c.so
-- Installing: /home/giulia0312/easywalk/install/loadcells_pkg/lib/python3.12/site-packages/loadcells_pkg/__init__.py
-- Up-to-date: /home/giulia0312/easywalk/install/loadcells_pkg/lib/python3.12/site-packages/loadcells_pkg/_loadcells_pkg_s.ep.rosidl_typesupport_introspection_c.c
-- Up-to-date: /home/giulia0312/easywalk/install/loadcells_pkg/lib/python3.12/site-packages/loadcells_pkg/_loadcells_pkg_s.ep.rosidl_typesupport_fastrtps_c.c
-- Up-to-date: /home/giulia0312/easywalk/install/loadcells_pkg/lib/python3.12/site-packages/loadcells_pkg/msg
-- Up-to-date: /home/giulia0312/easywalk/install/loadcells_pkg/lib/python3.12/site-packages/loadcells_pkg/msg/__init__.py
-- Up-to-date: /home/giulia0312/easywalk/install/loadcells_pkg/lib/python3.12/site-packages/loadcells_pkg/msg/_loadcell_data.py
-- Up-to-date: /home/giulia0312/easywalk/install/loadcells_pkg/lib/python3.12/site-packages/loadcells_pkg/msg/_loadcell_data_s.c
Listing '/home/giulia0312/easywalk/install/loadcells_pkg/lib/python3.12/site-packages/loadcells_pkg'...
Compiling '/home/giulia0312/easywalk/install/loadcells_pkg/lib/python3.12/site-packages/loadcells_pkg/__init__.py'...
Listing '/home/giulia0312/easywalk/install/loadcells_pkg/lib/python3.12/site-packages/loadcells_pkg/msg'...
-- Up-to-date: /home/giulia0312/easywalk/install/loadcells_pkg/lib/python3.12/site-packages/loadcells_pkg/loadcells_pkg_s__rosidl_typesupport_fastrtps_c.so
-- Up-to-date: /home/giulia0312/easywalk/install/loadcells_pkg/lib/python3.12/site-packages/loadcells_pkg/loadcells_pkg_s__rosidl_typesupport_introspection_c.so
-- Up-to-date: /home/giulia0312/easywalk/install/loadcells_pkg/lib/python3.12/site-packages/loadcells_pkg/loadcells_pkg_s__rosidl_typesupport_c.so
-- Up-to-date: /home/giulia0312/easywalk/install/loadcells_pkg/lib/libloadcells_pkg__rosidl_generator_py.so
-- Up-to-date: /home/giulia0312/easywalk/install/loadcells_pkg/share/ament_index/resource_index/rust_packages/loadcells_pkg
-- Up-to-date: /home/giulia0312/easywalk/install/loadcells_pkg/share/loadcells_pkg/rust
-- Up-to-date: /home/giulia0312/easywalk/install/loadcells_pkg/share/loadcells_pkg/rust/src
-- Up-to-date: /home/giulia0312/easywalk/install/loadcells_pkg/share/loadcells_pkg/rust/src/msg.rs
-- Up-to-date: /home/giulia0312/easywalk/install/loadcells_pkg/share/loadcells_pkg/rust/src/lib.rs
-- Up-to-date: /home/giulia0312/easywalk/install/loadcells_pkg/share/loadcells_pkg/rust/src/msg
-- Up-to-date: /home/giulia0312/easywalk/install/loadcells_pkg/share/loadcells_pkg/rust/src/msg/rmw.rs
-- Up-to-date: /home/giulia0312/easywalk/install/loadcells_pkg/share/loadcells_pkg/rust/build.rs
-- Up-to-date: /home/giulia0312/easywalk/install/loadcells_pkg/share/loadcells_pkg/rust/Cargo.toml
-- Up-to-date: /home/giulia0312/easywalk/install/loadcells_pkg/share/loadcells_pkg/msg/LoadcellData.idl
-- Up-to-date: /home/giulia0312/easywalk/install/loadcells_pkg/share/loadcells_pkg/msg/LoadcellData.msg
-- Installing: /home/giulia0312/easywalk/install/loadcells_pkg/lib/loadcells_pkg/loadcell_publisher
-- Set non-toolchain portion of runtime path of "/home/giulia0312/easywalk/install/loadcells_pkg/lib/loadcells_pkg/loadcell_publisher" to ""
-- Installing: /home/giulia0312/easywalk/install/loadcells_pkg/lib/loadcells_pkg/loadcell_subscriber
-- Set non-toolchain portion of runtime path of "/home/giulia0312/easywalk/install/loadcells_pkg/lib/loadcells_pkg/loadcell_subscriber" to ""
-- Up-to-date: /home/giulia0312/easywalk/install/loadcells_pkg/share/ament_index/resource_index/package_run_dependencies/loadcells_pkg
-- Installing: /home/giulia0312/easywalk/install/loadcells_pkg/share/ament_index/resource_index/parent_prefix_path/loadcells_pkg
-- Up-to-date: /home/giulia0312/easywalk/install/loadcells_pkg/share/loadcells_pkg/environment/ament_prefix_path.sh
-- Up-to-date: /home/giulia0312/easywalk/install/loadcells_pkg/share/loadcells_pkg/environment/ament_prefix_path.dsv
-- Up-to-date: /home/giulia0312/easywalk/install/loadcells_pkg/share/loadcells_pkg/environment/path.sh
-- Up-to-date: /home/giulia0312/easywalk/install/loadcells_pkg/share/loadcells_pkg/environment/path.dsv
-- Up-to-date: /home/giulia0312/easywalk/install/loadcells_pkg/share/loadcells_pkg/local_setup.bash
-- Up-to-date: /home/giulia0312/easywalk/install/loadcells_pkg/share/loadcells_pkg/local_setup.sh
-- Up-to-date: /home/giulia0312/easywalk/install/loadcells_pkg/share/loadcells_pkg/local_setup.zsh
-- Up-to-date: /home/giulia0312/easywalk/install/loadcells_pkg/share/loadcells_pkg/local_setup.dsv
-- Installing: /home/giulia0312/easywalk/install/loadcells_pkg/share/loadcells_pkg/package.dsv
-- Up-to-date: /home/giulia0312/easywalk/install/loadcells_pkg/share/ament_index/resource_index/packages/loadcells_pkg
-- Up-to-date: /home/giulia0312/easywalk/install/loadcells_pkg/share/loadcells_pkg/cmake/export_loadcells_pkg__rosidl_generator_cExport.cmake
-- Up-to-date: /home/giulia0312/easywalk/install/loadcells_pkg/share/loadcells_pkg/cmake/export_loadcells_pkg__rosidl_generator_cExport-noconfig.cmake
-- Up-to-date: /home/giulia0312/easywalk/install/loadcells_pkg/share/loadcells_pkg/cmake/export_loadcells_pkg__rosidl_typesupport_fastrtps_cExport.cmake
-- Up-to-date: /home/giulia0312/easywalk/install/loadcells_pkg/share/loadcells_pkg/cmake/export_loadcells_pkg__rosidl_typesupport_fastrtps_cExport-noconfig.cmake
-- Up-to-date: /home/giulia0312/easywalk/install/loadcells_pkg/share/loadcells_pkg/cmake/export_loadcells_pkg__rosidl_generator_cppExport.cmake
-- Up-to-date: /home/giulia0312/easywalk/install/loadcells_pkg/share/loadcells_pkg/cmake/export_loadcells_pkg__rosidl_typesupport_fastrtps_cppExport.cmake
-- Up-to-date: /home/giulia0312/easywalk/install/loadcells_pkg/share/loadcells_pkg/cmake/export_loadcells_pkg__rosidl_typesupport_fastrtps_cppExport-noconfig.cmake
-- Up-to-date: /home/giulia0312/easywalk/install/loadcells_pkg/share/loadcells_pkg/cmake/loadcells_pkg__rosidl_typesupport_introspection_cExport.cmake
-- Up-to-date: /home/giulia0312/easywalk/install/loadcells_pkg/share/loadcells_pkg/cmake/loadcells_pkg__rosidl_typesupport_introspection_cExport-noconfig.cmake
-- Up-to-date: /home/giulia0312/easywalk/install/loadcells_pkg/share/loadcells_pkg/cmake/loadcells_pkg__rosidl_typesupport_cExport.cmake
-- Up-to-date: /home/giulia0312/easywalk/install/loadcells_pkg/share/loadcells_pkg/cmake/loadcells_pkg__rosidl_typesupport_cExport-noconfig.cmake
-- Up-to-date: /home/giulia0312/easywalk/install/loadcells_pkg/share/loadcells_pkg/cmake/loadcells_pkg__rosidl_typesupport_introspection_cppExport.cmake
-- Up-to-date: /home/giulia0312/easywalk/install/loadcells_pkg/share/loadcells_pkg/cmake/loadcells_pkg__rosidl_typesupport_introspection_cppExport-noconfig.cmake
-- Up-to-date: /home/giulia0312/easywalk/install/loadcells_pkg/share/loadcells_pkg/cmake/loadcells_pkg__rosidl_typesupport_cppExport.cmake
-- Up-to-date: /home/giulia0312/easywalk/install/loadcells_pkg/share/loadcells_pkg/cmake/loadcells_pkg__rosidl_typesupport_cppExport-noconfig.cmake
-- Up-to-date: /home/giulia0312/easywalk/install/loadcells_pkg/share/loadcells_pkg/cmake/export_loadcells_pkg__rosidl_generator_pyExport.cmake
-- Up-to-date: /home/giulia0312/easywalk/install/loadcells_pkg/share/loadcells_pkg/cmake/export_loadcells_pkg__rosidl_generator_pyExport-noconfig.cmake
-- Up-to-date: /home/giulia0312/easywalk/install/loadcells_pkg/share/loadcells_pkg/cmake/rosidl_cmake-extras.cmake
-- Up-to-date: /home/giulia0312/easywalk/install/loadcells_pkg/share/loadcells_pkg/cmake/ament_cmake_export_dependencies-extras.cmake
-- Up-to-date: /home/giulia0312/easywalk/install/loadcells_pkg/share/loadcells_pkg/cmake/ament_cmake_export_include_directories-extras.cmake
-- Up-to-date: /home/giulia0312/easywalk/install/loadcells_pkg/share/loadcells_pkg/cmake/ament_cmake_export_libraries-extras.cmake
-- Up-to-date: /home/giulia0312/easywalk/install/loadcells_pkg/share/loadcells_pkg/cmake/ament_cmake_export_targets-extras.cmake
-- Up-to-date: /home/giulia0312/easywalk/install/loadcells_pkg/share/loadcells_pkg/cmake/rosidl_cmake_export_typesupport_targets-extras.cmake
-- Up-to-date: /home/giulia0312/easywalk/install/loadcells_pkg/share/loadcells_pkg/cmake/rosidl_cmake_export_typesupport_libraries-extras.cmake
-- Up-to-date: /home/giulia0312/easywalk/install/loadcells_pkg/share/loadcells_pkg/cmake/loadcells_pkgConfig.cmake
-- Up-to-date: /home/giulia0312/easywalk/install/loadcells_pkg/share/loadcells_pkg/cmake/loadcells_pkgConfig-version.cmake
-- Installing: /home/giulia0312/easywalk/install/loadcells_pkg/share/loadcells_pkg/package.xml
