[0.015s] Invoking command in '/home/giulia0312/easywalk/build/loadcells_pkg': CMAKE_PREFIX_PATH=${CMAKE_PREFIX_PATH}:/opt/ros/jazzy DEBUGINFOD_URLS=https://debuginfod.ubuntu.com /usr/bin/cmake /home/giulia0312/easywalk/src/loadcells_pkg -DCMAKE_EXPORT_COMPILE_COMMANDS=ON -DCMAKE_INSTALL_PREFIX=/home/giulia0312/easywalk/install/loadcells_pkg
[0.030s] -- Found ament_cmake: 2.5.6 (/opt/ros/jazzy/share/ament_cmake/cmake)
[0.181s] -- Found rclcpp: 28.1.18 (/opt/ros/jazzy/share/rclcpp/cmake)
[0.218s] -- Found rosidl_generator_c: 4.6.7 (/opt/ros/jazzy/share/rosidl_generator_c/cmake)
[0.231s] -- Found rosidl_generator_cpp: 4.6.7 (/opt/ros/jazzy/share/rosidl_generator_cpp/cmake)
[0.246s] -- Using all available rosidl_typesupport_c: rosidl_typesupport_fastrtps_c;rosidl_typesupport_introspection_c
[0.262s] -- Using all available rosidl_typesupport_cpp: rosidl_typesupport_fastrtps_cpp;rosidl_typesupport_introspection_cpp
[0.339s] -- Found rmw_implementation_cmake: 7.3.3 (/opt/ros/jazzy/share/rmw_implementation_cmake/cmake)
[0.341s] -- Found rmw_fastrtps_cpp: 8.4.3 (/opt/ros/jazzy/share/rmw_fastrtps_cpp/cmake)
[0.432s] -- Using RMW implementation 'rmw_fastrtps_cpp' as default
[0.521s] -- Found std_msgs: 5.3.7 (/opt/ros/jazzy/share/std_msgs/cmake)
[0.538s] -- Found rosidl_default_generators: 1.6.0 (/opt/ros/jazzy/share/rosidl_default_generators/cmake)
[0.551s] -- Found rosidl_adapter: 4.6.7 (/opt/ros/jazzy/share/rosidl_adapter/cmake)
[0.924s] -- Found ament_cmake_ros: 0.12.0 (/opt/ros/jazzy/share/ament_cmake_ros/cmake)
[1.204s] -- Using all available rosidl_typesupport_c: rosidl_typesupport_fastrtps_c;rosidl_typesupport_introspection_c
[1.317s] -- Using all available rosidl_typesupport_cpp: rosidl_typesupport_fastrtps_cpp;rosidl_typesupport_introspection_cpp
[1.319s] -- Found python_cmake_module: 0.11.1 (/opt/ros/jazzy/share/python_cmake_module/cmake)
[1.681s] -- Found Python3: /usr/bin/python3 (found version "3.12.3") found components: Interpreter Development NumPy Development.Module Development.Embed 
[1.768s] -- Found Python3: /usr/bin/python3 (found version "3.12.3") found components: Interpreter 
[1.774s] -- Found ament_lint_auto: 0.17.5 (/opt/ros/jazzy/share/ament_lint_auto/cmake)
[1.786s] -- Added test 'cppcheck' to perform static code analysis on C / C++ code
[1.786s] -- Configured cppcheck include dirs: 
[1.786s] -- Configured cppcheck exclude dirs and/or files: 
[1.787s] -- Added test 'flake8' to check Python code syntax and style conventions
[1.787s] -- Configured 'flake8' exclude dirs and/or files: 
[1.788s] -- Added test 'lint_cmake' to check CMake code style
[1.789s] -- Added test 'pep257' to check Python code against some of the docstring style conventions in PEP 257
[1.790s] -- Added test 'uncrustify' to check C / C++ code style
[1.791s] -- Configured uncrustify additional arguments: 
[1.791s] -- Added test 'xmllint' to check XML markup files
[1.794s] -- Configuring done (1.8s)
[1.800s] [31mCMake Error at CMakeLists.txt:20 (add_executable):
[1.800s]   Cannot find source file:
[1.800s] 
[1.800s]     src/loadcell_publisher
[1.800s] 
[1.801s]   Tried extensions .c .C .c++ .cc .cpp .cxx .cu .mpp .m .M .mm .ixx .cppm
[1.801s]   .ccm .cxxm .c++m .h .hh .h++ .hm .hpp .hxx .in .txx .f .F .for .f77 .f90
[1.801s]   .f95 .f03 .hip .ispc
[1.801s] 
[1.801s] [0m
[1.806s] [31mCMake Error at CMakeLists.txt:20 (add_executable):
[1.806s]   No SOURCES given to target: advanced_publisher
[1.806s] 
[1.806s] [0m
[1.806s] [0mCMake Generate step failed.  Build files cannot be regenerated correctly.[0m
[1.822s] Invoked command in '/home/giulia0312/easywalk/build/loadcells_pkg' returned '1': CMAKE_PREFIX_PATH=${CMAKE_PREFIX_PATH}:/opt/ros/jazzy DEBUGINFOD_URLS=https://debuginfod.ubuntu.com /usr/bin/cmake /home/giulia0312/easywalk/src/loadcells_pkg -DCMAKE_EXPORT_COMPILE_COMMANDS=ON -DCMAKE_INSTALL_PREFIX=/home/giulia0312/easywalk/install/loadcells_pkg
