-- Found ament_cmake: 2.5.6 (/opt/ros/jazzy/share/ament_cmake/cmake)
-- Found rclcpp: 28.1.18 (/opt/ros/jazzy/share/rclcpp/cmake)
-- Found rosidl_generator_c: 4.6.7 (/opt/ros/jazzy/share/rosidl_generator_c/cmake)
-- Found rosidl_generator_cpp: 4.6.7 (/opt/ros/jazzy/share/rosidl_generator_cpp/cmake)
-- Using all available rosidl_typesupport_c: rosidl_typesupport_fastrtps_c;rosidl_typesupport_introspection_c
-- Using all available rosidl_typesupport_cpp: rosidl_typesupport_fastrtps_cpp;rosidl_typesupport_introspection_cpp
-- Found rmw_implementation_cmake: 7.3.3 (/opt/ros/jazzy/share/rmw_implementation_cmake/cmake)
-- Found rmw_fastrtps_cpp: 8.4.3 (/opt/ros/jazzy/share/rmw_fastrtps_cpp/cmake)
-- Using RMW implementation 'rmw_fastrtps_cpp' as default
-- Found std_msgs: 5.3.7 (/opt/ros/jazzy/share/std_msgs/cmake)
-- Found rosidl_default_generators: 1.6.0 (/opt/ros/jazzy/share/rosidl_default_generators/cmake)
-- Found rosidl_adapter: 4.6.7 (/opt/ros/jazzy/share/rosidl_adapter/cmake)
-- Found ament_cmake_ros: 0.12.0 (/opt/ros/jazzy/share/ament_cmake_ros/cmake)
-- Using all available rosidl_typesupport_c: rosidl_typesupport_fastrtps_c;rosidl_typesupport_introspection_c
-- Using all available rosidl_typesupport_cpp: rosidl_typesupport_fastrtps_cpp;rosidl_typesupport_introspection_cpp
-- Found python_cmake_module: 0.11.1 (/opt/ros/jazzy/share/python_cmake_module/cmake)
-- Found Python3: /usr/bin/python3 (found version "3.12.3") found components: Interpreter Development NumPy Development.Module Development.Embed 
-- Found Python3: /usr/bin/python3 (found version "3.12.3") found components: Interpreter 
-- Found ament_lint_auto: 0.17.5 (/opt/ros/jazzy/share/ament_lint_auto/cmake)
-- Added test 'cppcheck' to perform static code analysis on C / C++ code
-- Configured cppcheck include dirs: 
-- Configured cppcheck exclude dirs and/or files: 
-- Added test 'flake8' to check Python code syntax and style conventions
-- Configured 'flake8' exclude dirs and/or files: 
-- Added test 'lint_cmake' to check CMake code style
-- Added test 'pep257' to check Python code against some of the docstring style conventions in PEP 257
-- Added test 'uncrustify' to check C / C++ code style
-- Configured uncrustify additional arguments: 
-- Added test 'xmllint' to check XML markup files
-- Configuring done (1.9s)
-- Generating done (0.0s)
-- Build files have been written to: /home/giulia0312/easywalk/build/loadcells_pkg
[  2%] Built target loadcells_pkg__rosidl_generator_type_description
[  4%] Built target loadcells_pkg__rs
[  4%] Built target ament_cmake_python_copy_loadcells_pkg
[  7%] Built target loadcells_pkg__cpp
[ 19%] Built target loadcells_pkg__rosidl_generator_c
[ 26%] Built target loadcells_pkg__rosidl_typesupport_introspection_c
[ 34%] Built target loadcells_pkg__rosidl_typesupport_fastrtps_cpp
[ 41%] Built target loadcells_pkg__rosidl_typesupport_fastrtps_c
[ 48%] Built target loadcells_pkg__rosidl_typesupport_c
[ 56%] Built target loadcells_pkg__rosidl_typesupport_introspection_cpp
[ 63%] Built target loadcells_pkg__rosidl_typesupport_cpp
[ 63%] Built target loadcells_pkg
[ 65%] [32mBuilding CXX object CMakeFiles/loadcell_publisher_advanced.dir/src/loadcell_publisher_advanced.cpp.o[0m
[ 70%] Built target loadcell_subscriber
[ 73%] [32mBuilding CXX object CMakeFiles/loadcell_publisher.dir/src/loadcell_publisher.cpp.o[0m
[ 75%] Built target loadcells_pkg__py
[ 80%] Built target loadcells_pkg__rosidl_generator_py
[ 85%] Built target loadcells_pkg_s__rosidl_typesupport_fastrtps_c
[ 90%] Built target loadcells_pkg_s__rosidl_typesupport_c
[ 95%] Built target loadcells_pkg_s__rosidl_typesupport_introspection_c
running egg_info
writing loadcells_pkg.egg-info/PKG-INFO
writing dependency_links to loadcells_pkg.egg-info/dependency_links.txt
writing top-level names to loadcells_pkg.egg-info/top_level.txt
reading manifest file 'loadcells_pkg.egg-info/SOURCES.txt'
writing manifest file 'loadcells_pkg.egg-info/SOURCES.txt'
[ 95%] Built target ament_cmake_python_build_loadcells_pkg_egg
[ 97%] [32m[1mLinking CXX executable loadcell_publisher[0m
[ 97%] Built target loadcell_publisher
