[  2%] Built target loadcells_pkg__rs
[  5%] Built target loadcells_pkg__rosidl_generator_type_description
[  5%] Built target ament_cmake_python_copy_loadcells_pkg
[  7%] Built target loadcells_pkg__cpp
[ 20%] Built target loadcells_pkg__rosidl_generator_c
[ 28%] Built target loadcells_pkg__rosidl_typesupport_introspection_c
[ 35%] Built target loadcells_pkg__rosidl_typesupport_c
[ 43%] Built target loadcells_pkg__rosidl_typesupport_cpp
[ 51%] Built target loadcells_pkg__rosidl_typesupport_introspection_cpp
[ 66%] Built target loadcells_pkg__rosidl_typesupport_fastrtps_cpp
[ 66%] Built target loadcells_pkg__rosidl_typesupport_fastrtps_c
[ 66%] Built target loadcells_pkg
[ 69%] [32mBuilding CXX object CMakeFiles/loadcell_publisher.dir/src/loadcell_publisher.cpp.o[0m
[ 74%] Built target loadcell_subscriber
[ 76%] Built target loadcells_pkg__py
[ 82%] Built target loadcells_pkg__rosidl_generator_py
[ 87%] Built target loadcells_pkg_s__rosidl_typesupport_fastrtps_c
[ 97%] Built target loadcells_pkg_s__rosidl_typesupport_introspection_c
[ 97%] Built target loadcells_pkg_s__rosidl_typesupport_c
running egg_info
writing loadcells_pkg.egg-info/PKG-INFO
writing dependency_links to loadcells_pkg.egg-info/dependency_links.txt
writing top-level names to loadcells_pkg.egg-info/top_level.txt
reading manifest file 'loadcells_pkg.egg-info/SOURCES.txt'
writing manifest file 'loadcells_pkg.egg-info/SOURCES.txt'
[ 97%] Built target ament_cmake_python_build_loadcells_pkg_egg
[01m[K/home/giulia0312/easywalk/src/loadcells_pkg/src/loadcell_publisher.cpp:[m[K In constructor ‘[01m[KLoadcellPublisher::[01;32m[KLoadcellPublisher[m[K()[m[K’:
[01m[K/home/giulia0312/easywalk/src/loadcells_pkg/src/loadcell_publisher.cpp:67:108:[m[K [01;31m[Kerror: [m[K‘[01m[KHZ_80[m[K’ was not declared in this scope; did you mean ‘[01m[KHX711::Rate::HZ_80[m[K’?
   67 |                 hx1_ = std::make_unique<HX711::SimpleHX711>(data_pin_1, clock_pin_1, ref_unit_1, offset_1, [01;31m[KHZ_80[m[K);
      |                                                                                                            [01;31m[K^~~~~[m[K
      |                                                                                                            [32m[KHX711::Rate::HZ_80[m[K
In file included from [01m[K/usr/local/include/hx711/SimpleHX711.h:29[m[K,
                 from [01m[K/home/giulia0312/easywalk/src/loadcells_pkg/src/loadcell_publisher.cpp:6[m[K:
[01m[K/usr/local/include/hx711/HX711.h:59:5:[m[K [01;36m[Knote: [m[K‘[01m[KHX711::Rate::HZ_80[m[K’ declared here
   59 |     [01;36m[KHZ_80[m[K,
      |     [01;36m[K^~~~~[m[K
gmake[2]: *** [CMakeFiles/loadcell_publisher.dir/build.make:76: CMakeFiles/loadcell_publisher.dir/src/loadcell_publisher.cpp.o] Error 1
gmake[1]: *** [CMakeFiles/Makefile2:646: CMakeFiles/loadcell_publisher.dir/all] Error 2
gmake: *** [Makefile:146: all] Error 2
