[0.018s] Invoking command in '/home/giulia0312/easywalk/build/loadcells_pkg': CMAKE_PREFIX_PATH=${CMAKE_PREFIX_PATH}:/opt/ros/jazzy DEBUGINFOD_URLS=https://debuginfod.ubuntu.com /usr/bin/cmake --build /home/giulia0312/easywalk/build/loadcells_pkg -- -j12 -l12
[0.142s] [  2%] Built target loadcells_pkg__rs
[0.144s] [  5%] Built target loadcells_pkg__rosidl_generator_type_description
[0.158s] [  5%] Built target ament_cmake_python_copy_loadcells_pkg
[0.182s] [  7%] Built target loadcells_pkg__cpp
[0.186s] [ 20%] Built target loadcells_pkg__rosidl_generator_c
[0.236s] [ 28%] Built target loadcells_pkg__rosidl_typesupport_introspection_c
[0.238s] [ 35%] Built target loadcells_pkg__rosidl_typesupport_c
[0.241s] [ 43%] Built target loadcells_pkg__rosidl_typesupport_cpp
[0.245s] [ 51%] Built target loadcells_pkg__rosidl_typesupport_introspection_cpp
[0.246s] [ 66%] Built target loadcells_pkg__rosidl_typesupport_fastrtps_cpp
[0.247s] [ 66%] Built target loadcells_pkg__rosidl_typesupport_fastrtps_c
[0.277s] [ 66%] Built target loadcells_pkg
[0.287s] [ 69%] [32mBuilding CXX object CMakeFiles/loadcell_publisher.dir/src/loadcell_publisher.cpp.o[0m
[0.288s] [ 74%] Built target loadcell_subscriber
[0.311s] [ 76%] Built target loadcells_pkg__py
[0.350s] [ 82%] Built target loadcells_pkg__rosidl_generator_py
[0.378s] [ 87%] Built target loadcells_pkg_s__rosidl_typesupport_fastrtps_c
[0.379s] [ 97%] Built target loadcells_pkg_s__rosidl_typesupport_introspection_c
[0.379s] [ 97%] Built target loadcells_pkg_s__rosidl_typesupport_c
[0.444s] running egg_info
[0.463s] writing loadcells_pkg.egg-info/PKG-INFO
[0.463s] writing dependency_links to loadcells_pkg.egg-info/dependency_links.txt
[0.463s] writing top-level names to loadcells_pkg.egg-info/top_level.txt
[0.520s] reading manifest file 'loadcells_pkg.egg-info/SOURCES.txt'
[0.521s] writing manifest file 'loadcells_pkg.egg-info/SOURCES.txt'
[0.557s] [ 97%] Built target ament_cmake_python_build_loadcells_pkg_egg
[2.943s] [01m[K/home/giulia0312/easywalk/src/loadcells_pkg/src/loadcell_publisher.cpp:[m[K In constructor ‘[01m[KLoadcellPublisher::[01;32m[KLoadcellPublisher[m[K()[m[K’:
[2.943s] [01m[K/home/giulia0312/easywalk/src/loadcells_pkg/src/loadcell_publisher.cpp:67:108:[m[K [01;31m[Kerror: [m[K‘[01m[KHZ_80[m[K’ was not declared in this scope; did you mean ‘[01m[KHX711::Rate::HZ_80[m[K’?
[2.943s]    67 |                 hx1_ = std::make_unique<HX711::SimpleHX711>(data_pin_1, clock_pin_1, ref_unit_1, offset_1, [01;31m[KHZ_80[m[K);
[2.943s]       |                                                                                                            [01;31m[K^~~~~[m[K
[2.944s]       |                                                                                                            [32m[KHX711::Rate::HZ_80[m[K
[2.944s] In file included from [01m[K/usr/local/include/hx711/SimpleHX711.h:29[m[K,
[2.944s]                  from [01m[K/home/giulia0312/easywalk/src/loadcells_pkg/src/loadcell_publisher.cpp:6[m[K:
[2.944s] [01m[K/usr/local/include/hx711/HX711.h:59:5:[m[K [01;36m[Knote: [m[K‘[01m[KHX711::Rate::HZ_80[m[K’ declared here
[2.944s]    59 |     [01;36m[KHZ_80[m[K,
[2.944s]       |     [01;36m[K^~~~~[m[K
[4.055s] gmake[2]: *** [CMakeFiles/loadcell_publisher.dir/build.make:76: CMakeFiles/loadcell_publisher.dir/src/loadcell_publisher.cpp.o] Error 1
[4.056s] gmake[1]: *** [CMakeFiles/Makefile2:646: CMakeFiles/loadcell_publisher.dir/all] Error 2
[4.056s] gmake: *** [Makefile:146: all] Error 2
[4.060s] Invoked command in '/home/giulia0312/easywalk/build/loadcells_pkg' returned '2': CMAKE_PREFIX_PATH=${CMAKE_PREFIX_PATH}:/opt/ros/jazzy DEBUGINFOD_URLS=https://debuginfod.ubuntu.com /usr/bin/cmake --build /home/giulia0312/easywalk/build/loadcells_pkg -- -j12 -l12
